12-24 11:27:14.815  1367  2615 I chatty  : uid=1000(system) Binder:1367_5 expire 1 line
12-24 11:27:14.816  1367  3772 I chatty  : uid=1000(system) Binder:1367_10 expire 1 line
12-24 11:27:14.820  1367  3183 I chatty  : uid=1000(system) Binder:1367_9 expire 5 lines
12-24 11:27:14.822  1367  7027 I chatty  : uid=1000(system) Binder:1367_1A expire 1 line
12-24 11:27:14.822  1367  4586 I chatty  : uid=1000(system) Binder:1367_14 expire 1 line
12-24 11:27:14.833  1367  3736 I chatty  : uid=1000(system) Binder:1367_C expire 1 line
12-24 11:27:19.961  1367 17358 I chatty  : uid=1000 system_server expire 1 line
12-24 11:34:50.710  1367 17404 I chatty  : uid=1000 system_server expire 1 line
12-24 11:36:30.380   917  1069 E storaged: getDiskStats failed with result NOT_SUPPORTED and size 0
12-24 11:36:30.430  1367  1382 I chatty  : uid=1000(system) ActivityManager expire 21 lines
12-24 11:36:30.533  1367  1384 I chatty  : uid=1000(system) ActivityManager expire 2 lines
12-24 11:36:31.536  1367  4596 I chatty  : uid=1000(system) Binder:1367_17 expire 3 lines
12-24 11:36:31.721  1367 11303 I chatty  : uid=1000(system) Binder:1367_1C expire 4 lines
12-24 11:38:51.802  1367 17482 I chatty  : uid=1000 system_server expire 2 lines
12-24 11:41:05.591  1367  2354 I chatty  : uid=1000(system) NetworkPolicy expire 4 lines
12-24 11:41:05.600  1367 12957 I chatty  : uid=1000(system) Binder:1367_1F expire 5 lines
12-24 11:41:05.610  1367  4585 I chatty  : uid=1000(system) Binder:1367_13 expire 5 lines
12-24 11:42:07.942  1367  3030 I chatty  : uid=1000(system) Binder:1367_7 expire 2 lines
12-24 11:45:34.010  1367  1386 I chatty  : uid=1000(system) batterystats-wo expire 8 lines
12-24 11:45:34.110  1367 17493 I chatty  : uid=1000 system_server expire 2 lines
12-24 12:05:34.723  1367 17508 I chatty  : uid=1000 system_server expire 2 lines
12-24 12:08:42.431  1367  2362 I chatty  : uid=1000(system) NsdService expire 5 lines
12-24 12:24:31.371  1367  2331 I chatty  : uid=1000(system) AlarmManager expire 3 lines
12-24 12:24:31.396  1367  4585 I chatty  : uid=1000(system) Binder:1367_13 expire 11 lines
12-24 12:24:31.431  1367  1382 I chatty  : uid=1000(system) ActivityManager expire 12 lines
12-24 12:25:35.332  1367 17564 I chatty  : uid=1000 system_server expire 1 line
12-24 12:26:07.099  1367 12957 I chatty  : uid=1000(system) Binder:1367_1F expire 5 lines
12-24 12:26:07.416  1367  1384 I chatty  : uid=1000(system) ActivityManager expire 4 lines
12-24 12:27:12.058  1367  7027 I chatty  : uid=1000(system) Binder:1367_1A expire 8 lines
12-24 12:27:13.896  1367 17709 I chatty  : uid=1000 system_server expire 1 line
12-24 12:27:14.695  1367  2340 I chatty  : uid=1000(system) InputReader expire 10 lines
12-24 12:27:14.696  1367  1367 I chatty  : uid=1000 system_server expire 13 lines
12-24 12:27:14.697  1367  1487 I chatty  : uid=1000(system) PowerManagerSer expire 27 lines
12-24 12:27:14.698  1367  2375 I chatty  : uid=1000(system) ColorBalanceThr expire 11 lines
12-24 12:27:14.738  1367  1485 I chatty  : uid=1000(system) android.display expire 8 lines
12-24 12:27:14.761  1367  3184 I chatty  : uid=1000(system) Binder:1367_A expire 2 lines
12-24 12:27:14.775  1367  1383 I chatty  : uid=1000(system) android.ui expire 12 lines
12-24 12:27:14.783  1367 11303 I chatty  : uid=1000(system) Binder:1367_1C expire 4 lines
12-24 12:27:14.794  1298  1329 D QMI_FW  : chen-screen on: is_screen_off = 0 
12-24 12:27:14.794  1280  1333 D QMI_FW  : chen-screen on: is_screen_off = 0 
12-24 12:27:14.983  1367  2354 I chatty  : uid=1000(system) NetworkPolicy expire 6 lines
12-24 12:27:27.880  1280  1333 D QMI_FW  : chen-screen off: is_screen_off = 1 
12-24 12:27:27.886  1298  1329 D QMI_FW  : chen-screen off: is_screen_off = 1 
12-24 12:27:27.907  1367 12671 I chatty  : uid=1000(system) Binder:1367_1E expire 2 lines
12-24 12:27:28.100  1367  1487 I chatty  : uid=1000(system) PowerManagerSer expire 10 lines
12-24 12:27:28.375  1367  1382 I chatty  : uid=1000(system) ActivityManager expire 13 lines
12-24 12:27:32.939  1367 17770 I chatty  : uid=1000 system_server expire 1 line
12-24 12:29:21.801  1367  1386 I chatty  : uid=1000(system) batterystats-wo expire 2 lines
12-24 12:29:21.896  1367 17773 I chatty  : uid=1000 system_server expire 1 line
12-24 12:30:46.825   917  1069 E storaged: getDiskStats failed with result NOT_SUPPORTED and size 0
12-24 12:31:12.512  1367  1367 I chatty  : uid=1000 system_server expire 17 lines
12-24 12:31:12.640  1298  1329 D QMI_FW  : chen-screen on: is_screen_off = 0 
12-24 12:31:12.643  1280  1333 D QMI_FW  : chen-screen on: is_screen_off = 0 
12-24 12:31:12.689  1367  1487 I chatty  : uid=1000(system) PowerManagerSer expire 22 lines
12-24 12:31:30.831  1367  2375 I chatty  : uid=1000(system) ColorBalanceThr expire 7 lines
12-24 12:31:30.981  1367  2432 I chatty  : uid=1000(system) Binder:1367_4 expire 4 lines
12-24 12:31:30.982  1280  1333 D QMI_FW  : chen-screen off: is_screen_off = 1 
12-24 12:31:30.984  1298  1329 D QMI_FW  : chen-screen off: is_screen_off = 1 
12-24 12:31:31.183  1367  1487 I chatty  : uid=1000(system) PowerManagerSer expire 15 lines
12-24 12:31:31.532  1367  1382 I chatty  : uid=1000(system) ActivityManager expire 2 lines
12-24 12:31:35.321  1367  2340 I chatty  : uid=1000(system) InputReader expire 2 lines
12-24 12:31:35.395  1280  1333 D QMI_FW  : chen-screen on: is_screen_off = 0 
12-24 12:31:35.398  1298  1329 D QMI_FW  : chen-screen on: is_screen_off = 0 
12-24 12:31:35.408  1367 13882 I chatty  : uid=1000(system) Binder:1367_20 expire 3 lines
12-24 12:31:35.446  1367  1367 I chatty  : uid=1000 system_server expire 6 lines
12-24 12:31:37.757  1367  3183 I chatty  : uid=1000(system) Binder:1367_9 expire 4 lines
12-24 12:31:38.675  1367  2896 I chatty  : uid=1000(system) BluetoothRouteM expire 1 line
12-24 12:31:38.676  1367  2897 I chatty  : uid=1000(system) uteStateMachine expire 10 lines
12-24 12:31:38.764  1367  4585 I chatty  : uid=1000(system) Binder:1367_13 expire 5 lines
12-24 12:31:38.838  1367  3183 I chatty  : uid=1000(system) Binder:1367_9 expire 8 lines
12-24 12:31:38.913  1367  1367 I chatty  : uid=1000 system_server expire 60 lines
12-24 12:31:39.511  1367  2432 I chatty  : uid=1000(system) Binder:1367_4 expire 7 lines
12-24 12:31:40.254  1367  3773 I chatty  : uid=1000(system) Binder:1367_11 expire 5 lines
12-24 12:31:40.299  1367 12671 I chatty  : uid=1000(system) Binder:1367_1E expire 6 lines
12-24 12:31:41.064  1367 12957 I chatty  : uid=1000(system) Binder:1367_1F expire 7 lines
12-24 12:31:41.087  2474  2474 V KeyguardDisplayManager: hide
12-24 12:31:41.095  1367  3106 I chatty  : uid=1000(system) Binder:1367_8 expire 7 lines
12-24 12:31:41.110  1367  1380 I chatty  : uid=1000(system) android.bg expire 2 lines
12-24 12:31:41.275  1367 13882 I chatty  : uid=1000(system) Binder:1367_20 expire 1 line
12-24 12:31:41.316  1367  1382 I chatty  : uid=1000(system) ActivityManager expire 6 lines
12-24 12:31:41.320  1367  2346 I chatty  : uid=1000(system) OIMC expire 4 lines
12-24 12:31:41.321  1367  2331 I chatty  : uid=1000(system) AlarmManager expire 17 lines
12-24 12:31:42.136  1367  2369 I chatty  : uid=1000(system) AudioService expire 1 line
12-24 12:31:43.394  1367  2340 I chatty  : uid=1000(system) InputReader expire 3 lines
12-24 12:31:43.395  1367  1487 I chatty  : uid=1000(system) PowerManagerSer expire 12 lines
12-24 12:31:43.407  1367  7027 I chatty  : uid=1000(system) Binder:1367_1A expire 1 line
12-24 12:31:43.459  1367  2375 I chatty  : uid=1000(system) ColorBalanceThr expire 3 lines
12-24 12:31:43.544  1367  1485 I chatty  : uid=1000(system) android.display expire 1 line
12-24 12:31:43.572  1298  1329 D QMI_FW  : chen-screen off: is_screen_off = 1 
12-24 12:31:43.575  1280  1333 D QMI_FW  : chen-screen off: is_screen_off = 1 
12-24 12:31:43.637  1367  1384 I chatty  : uid=1000(system) ActivityManager expire 17 lines
12-24 12:31:43.789  1367  2337 I chatty  : uid=1000(system) Binder:1367_3 expire 5 lines
12-24 12:31:43.804  1367 11303 I chatty  : uid=1000(system) Binder:1367_1C expire 4 lines
12-24 12:31:43.807  1367  1483 I chatty  : uid=1000(system) android.fg expire 2 lines
12-24 12:31:43.904  2474  2474 V KeyguardStatusView: refresh statusview showing:true
12-24 12:31:43.908  2474  2474 V KeyguardDisplayManager: show
12-24 12:31:44.564  4369  4369 W ContextImpl: Calling a method in the system process without a qualified user: android.app.ContextImpl.sendBroadcast:1008 android.content.ContextWrapper.sendBroadcast:444 com.oneplus.security.SecureService$b.onReceive:188 android.app.LoadedApk$ReceiverDispatcher$Args.lambda$getRunnable$0:1424 android.app.-$$Lambda$LoadedApk$ReceiverDispatcher$Args$_BumDX2UKsnxLVrE6UJsJZkotuA.run:2 
12-24 12:31:44.596  4369  4369 I chatty  : uid=1000(system) com.oneplus.security identical 1 line
12-24 12:31:44.599  4369  4369 W ContextImpl: Calling a method in the system process without a qualified user: android.app.ContextImpl.sendBroadcast:1008 android.content.ContextWrapper.sendBroadcast:444 com.oneplus.security.SecureService$b.onReceive:188 android.app.LoadedApk$ReceiverDispatcher$Args.lambda$getRunnable$0:1424 android.app.-$$Lambda$LoadedApk$ReceiverDispatcher$Args$_BumDX2UKsnxLVrE6UJsJZkotuA.run:2 
12-24 12:31:44.611  4369  4369 W ContextImpl: Calling a method in the system process without a qualified user: android.app.ContextImpl.sendBroadcast:1008 android.content.ContextWrapper.sendBroadcast:444 com.oneplus.security.SecureService$b.onReceive:188 android.app.LoadedApk$ReceiverDispatcher$Args.lambda$getRunnable$0:1424 android.app.-$$Lambda$LoadedApk$ReceiverDispatcher$Args$_BumDX2UKsnxLVrE6UJsJZkotuA.run:2 
12-24 12:31:44.629  4369  4369 W ContextImpl: Calling a method in the system process without a qualified user: android.app.ContextImpl.sendBroadcast:1008 android.content.ContextWrapper.sendBroadcast:444 com.oneplus.security.SecureService$b.onReceive:188 android.app.LoadedApk$ReceiverDispatcher$Args.lambda$getRunnable$0:1424 android.app.-$$Lambda$LoadedApk$ReceiverDispatcher$Args$_BumDX2UKsnxLVrE6UJsJZkotuA.run:2 
12-24 12:31:44.639  4369  4369 W ContextImpl: Calling a method in the system process without a qualified user: android.app.ContextImpl.sendBroadcast:1008 android.content.ContextWrapper.sendBroadcast:444 com.oneplus.security.SecureService$b.onReceive:188 android.app.LoadedApk$ReceiverDispatcher$Args.lambda$getRunnable$0:1424 android.app.-$$Lambda$LoadedApk$ReceiverDispatcher$Args$_BumDX2UKsnxLVrE6UJsJZkotuA.run:2 
12-24 12:31:44.649  4369  4369 W ContextImpl: Calling a method in the system process without a qualified user: android.app.ContextImpl.sendBroadcast:1008 android.content.ContextWrapper.sendBroadcast:444 com.oneplus.security.SecureService$b.onReceive:188 android.app.LoadedApk$ReceiverDispatcher$Args.lambda$getRunnable$0:1424 android.app.-$$Lambda$LoadedApk$ReceiverDispatcher$Args$_BumDX2UKsnxLVrE6UJsJZkotuA.run:2 
12-24 12:31:44.654  4369  4369 W ContextImpl: Calling a method in the system process without a qualified user: android.app.ContextImpl.sendBroadcast:1008 android.content.ContextWrapper.sendBroadcast:444 com.oneplus.security.SecureService$b.onReceive:188 android.app.LoadedApk$ReceiverDispatcher$Args.lambda$getRunnable$0:1424 android.app.-$$Lambda$LoadedApk$ReceiverDispatcher$Args$_BumDX2UKsnxLVrE6UJsJZkotuA.run:2 
12-24 12:31:44.760  1367  2360 I chatty  : uid=1000(system) ConnectivitySer expire 117 lines
12-24 12:31:45.072  1367  3184 I chatty  : uid=1000(system) Binder:1367_A expire 3 lines
12-24 12:31:45.450  4369  4369 W ContextImpl: Calling a method in the system process without a qualified user: android.app.ContextImpl.sendBroadcast:1008 android.content.ContextWrapper.sendBroadcast:444 com.oneplus.security.SecureService$b.onReceive:188 android.app.LoadedApk$ReceiverDispatcher$Args.lambda$getRunnable$0:1424 android.app.-$$Lambda$LoadedApk$ReceiverDispatcher$Args$_BumDX2UKsnxLVrE6UJsJZkotuA.run:2 
12-24 12:31:45.519  1367  2354 I chatty  : uid=1000(system) NetworkPolicy expire 8 lines
12-24 12:31:45.532  4369  4369 W ContextImpl: Calling a method in the system process without a qualified user: android.app.ContextImpl.sendBroadcast:1008 android.content.ContextWrapper.sendBroadcast:444 com.oneplus.security.SecureService$b.onReceive:188 android.app.LoadedApk$ReceiverDispatcher$Args.lambda$getRunnable$0:1424 android.app.-$$Lambda$LoadedApk$ReceiverDispatcher$Args$_BumDX2UKsnxLVrE6UJsJZkotuA.run:2 
12-24 12:31:46.454  1367  3736 I chatty  : uid=1000(system) Binder:1367_C expire 2 lines
12-24 12:31:46.467 19236 19236 D ActivityThread: Loading provider com.whatsapp.provider.contact: com.whatsapp.contact.ContactProvider
12-24 12:31:46.801  1367  3761 I chatty  : uid=1000(system) Binder:1367_E expire 2 lines
12-24 12:31:46.815 18797 19418 E ActivityThread: Failed to find provider info for com.facebook.katana.provider.AttributionIdProvider
12-24 12:31:47.141  1367  3760 I chatty  : uid=1000(system) Binder:1367_D expire 3 lines
12-24 12:31:47.984  1367  2615 I chatty  : uid=1000(system) Binder:1367_5 expire 10 lines
12-24 12:31:49.138  1367 11303 I chatty  : uid=1000(system) Binder:1367_1C expire 1 line
12-24 12:31:49.320  1367  1384 I chatty  : uid=1000(system) ActivityManager expire 11 lines
12-24 12:31:49.422  1367  3760 I chatty  : uid=1000(system) Binder:1367_D expire 2 lines
12-24 12:31:50.790  1367  2331 I chatty  : uid=1000(system) AlarmManager expire 12 lines
12-24 12:31:54.450  1367  1386 I chatty  : uid=1000(system) batterystats-wo expire 6 lines
12-24 12:31:54.483  1367  2354 I chatty  : uid=1000(system) NetworkPolicy expire 18 lines
12-24 12:31:54.513  1367 20048 I chatty  : uid=1000 system_server expire 5 lines
12-24 12:31:58.365  1367  2337 I chatty  : uid=1000(system) Binder:1367_3 expire 5 lines
12-24 12:31:58.700  1367  3769 I chatty  : uid=1000(system) Binder:1367_F expire 7 lines
12-24 12:31:58.821  1367  7027 I chatty  : uid=1000(system) Binder:1367_1A expire 5 lines
12-24 12:31:59.902  1367  1382 I chatty  : uid=1000(system) ActivityManager expire 36 lines
12-24 12:32:00.030  1367 20214 I chatty  : uid=1000 system_server expire 5 lines
12-24 12:32:02.052  1367  3736 I chatty  : uid=1000(system) Binder:1367_C expire 5 lines
12-24 12:32:03.635  1367  4585 I chatty  : uid=1000(system) Binder:1367_13 expire 6 lines
12-24 12:32:03.731  1367 12671 I chatty  : uid=1000(system) Binder:1367_1E expire 7 lines
12-24 12:32:04.280 17257 20488 E ActivityThread: Failed to find provider info for com.facebook.katana.provider.AttributionIdProvider
12-24 12:32:05.684  1367  3772 I chatty  : uid=1000(system) Binder:1367_10 expire 4 lines
12-24 12:32:05.780  1367 20602 I chatty  : uid=1000 system_server expire 2 lines
12-24 12:32:06.505 20723 20723 D ActivityThread: Loading provider com.google.android.gm.sapi: com.google.android.gm.sapi.SapiUiProvider
12-24 12:32:06.679  1367  3106 I chatty  : uid=1000(system) Binder:1367_8 expire 3 lines
12-24 12:32:06.832  1367 12957 I chatty  : uid=1000(system) Binder:1367_1F expire 1 line
12-24 12:32:07.505  1367  3773 I chatty  : uid=1000(system) Binder:1367_11 expire 2 lines
12-24 12:32:07.539  1367  2354 I chatty  : uid=1000(system) NetworkPolicy expire 18 lines
12-24 12:32:07.544  1367  4492 I chatty  : uid=1000(system) Binder:1367_12 expire 2 lines
12-24 12:32:07.578  1367  2710 I chatty  : uid=1000(system) Binder:1367_6 expire 3 lines
12-24 12:32:07.590  1367  1378 I chatty  : uid=1000(system) Binder:1367_2 expire 4 lines
12-24 12:32:09.276  1367  4596 I chatty  : uid=1000(system) Binder:1367_17 expire 6 lines
12-24 12:32:09.379  1367  6994 I chatty  : uid=1000(system) Binder:1367_19 expire 2 lines
12-24 12:32:09.380  1367  2360 I chatty  : uid=1000(system) ConnectivitySer expire 7 lines
12-24 12:32:09.500  1367  8819 I chatty  : uid=1000(system) Binder:1367_1B expire 3 lines
12-24 12:32:09.571  1367 13882 I chatty  : uid=1000(system) Binder:1367_20 expire 4 lines
12-24 12:32:09.811  1367  1384 I chatty  : uid=1000(system) ActivityManager expire 17 lines
12-24 12:32:10.267   917  1069 E storaged: getDiskStats failed with result NOT_SUPPORTED and size 0
12-24 12:32:10.510  1367  1382 I chatty  : uid=1000(system) ActivityManager expire 7 lines
12-24 12:32:11.322  1367  2331 I chatty  : uid=1000(system) AlarmManager expire 3 lines
12-24 12:32:12.852  1367  4593 I chatty  : uid=1000(system) Binder:1367_16 expire 4 lines
12-24 12:32:12.902  1367 21234 I chatty  : uid=1000 system_server expire 4 lines
12-24 12:32:12.976  1367  4597 I chatty  : uid=1000(system) Binder:1367_18 expire 5 lines
12-24 12:32:13.027  1367  2432 I chatty  : uid=1000(system) Binder:1367_4 expire 1 line
12-24 12:32:14.734  1367  1367 I chatty  : uid=1000 system_server expire 2 lines
12-24 12:32:17.984  1367 21292 I chatty  : uid=1000 system_server expire 3 lines
12-24 12:32:24.171  1367 21336 I chatty  : uid=1000 system_server expire 3 lines
12-24 12:32:28.103  1367  3735 I chatty  : uid=1000(system) Binder:1367_B expire 1 line
12-24 12:32:28.103  1367  3184 I chatty  : uid=1000(system) Binder:1367_A expire 1 line
12-24 12:32:31.171  1367 21345 I chatty  : uid=1000(system) Binder:21333_2 expire 2 lines
12-24 12:32:36.427  1367 21429 I chatty  : uid=1000(system) pool-1-thread-4 expire 2 lines
12-24 12:32:38.703  1367  3030 I chatty  : uid=1000(system) Binder:1367_7 expire 2 lines
12-24 12:32:38.758  1367  2360 I chatty  : uid=1000(system) ConnectivitySer expire 2 lines
12-24 12:32:41.791  1367  1384 I chatty  : uid=1000(system) ActivityManager expire 1 line
12-24 12:32:43.786  1367  1386 I chatty  : uid=1000(system) batterystats-wo expire 8 lines
12-24 12:32:43.864  1367 21451 I chatty  : uid=1000 system_server expire 2 lines
12-24 12:32:54.926  1367 21458 I chatty  : uid=1000 system_server expire 2 lines
12-24 12:32:59.981  1367  8819 I chatty  : uid=1000(system) Binder:1367_1B expire 1 line
12-24 12:33:00.000  1367  2331 I chatty  : uid=1000(system) AlarmManager expire 10 lines
12-24 12:33:04.946  1367 21487 I chatty  : uid=1000 system_server expire 3 lines
12-24 12:33:10.268   917  1069 E storaged: getDiskStats failed with result NOT_SUPPORTED and size 0
12-24 12:33:13.425  1367 21510 I chatty  : uid=1000 system_server expire 2 lines
12-24 12:33:18.672  1367  1382 I chatty  : uid=1000(system) ActivityManager expire 16 lines
12-24 12:33:25.245  1367 21513 I chatty  : uid=1000 system_server expire 3 lines
12-24 12:33:30.888  1367 21518 I chatty  : uid=1000 system_server expire 2 lines
12-24 12:33:43.164  1367 21522 I chatty  : uid=1000 system_server expire 3 lines
12-24 12:33:48.885  1367 21526 I chatty  : uid=1000 system_server expire 2 lines
12-24 12:33:55.008  1367 21527 I chatty  : uid=1000 system_server expire 2 lines
12-24 12:34:05.065  1367 21531 I chatty  : uid=1000 system_server expire 2 lines
12-24 12:34:10.271   917  1069 E storaged: getDiskStats failed with result NOT_SUPPORTED and size 0
12-24 12:34:15.043  1367 21551 I chatty  : uid=1000 system_server expire 2 lines
12-24 12:34:25.064  1367 21556 I chatty  : uid=1000 system_server expire 2 lines
12-24 12:34:35.044  1367 21560 I chatty  : uid=1000 system_server expire 2 lines
12-24 12:34:45.081  1367 21577 I chatty  : uid=1000 system_server expire 2 lines
12-24 12:34:55.124  1367 21581 I chatty  : uid=1000 system_server expire 2 lines
12-24 12:35:05.088  1367 21583 I chatty  : uid=1000 system_server expire 2 lines
12-24 12:35:10.274   917  1069 E storaged: getDiskStats failed with result NOT_SUPPORTED and size 0
12-24 12:35:15.124  1367 21598 I chatty  : uid=1000(system) embryo expire 2 lines
12-24 12:35:25.103  1367 21600 I chatty  : uid=1000 system_server expire 2 lines
12-24 12:35:35.149  1367 21602 I chatty  : uid=1000 system_server expire 2 lines
12-24 12:35:45.128  1367 21624 I chatty  : uid=1000 system_server expire 2 lines
12-24 12:35:55.152  1367 21628 I chatty  : uid=1000(system) Signal Catcher expire 2 lines
12-24 12:36:05.142  1367 21631 I chatty  : uid=1000(system) FinalizerWatchd expire 2 lines
12-24 12:36:10.275   917  1069 E storaged: getDiskStats failed with result NOT_SUPPORTED and size 0
12-24 12:36:11.996  1367  2331 I chatty  : uid=1000(system) AlarmManager expire 12 lines
12-24 12:36:12.012  1367  1380 I chatty  : uid=1000(system) android.bg expire 2 lines
12-24 12:36:12.073  1367  7027 I chatty  : uid=1000(system) Binder:1367_1A expire 2 lines
12-24 12:36:12.117  1367  2353 I chatty  : uid=1000(system) NetworkStats expire 1 line
12-24 12:36:12.127  1367  2354 I chatty  : uid=1000(system) NetworkPolicy expire 2 lines
12-24 12:36:12.133  1367  3183 I chatty  : uid=1000(system) Binder:1367_9 expire 1 line
12-24 12:36:12.290  1367 11303 I chatty  : uid=1000(system) Binder:1367_1C expire 3 lines
12-24 12:36:12.358  1367  1378 I chatty  : uid=1000(system) Binder:1367_2 expire 4 lines
12-24 12:36:15.227  1367 21705 I chatty  : uid=1000(system) GlobalDispatchi expire 2 lines
12-24 12:36:22.099  1367  2393 I chatty  : uid=1000(system) OPBackgroundThr expire 12 lines
12-24 12:36:44.447  1367  1367 I chatty  : uid=1000 system_server expire 6 lines
12-24 12:36:44.488  1367  3735 I chatty  : uid=1000(system) Binder:1367_B expire 1 line
12-24 12:36:49.523  1367 21742 I chatty  : uid=1000 system_server expire 2 lines
12-24 12:37:10.276   917  1069 E storaged: getDiskStats failed with result NOT_SUPPORTED and size 0
12-24 12:37:12.630  1367  2331 I chatty  : uid=1000(system) AlarmManager expire 5 lines
12-24 12:37:17.745  1367 21768 I chatty  : uid=1000 system_server expire 2 lines
12-24 12:38:10.277   917  1069 E storaged: getDiskStats failed with result NOT_SUPPORTED and size 0
12-24 12:38:17.971  1367 21814 I chatty  : uid=1000 system_server expire 2 lines
12-24 12:38:19.438  1367  1382 I chatty  : uid=1000(system) ActivityManager expire 354 lines
12-24 12:39:04.113  1367  3183 I chatty  : uid=1000(system) Binder:1367_9 expire 2 lines
12-24 12:39:04.115  1367  1383 I chatty  : uid=1000(system) android.ui expire 1 line
12-24 12:39:04.178  1367  6994 I chatty  : uid=1000(system) Binder:1367_19 expire 1 line
12-24 12:39:04.178  1367 12463 I chatty  : uid=1000(system) Binder:1367_1D expire 1 line
12-24 12:39:04.178  1367  2360 I chatty  : uid=1000(system) ConnectivitySer expire 3 lines
12-24 12:39:04.192  1367  4597 I chatty  : uid=1000(system) Binder:1367_18 expire 2 lines
12-24 12:39:04.192  1367  4592 I chatty  : uid=1000(system) Binder:1367_15 expire 1 line
12-24 12:39:05.067  1367  1384 I chatty  : uid=1000(system) ActivityManager expire 12 lines
12-24 12:39:09.250  1367 22087 I chatty  : uid=1000 system_server expire 3 lines
12-24 12:39:10.279   917  1069 E storaged: getDiskStats failed with result NOT_SUPPORTED and size 0
12-24 12:39:13.184  1367  2331 I chatty  : uid=1000(system) AlarmManager expire 10 lines
12-24 12:39:13.203  1367  2432 I chatty  : uid=1000(system) Binder:1367_4 expire 4 lines
12-24 12:39:13.595 21919 22131 E ActivityThread: Failed to find provider info for com.facebook.katana.provider.AttributionIdProvider
12-24 12:39:14.613  1367  4597 I chatty  : uid=1000(system) Binder:1367_18 expire 4 lines
12-24 12:39:14.712  1367  1380 I chatty  : uid=1000(system) android.bg expire 6 lines
12-24 12:39:15.938  1367  3769 I chatty  : uid=1000(system) Binder:1367_F expire 1 line
12-24 12:39:16.703  1367  2615 I chatty  : uid=1000(system) Binder:1367_5 expire 3 lines
12-24 12:39:16.983  1367  1382 I chatty  : uid=1000(system) ActivityManager expire 12 lines
12-24 12:39:20.917  1367  1386 I chatty  : uid=1000(system) batterystats-wo expire 12 lines
12-24 12:39:20.971  1367 22372 I chatty  : uid=1000 system_server expire 7 lines
12-24 12:39:27.766  1367 22381 I chatty  : uid=1000 system_server expire 2 lines
12-24 12:40:10.281   917  1069 E storaged: getDiskStats failed with result NOT_SUPPORTED and size 0
12-24 12:40:14.542  1367  1382 I chatty  : uid=1000(system) ActivityManager expire 18 lines
12-24 12:40:15.281  1367 13882 I chatty  : uid=1000(system) Binder:1367_20 expire 3 lines
12-24 12:40:15.348  1367  1384 I chatty  : uid=1000(system) ActivityManager expire 4 lines
12-24 12:40:15.355  1367  2337 I chatty  : uid=1000(system) Binder:1367_3 expire 5 lines
12-24 12:40:19.641  1367 22553 I chatty  : uid=1000 system_server expire 3 lines
12-24 12:40:25.327  1367 22559 I chatty  : uid=1000 system_server expire 2 lines
12-24 12:41:10.282   917  1069 E storaged: getDiskStats failed with result NOT_SUPPORTED and size 0
12-24 12:41:20.525  1367 22594 I chatty  : uid=1000(system) RenderThread expire 2 lines
12-24 12:42:10.291   917  1069 E storaged: getDiskStats failed with result NOT_SUPPORTED and size 0
12-24 12:42:15.664  1367  2331 I chatty  : uid=1000(system) AlarmManager expire 11 lines
12-24 12:42:19.115 22667 22685 D ActivityThread: Loading provider com.microsoft.intune.common.preferences: com.microsoft.intune.common.settings.implementation.RxPreferencesContentProvider
12-24 12:42:20.038 22630 22812 E ActivityThread: Failed to find provider info for com.facebook.katana.provider.AttributionIdProvider
12-24 12:42:20.736  1367 22842 I chatty  : uid=1000(system) Signal Catcher expire 3 lines
12-24 12:42:25.902  1367 22862 I chatty  : uid=1000(system) Thread-4 expire 3 lines
12-24 12:42:31.060  1367 22870 I chatty  : uid=1000(system) Thread-11 expire 2 lines
12-24 12:42:45.822  1367 22878 I chatty  : uid=1000 system_server expire 2 lines
12-24 12:42:55.802  1367 22886 I chatty  : uid=1000(system) HeapTaskDaemon expire 2 lines
12-24 12:43:05.820  1367 22889 I chatty  : uid=1000(system) Binder:22873_2 expire 2 lines
12-24 12:43:10.293   917  1069 E storaged: getDiskStats failed with result NOT_SUPPORTED and size 0
12-24 12:43:15.787  1367 22893 I chatty  : uid=1000 system_server expire 2 lines
12-24 12:43:25.984  1367 22912 I chatty  : uid=1000(system) initCrit2-1 expire 3 lines
12-24 12:43:35.844  1367 22916 I chatty  : uid=1000(system) yt-background1- expire 2 lines
12-24 12:43:45.921  1367 22920 I chatty  : uid=1000(system) yt-critical3-3 expire 2 lines
12-24 12:43:55.902  1367 22925 I chatty  : uid=1000(system) yt-background1- expire 2 lines
12-24 12:44:05.963  1367 22936 I chatty  : uid=1000(system) yt-background1- expire 2 lines
12-24 12:44:10.296   917  1069 E storaged: getDiskStats failed with result NOT_SUPPORTED and size 0
12-24 12:44:15.926  1367 22941 I chatty  : uid=1000 system_server expire 2 lines
12-24 12:44:21.324  1367 22951 I chatty  : uid=1000(system) cronet9-4 expire 2 lines
12-24 12:44:28.382  1367 22956 I chatty  : uid=1000(system) cronet11-4 expire 2 lines
12-24 12:44:35.961  1367 22960 I chatty  : uid=1000(system) yt-background1- expire 2 lines
12-24 12:44:45.959  1367 22963 I chatty  : uid=1000 system_server expire 2 lines
12-24 12:44:56.006  1367 22966 I chatty  : uid=1000(system) MemoryInfra expire 2 lines
12-24 12:45:05.986  1367 22972 I chatty  : uid=1000 system_server expire 2 lines
12-24 12:45:10.297   917  1069 E storaged: getDiskStats failed with result NOT_SUPPORTED and size 0
12-24 12:45:16.022  1367 22975 I chatty  : uid=1000(system) yt-background1- expire 2 lines
12-24 12:45:16.452  1367  2331 I chatty  : uid=1000(system) AlarmManager expire 12 lines
12-24 12:45:21.537  1367 22997 I chatty  : uid=1000(system) pool-14-thread- expire 2 lines
12-24 12:45:36.007  1367 23003 I chatty  : uid=1000 system_server expire 2 lines
12-24 12:45:46.074  1367 23005 I chatty  : uid=1000(system) mediaReq18-1 expire 2 lines
12-24 12:45:56.043  1367 23011 I chatty  : uid=1000(system) ChoreographerOw expire 2 lines
12-24 12:46:06.077  1367 23015 I chatty  : uid=1000 system_server expire 2 lines
12-24 12:46:10.300   917  1069 E storaged: getDiskStats failed with result NOT_SUPPORTED and size 0
12-24 12:46:16.045  1367 23019 I chatty  : uid=1000(system) pool-17-thread- expire 2 lines
12-24 12:46:21.803  1367 23037 I chatty  : uid=1000(system) RxIoScheduler-1 expire 2 lines
12-24 12:46:36.084  1367 23042 I chatty  : uid=1000 system_server expire 2 lines
12-24 12:46:46.118  1367 23045 I chatty  : uid=1000(system) pool-22-thread- expire 2 lines
12-24 12:46:56.103  1367 23047 I chatty  : uid=1000(system) Okio Watchdog expire 2 lines
12-24 12:47:06.123  1367 23050 I chatty  : uid=1000 system_server expire 2 lines
12-24 12:47:10.302   917  1069 E storaged: getDiskStats failed with result NOT_SUPPORTED and size 0
12-24 12:47:16.161  1367 23053 I chatty  : uid=1000 system_server expire 2 lines
12-24 12:47:22.080  1367 23072 I chatty  : uid=1000 system_server expire 2 lines
12-24 12:47:36.181  1367 23078 I chatty  : uid=1000 system_server expire 2 lines
12-24 12:47:46.163  1367 23081 I chatty  : uid=1000 system_server expire 2 lines
12-24 12:47:53.582  1367 23087 I chatty  : uid=1000 system_server expire 2 lines
12-24 12:48:06.244  1367 23092 I chatty  : uid=1000 system_server expire 2 lines
12-24 12:48:10.304   917  1069 E storaged: getDiskStats failed with result NOT_SUPPORTED and size 0
12-24 12:48:16.244  1367 23094 I chatty  : uid=1000 system_server expire 2 lines
12-24 12:48:20.876  1367  1382 I chatty  : uid=1000(system) ActivityManager expire 14 lines
12-24 12:48:26.602  1367 23105 I chatty  : uid=1000 system_server expire 3 lines
12-24 12:48:36.298  1367 23110 I chatty  : uid=1000 system_server expire 2 lines
12-24 12:48:46.321  1367 23113 I chatty  : uid=1000 system_server expire 2 lines
12-24 12:48:56.301  1367 23117 I chatty  : uid=1000 system_server expire 2 lines
12-24 12:49:06.320  1367 23120 I chatty  : uid=1000 system_server expire 2 lines
12-24 12:49:10.305   917  1069 E storaged: getDiskStats failed with result NOT_SUPPORTED and size 0
12-24 12:49:16.303  1367 23122 I chatty  : uid=1000 system_server expire 2 lines
12-24 12:49:17.526  1367  2331 I chatty  : uid=1000(system) AlarmManager expire 2 lines
12-24 12:49:22.625  1367 23141 I chatty  : uid=1000 system_server expire 2 lines
12-24 12:49:36.324  1367 23147 I chatty  : uid=1000 system_server expire 3 lines
12-24 12:49:46.304  1367 23149 I chatty  : uid=1000 system_server expire 2 lines
12-24 12:49:51.753  1367  1382 I chatty  : uid=1000(system) ActivityManager expire 12 lines
12-24 12:50:00.000  1367  2331 I chatty  : uid=1000(system) AlarmManager expire 10 lines
12-24 12:50:06.364  1367 23157 I chatty  : uid=1000 system_server expire 2 lines
12-24 12:50:10.307   917  1069 E storaged: getDiskStats failed with result NOT_SUPPORTED and size 0
12-24 12:50:15.587  1367 23164 I chatty  : uid=1000(system) FinalizerDaemon expire 2 lines
12-24 12:50:22.943  1367 23174 I chatty  : uid=1000 system_server expire 2 lines
12-24 12:50:36.421  1367 23178 I chatty  : uid=1000(system) Jit thread pool expire 2 lines
12-24 12:50:37.203  1367  3184 I chatty  : uid=1000(system) Binder:1367_A expire 6 lines
12-24 12:50:37.212  1367  1367 I chatty  : uid=1000 system_server expire 14 lines
12-24 12:50:41.426  1367  2340 I chatty  : uid=1000(system) InputReader expire 5 lines
12-24 12:50:41.430  1367  1487 I chatty  : uid=1000(system) PowerManagerSer expire 21 lines
12-24 12:50:41.435  1367  2375 I chatty  : uid=1000(system) ColorBalanceThr expire 7 lines
12-24 12:50:41.475  1367  1485 I chatty  : uid=1000(system) android.display expire 3 lines
12-24 12:50:41.494  1367  2337 I chatty  : uid=1000(system) Binder:1367_3 expire 6 lines
12-24 12:50:41.494  1367  1383 I chatty  : uid=1000(system) android.ui expire 4 lines
12-24 12:50:41.517  1298  1329 D QMI_FW  : chen-screen on: is_screen_off = 0 
12-24 12:50:41.519  1280  1333 D QMI_FW  : chen-screen on: is_screen_off = 0 
12-24 12:50:41.596  1367  2432 I chatty  : uid=1000(system) Binder:1367_4 expire 13 lines
12-24 12:50:41.694  1367  2354 I chatty  : uid=1000(system) NetworkPolicy expire 4 lines
12-24 12:50:41.720  1367  4597 I chatty  : uid=1000(system) Binder:1367_18 expire 8 lines
12-24 12:50:48.066  2474  2474 V KeyguardDisplayManager: hide
12-24 12:50:48.066  1367  1367 I chatty  : uid=1000 system_server expire 21 lines
12-24 12:50:48.101  1367  8819 I chatty  : uid=1000(system) Binder:1367_1B expire 3 lines
12-24 12:50:48.108  1367  1382 I chatty  : uid=1000(system) ActivityManager expire 11 lines
12-24 12:50:48.111  1367  2346 I chatty  : uid=1000(system) OIMC expire 4 lines
12-24 12:50:48.146  1367  4593 I chatty  : uid=1000(system) Binder:1367_16 expire 2 lines
12-24 12:50:48.158  1367  1378 I chatty  : uid=1000(system) Binder:1367_2 expire 3 lines
12-24 12:50:48.180  1367  1384 I chatty  : uid=1000(system) ActivityManager expire 6 lines
12-24 12:50:48.986 23360 23360 D ActivityThread: Loading provider com.google.android.gm.sapi: com.google.android.gm.sapi.SapiUiProvider
12-24 12:50:57.667  1280  1333 D QMI_FW  : chen-screen off: is_screen_off = 1 
12-24 12:50:57.667  1298  1329 D QMI_FW  : chen-screen off: is_screen_off = 1 
12-24 12:50:57.882  1367  1487 I chatty  : uid=1000(system) PowerManagerSer expire 3 lines
12-24 12:50:57.891  1367  2615 I chatty  : uid=1000(system) Binder:1367_5 expire 2 lines
12-24 12:50:57.913  1367  1483 I chatty  : uid=1000(system) android.fg expire 2 lines
12-24 12:50:58.002  2474  2474 V KeyguardStatusView: refresh statusview showing:true
12-24 12:50:58.008  2474  2474 V KeyguardDisplayManager: show
12-24 12:51:02.705  1367 23791 I chatty  : uid=1000 system_server expire 3 lines
12-24 12:51:09.201  1367 23793 I chatty  : uid=1000(system) Binder:23757_1 expire 2 lines
12-24 12:51:10.310   917  1069 E storaged: getDiskStats failed with result NOT_SUPPORTED and size 0
12-24 12:51:16.523  1367 23794 I chatty  : uid=1000(system) Binder:23757_2 expire 2 lines
12-24 12:51:26.487  1367 23803 I chatty  : uid=1000(system) Binder:23172_4 expire 3 lines
12-24 12:51:26.690  1367  1382 I chatty  : uid=1000(system) ActivityManager expire 7 lines
12-24 12:51:31.681  1367 23815 I chatty  : uid=1000 system_server expire 4 lines
12-24 12:51:46.583  1367 23819 I chatty  : uid=1000(system) Binder:23637_4 expire 2 lines
12-24 12:51:46.796  1367 13882 I chatty  : uid=1000(system) Binder:1367_20 expire 1 line
12-24 12:51:51.667  1367 23866 I chatty  : uid=1000 system_server expire 3 lines
12-24 12:51:57.008  1367 23874 I chatty  : uid=1000 system_server expire 2 lines
12-24 12:52:06.563  1367 23877 I chatty  : uid=1000 system_server expire 2 lines
12-24 12:52:06.955  1367  1367 I chatty  : uid=1000 system_server expire 23 lines
12-24 12:52:10.311   917  1069 E storaged: getDiskStats failed with result NOT_SUPPORTED and size 0
12-24 12:52:16.584  1367 23880 I chatty  : uid=1000 system_server expire 2 lines
12-24 12:52:24.485  1367 23885 I chatty  : uid=1000(system) GAC_Executor[1] expire 3 lines
12-24 12:52:31.065  1367 23891 I chatty  : uid=1000 system_server expire 2 lines
12-24 12:52:36.586  1367 23901 I chatty  : uid=1000(system) ExUtils-F-P10-1 expire 2 lines
12-24 12:52:46.623  1367 23903 I chatty  : uid=1000 system_server expire 2 lines
12-24 12:52:49.430  1367  2331 I chatty  : uid=1000(system) AlarmManager expire 4 lines
12-24 12:52:52.059  1367  2432 I chatty  : uid=1000(system) Binder:1367_4 expire 3 lines
12-24 12:52:54.524  1367 23978 I chatty  : uid=1000 system_server expire 4 lines
12-24 12:53:04.366  1367 23993 I chatty  : uid=1000 system_server expire 2 lines
12-24 12:53:10.313   917  1069 E storaged: getDiskStats failed with result NOT_SUPPORTED and size 0
12-24 12:53:20.786  1367  1367 I chatty  : uid=1000 system_server expire 10 lines
12-24 12:53:20.791  1367  2896 I chatty  : uid=1000(system) BluetoothRouteM expire 1 line
12-24 12:53:20.800  1367  2897 I chatty  : uid=1000(system) uteStateMachine expire 12 lines
12-24 12:53:21.550  1367  1382 I chatty  : uid=1000(system) ActivityManager expire 14 lines
12-24 12:53:22.896  1367  3184 I chatty  : uid=1000(system) Binder:1367_A expire 3 lines
12-24 12:53:22.900  1367  1383 I chatty  : uid=1000(system) android.ui expire 1 line
12-24 12:53:25.720  1367  2331 I chatty  : uid=1000(system) AlarmManager expire 24 lines
12-24 12:53:25.803  1367  4593 I chatty  : uid=1000(system) Binder:1367_16 expire 13 lines
12-24 12:53:27.947  1367 24027 I chatty  : uid=1000 system_server expire 1 line
12-24 12:53:52.810  1367  2432 I chatty  : uid=1000(system) Binder:1367_4 expire 3 lines
12-24 12:53:54.848  1367 24150 I chatty  : uid=1000(system) NonUserFacing11 expire 1 line
12-24 12:54:10.316   917  1069 E storaged: getDiskStats failed with result NOT_SUPPORTED and size 0
12-24 12:54:52.883  1367  1380 I chatty  : uid=1000(system) android.bg expire 4 lines
12-24 12:54:52.957  1367  2337 I chatty  : uid=1000(system) Binder:1367_3 expire 13 lines
12-24 12:54:52.958  1367 13882 I chatty  : uid=1000(system) Binder:1367_20 expire 6 lines
12-24 12:55:18.146  1367  1382 I chatty  : uid=1000(system) ActivityManager expire 13 lines
12-24 12:55:53.650  1367  2615 I chatty  : uid=1000(system) Binder:1367_5 expire 6 lines
12-24 12:56:52.471  1367 24219 I chatty  : uid=1000 system_server expire 5 lines
12-24 12:59:56.001  1367  2393 I chatty  : uid=1000(system) OPBackgroundThr expire 12 lines
12-24 13:00:10.316  1367 24237 I chatty  : uid=1000 system_server expire 6 lines
12-24 13:00:58.358  1367  8819 I chatty  : uid=1000(system) Binder:1367_1B expire 4 lines
12-24 13:00:58.492  1367  1384 I chatty  : uid=1000(system) ActivityManager expire 7 lines
12-24 13:01:02.193  1367  2354 I chatty  : uid=1000(system) NetworkPolicy expire 8 lines
12-24 13:01:02.793 24321 24436 E ActivityThread: Failed to find provider info for com.facebook.katana.provider.AttributionIdProvider
12-24 13:01:03.411  1367 24539 I chatty  : uid=1000 system_server expire 4 lines
12-24 13:01:03.744   917  1069 E storaged: getDiskStats failed with result NOT_SUPPORTED and size 0
12-24 13:01:06.728  1367  2331 I chatty  : uid=1000(system) AlarmManager expire 41 lines
12-24 13:01:48.465  1367  1382 I chatty  : uid=1000(system) ActivityManager expire 17 lines
12-24 13:01:48.526  1367 24576 I chatty  : uid=1000 system_server expire 5 lines
12-24 13:04:01.277  1367 24595 I chatty  : uid=1000(system) ACQueueManager expire 4 lines
12-24 13:06:00.157  1367 24605 I chatty  : uid=1000(system) OM_DEFAULT_EXEC expire 1 line
12-24 13:07:02.056  1367  1367 I chatty  : uid=1000 system_server expire 1 line
12-24 13:08:02.958  1367  3183 I chatty  : uid=1000(system) Binder:1367_9 expire 8 lines
12-24 13:09:17.629  1367 24618 I chatty  : uid=1000 system_server expire 3 lines
12-24 13:11:04.923  1367  4597 I chatty  : uid=1000(system) Binder:1367_18 expire 1 line
12-24 13:12:05.723  1367 12957 I chatty  : uid=1000(system) Binder:1367_1F expire 2 lines
12-24 13:12:07.393  1367 24686 I chatty  : uid=1000 system_server expire 3 lines
12-24 13:12:09.284  1367  4596 I chatty  : uid=1000(system) Binder:1367_17 expire 1 line
12-24 13:12:09.312  1367  3772 I chatty  : uid=1000(system) Binder:1367_10 expire 2 lines
12-24 13:12:09.313  1367  2360 I chatty  : uid=1000(system) ConnectivitySer expire 1 line
12-24 13:12:10.812  1367 12671 I chatty  : uid=1000(system) Binder:1367_1E expire 3 lines
12-24 13:12:10.919  1367  2331 I chatty  : uid=1000(system) AlarmManager expire 30 lines
12-24 13:12:11.553  1367  3772 I chatty  : uid=1000(system) Binder:1367_10 expire 3 lines
12-24 13:12:12.360  1367  1384 I chatty  : uid=1000(system) ActivityManager expire 14 lines
12-24 13:12:41.246  1367  1386 I chatty  : uid=1000(system) batterystats-wo expire 6 lines
12-24 13:12:41.285  1367  1382 I chatty  : uid=1000(system) ActivityManager expire 16 lines
12-24 13:12:41.334  1367 24926 I chatty  : uid=1000 system_server expire 3 lines
12-24 13:13:06.274  1367  2337 I chatty  : uid=1000(system) Binder:1367_3 expire 3 lines
12-24 13:14:09.348  1367  3760 I chatty  : uid=1000(system) Binder:1367_D expire 2 lines
12-24 13:16:10.352  1367  3106 I chatty  : uid=1000(system) Binder:1367_8 expire 1 line
12-24 13:16:10.606  1367 24948 I chatty  : uid=1000 system_server expire 3 lines
12-24 13:20:13.078  1367 24956 I chatty  : uid=1000 system_server expire 2 lines
12-24 13:20:36.919  1367  1367 I chatty  : uid=1000 system_server expire 17 lines
12-24 13:20:47.265  1367 24964 I chatty  : uid=1000 system_server expire 1 line
12-24 13:21:13.463  1367  1380 I chatty  : uid=1000(system) android.bg expire 2 lines
12-24 13:21:15.943  1367 24974 I chatty  : uid=1000 system_server expire 1 line
12-24 13:21:16.121   917  1069 E storaged: getDiskStats failed with result NOT_SUPPORTED and size 0
12-24 13:22:14.141  1367  2331 I chatty  : uid=1000(system) AlarmManager expire 24 lines
12-24 13:22:14.208  1367  1382 I chatty  : uid=1000(system) ActivityManager expire 23 lines
12-24 13:23:14.890  1367  4596 I chatty  : uid=1000(system) Binder:1367_17 expire 10 lines
12-24 13:25:37.913  1367 24985 I chatty  : uid=1000 system_server expire 2 lines
12-24 13:26:49.692  1367 24995 I chatty  : uid=1000 system_server expire 2 lines
12-24 13:27:20.643  1367  4585 I chatty  : uid=1000(system) Binder:1367_13 expire 5 lines
12-24 13:27:20.807  1367  7027 I chatty  : uid=1000(system) Binder:1367_1A expire 1 line
12-24 13:27:20.854  1367  2710 I chatty  : uid=1000(system) Binder:1367_6 expire 7 lines
12-24 13:27:21.013  1367  4586 I chatty  : uid=1000(system) Binder:1367_14 expire 4 lines
12-24 13:27:21.045  1367  6994 I chatty  : uid=1000(system) Binder:1367_19 expire 3 lines
12-24 13:27:21.327  1367  2615 I chatty  : uid=1000(system) Binder:1367_5 expire 3 lines
12-24 13:27:22.006  1367  3769 I chatty  : uid=1000(system) Binder:1367_F expire 2 lines
12-24 13:27:22.254  1367 13882 I chatty  : uid=1000(system) Binder:1367_20 expire 7 lines
12-24 13:27:22.816  1367  4593 I chatty  : uid=1000(system) Binder:1367_16 expire 2 lines
12-24 13:27:23.076 25503 25503 D ActivityThread: Loading provider com.whatsapp.provider.contact: com.whatsapp.contact.ContactProvider
12-24 13:27:23.183  1367  3184 I chatty  : uid=1000(system) Binder:1367_A expire 4 lines
12-24 13:27:23.582  1367  1384 I chatty  : uid=1000(system) ActivityManager expire 8 lines
12-24 13:27:23.881 25480 26018 E ActivityThread: Failed to find provider info for com.facebook.katana.provider.AttributionIdProvider
12-24 13:27:23.974  1367  3736 I chatty  : uid=1000(system) Binder:1367_C expire 1 line
12-24 13:27:24.115  1367  4592 I chatty  : uid=1000(system) Binder:1367_15 expire 1 line
12-24 13:27:24.182  1367  2331 I chatty  : uid=1000(system) AlarmManager expire 23 lines
12-24 13:27:24.712  1367 12463 I chatty  : uid=1000(system) Binder:1367_1D expire 10 lines
12-24 13:27:29.356  1367 26341 I chatty  : uid=1000 system_server expire 2 lines
12-24 13:27:45.832  1367  2362 I chatty  : uid=1000(system) NsdService expire 3 lines
12-24 13:28:04.272  1367 26385 I chatty  : uid=1000 system_server expire 2 lines
12-24 13:31:24.797  1367 26414 I chatty  : uid=1000 system_server expire 2 lines
12-24 13:32:27.630  1367  3773 I chatty  : uid=1000(system) Binder:1367_11 expire 6 lines
12-24 13:32:27.646  1367  3769 I chatty  : uid=1000(system) Binder:1367_F expire 3 lines
12-24 13:32:30.322  1367  1384 I chatty  : uid=1000(system) ActivityManager expire 32 lines
12-24 13:33:27.766  1367  2331 I chatty  : uid=1000(system) AlarmManager expire 40 lines
12-24 13:33:27.854  1367 26582 I chatty  : uid=1000(system) kworker/0:1 expire 2 lines
12-24 13:33:27.864  1367  1382 I chatty  : uid=1000(system) ActivityManager expire 35 lines
12-24 13:35:28.995   917  1069 E storaged: getDiskStats failed with result NOT_SUPPORTED and size 0
12-24 13:35:29.089  1367  3106 I chatty  : uid=1000(system) Binder:1367_8 expire 10 lines
12-24 13:35:33.628  1367 26592 I chatty  : uid=1000 system_server expire 2 lines
12-24 13:36:29.654  1367  4592 I chatty  : uid=1000(system) Binder:1367_15 expire 4 lines
12-24 13:36:29.815  1367  4585 I chatty  : uid=1000(system) Binder:1367_13 expire 3 lines
12-24 13:39:31.506  1367 26727 I chatty  : uid=1000 system_server expire 2 lines
12-24 13:39:31.573  1367  2354 I chatty  : uid=1000(system) NetworkPolicy expire 20 lines
12-24 13:39:31.577  1367  3183 I chatty  : uid=1000(system) Binder:1367_9 expire 7 lines
12-24 13:39:31.828  1367  2615 I chatty  : uid=1000(system) Binder:1367_5 expire 7 lines
12-24 13:39:32.205  1367  2362 I chatty  : uid=1000(system) NsdService expire 3 lines
12-24 13:39:32.270  1367  1367 I chatty  : uid=1000 system_server expire 2 lines
12-24 13:39:32.295  1367  4593 I chatty  : uid=1000(system) Binder:1367_16 expire 1 line
12-24 13:39:32.296  1367  2360 I chatty  : uid=1000(system) ConnectivitySer expire 7 lines
12-24 13:40:34.050  1367 27042 I chatty  : uid=1000 system_server expire 2 lines
12-24 13:41:32.893  1367  1386 I chatty  : uid=1000(system) batterystats-wo expire 4 lines
12-24 13:41:32.918  1367  2710 I chatty  : uid=1000(system) Binder:1367_6 expire 5 lines
12-24 13:42:32.667  1367 27068 I chatty  : uid=1000 system_server expire 2 lines
12-24 13:43:33.363  1367 11303 I chatty  : uid=1000(system) Binder:1367_1C expire 2 lines
12-24 13:43:33.363  1367  3735 I chatty  : uid=1000(system) Binder:1367_B expire 7 lines
12-24 13:43:34.399  1367  3736 I chatty  : uid=1000(system) Binder:1367_C expire 2 lines
12-24 13:43:34.518  1367  7027 I chatty  : uid=1000(system) Binder:1367_1A expire 6 lines
12-24 13:43:35.172  1367  4597 I chatty  : uid=1000(system) Binder:1367_18 expire 4 lines
12-24 13:43:35.680  1367 27534 I chatty  : uid=1000 system_server expire 3 lines
12-24 13:43:37.038  1367  4596 I chatty  : uid=1000(system) Binder:1367_17 expire 4 lines
12-24 13:43:37.226  1367  2337 I chatty  : uid=1000(system) Binder:1367_3 expire 1 line
12-24 13:43:38.116  1367  3772 I chatty  : uid=1000(system) Binder:1367_10 expire 3 lines
12-24 13:43:38.564  1367 13882 I chatty  : uid=1000(system) Binder:1367_20 expire 3 lines
12-24 13:43:38.564  1367  6994 I chatty  : uid=1000(system) Binder:1367_19 expire 1 line
12-24 13:43:39.652  1367  1378 I chatty  : uid=1000(system) Binder:1367_2 expire 1 line
12-24 13:43:39.743  1367  3030 I chatty  : uid=1000(system) Binder:1367_7 expire 3 lines
12-24 13:43:39.887 28303 28876 E ActivityThread: Failed to find provider info for com.facebook.katana.provider.AttributionIdProvider
12-24 13:43:40.161  1367  1384 I chatty  : uid=1000(system) ActivityManager expire 4 lines
12-24 13:43:40.335  1367  8819 I chatty  : uid=1000(system) Binder:1367_1B expire 2 lines
12-24 13:43:41.009  1367  1382 I chatty  : uid=1000(system) ActivityManager expire 4 lines
12-24 13:43:43.432  1367 29468 I chatty  : uid=1000 system_server expire 4 lines
12-24 13:43:43.502  1367  2331 I chatty  : uid=1000(system) AlarmManager expire 12 lines
12-24 13:43:48.566  1367 29519 I chatty  : uid=1000 system_server expire 3 lines
12-24 13:43:49.835  1367  2354 I chatty  : uid=1000(system) NetworkPolicy expire 26 lines
12-24 13:43:49.836  1367  1382 I chatty  : uid=1000(system) ActivityManager expire 19 lines
12-24 13:43:54.141  1367 29534 I chatty  : uid=1000 system_server expire 1 line
12-24 13:43:58.862  1367  3772 I chatty  : uid=1000(system) Binder:1367_10 expire 1 line
12-24 13:43:58.885  1367  3735 I chatty  : uid=1000(system) Binder:1367_B expire 2 lines
12-24 13:43:58.885  1367  4597 I chatty  : uid=1000(system) Binder:1367_18 expire 1 line
12-24 13:43:58.886  1367  2360 I chatty  : uid=1000(system) ConnectivitySer expire 1 line
12-24 13:43:59.344  1367 29547 I chatty  : uid=1000 system_server expire 1 line
12-24 13:44:00.434  1367  4596 I chatty  : uid=1000(system) Binder:1367_17 expire 2 lines
12-24 13:44:01.915  1367  1384 I chatty  : uid=1000(system) ActivityManager expire 11 lines
12-24 13:44:01.992  1367  2362 I chatty  : uid=1000(system) NsdService expire 2 lines
12-24 13:44:02.004  1367 13882 I chatty  : uid=1000(system) Binder:1367_20 expire 1 line
12-24 13:44:02.360  1367  4593 I chatty  : uid=1000(system) Binder:1367_16 expire 3 lines
12-24 13:44:02.442  1367  6994 I chatty  : uid=1000(system) Binder:1367_19 expire 2 lines
12-24 13:44:05.120  1367 29599 I chatty  : uid=1000 system_server expire 1 line
12-24 13:44:11.144   917  1069 E storaged: getDiskStats failed with result NOT_SUPPORTED and size 0
12-24 13:44:22.720  1367  1382 I chatty  : uid=1000(system) ActivityManager expire 19 lines
12-24 13:44:33.496  1367 29711 I chatty  : uid=1000 system_server expire 1 line
12-24 13:44:33.576  1367  4592 I chatty  : uid=1000(system) Binder:1367_15 expire 5 lines
12-24 13:44:42.881  1367  7027 I chatty  : uid=1000(system) Binder:1367_1A expire 2 lines
12-24 13:44:42.896  1367  1380 I chatty  : uid=1000(system) android.bg expire 2 lines
12-24 13:44:42.989  1367  3736 I chatty  : uid=1000(system) Binder:1367_C expire 1 line
12-24 13:44:43.923  1367 11303 I chatty  : uid=1000(system) Binder:1367_1C expire 3 lines
12-24 13:44:44.147  1367 29809 I chatty  : uid=1000 system_server expire 1 line
12-24 13:44:49.033  1367  3769 I chatty  : uid=1000(system) Binder:1367_F expire 2 lines
12-24 13:45:37.747  1367  1367 I chatty  : uid=1000 system_server expire 3 lines
12-24 13:45:41.433  1367 29837 I chatty  : uid=1000 system_server expire 2 lines
12-24 13:45:41.542  1367  2432 I chatty  : uid=1000(system) Binder:1367_4 expire 1 line
12-24 13:45:41.848 29663 29882 E ActivityThread: Failed to find provider info for com.facebook.katana.provider.AttributionIdProvider
12-24 13:45:42.818  1367  1384 I chatty  : uid=1000(system) ActivityManager expire 2 lines
12-24 13:45:43.835  1367  3184 I chatty  : uid=1000(system) Binder:1367_A expire 1 line
12-24 13:45:43.971  1367  3773 I chatty  : uid=1000(system) Binder:1367_11 expire 1 line
12-24 13:45:43.973  1367  1382 I chatty  : uid=1000(system) ActivityManager expire 101 lines
12-24 13:45:44.049  1367  2331 I chatty  : uid=1000(system) AlarmManager expire 11 lines
12-24 13:46:42.084  1367  2615 I chatty  : uid=1000(system) Binder:1367_5 expire 1 line
12-24 13:47:35.422  1367 30096 I chatty  : uid=1000(system) AudioThread expire 3 lines
12-24 13:48:41.978  1367  1386 I chatty  : uid=1000(system) batterystats-wo expire 1 line
12-24 13:49:43.722  1367  3106 I chatty  : uid=1000(system) Binder:1367_8 expire 2 lines
12-24 13:50:44.331  1367 30112 I chatty  : uid=1000 system_server expire 3 lines
12-24 13:50:44.706  1367  1382 I chatty  : uid=1000(system) ActivityManager expire 250 lines
