12-24 15:13:47.763 26556 26556 W ViewRootImpl[MessageDetailsActivity]: Dropping event due to no window focus: MotionEvent { action=ACTION_MOVE, actionButton=0, id[0]=0, x[0]=1041.0, y[0]=1799.0, toolType[0]=TOOL_TYPE_FINGER, buttonState=0, metaState=0, flags=0x0, edgeFlags=0x0, pointerCount=1, historySize=0, eventTime=180876601, downTime=180871127, deviceId=7, source=0x1002 }
12-24 15:13:47.830 26556 26556 W ViewRootImpl[MessageDetailsActivity]: Dropping event due to no window focus: MotionEvent { action=ACTION_MOVE, actionButton=0, id[0]=0, x[0]=1040.0, y[0]=1798.0, toolType[0]=TOOL_TYPE_FINGER, buttonState=0, metaState=0, flags=0x0, edgeFlags=0x0, pointerCount=1, historySize=0, eventTime=180876669, downTime=180871127, deviceId=7, source=0x1002 }
12-24 15:13:47.863 26556 26556 W ViewRootImpl[MessageDetailsActivity]: Dropping event due to no window focus: MotionEvent { action=ACTION_MOVE, actionButton=0, id[0]=0, x[0]=1037.1261, y[0]=1795.1261, toolType[0]=TOOL_TYPE_FINGER, buttonState=0, metaState=0, flags=0x0, edgeFlags=0x0, pointerCount=1, historySize=2, eventTime=180876711, downTime=180871127, deviceId=7, source=0x1002 }
12-24 15:13:47.880 26556 26556 W ViewRootImpl[MessageDetailsActivity]: Dropping event due to no window focus: MotionEvent { action=ACTION_MOVE, actionButton=0, id[0]=0, x[0]=1037.0, y[0]=1794.1047, toolType[0]=TOOL_TYPE_FINGER, buttonState=0, metaState=0, flags=0x0, edgeFlags=0x0, pointerCount=1, historySize=1, eventTime=180876728, downTime=180871127, deviceId=7, source=0x1002 }
12-24 15:13:47.897 26556 26556 W ViewRootImpl[MessageDetailsActivity]: Dropping event due to no window focus: MotionEvent { action=ACTION_MOVE, actionButton=0, id[0]=0, x[0]=1037.0, y[0]=1793.5409, toolType[0]=TOOL_TYPE_FINGER, buttonState=0, metaState=0, flags=0x0, edgeFlags=0x0, pointerCount=1, historySize=1, eventTime=180876738, downTime=180871127, deviceId=7, source=0x1002 }
12-24 15:13:47.930 26556 26556 W ViewRootImpl[MessageDetailsActivity]: Dropping event due to no window focus: MotionEvent { action=ACTION_MOVE, actionButton=0, id[0]=0, x[0]=1036.0, y[0]=1794.0, toolType[0]=TOOL_TYPE_FINGER, buttonState=0, metaState=0, flags=0x0, edgeFlags=0x0, pointerCount=1, historySize=0, eventTime=180876776, downTime=180871127, deviceId=7, source=0x1002 }
12-24 15:13:47.980 26556 26556 W ViewRootImpl[MessageDetailsActivity]: Dropping event due to no window focus: MotionEvent { action=ACTION_MOVE, actionButton=0, id[0]=0, x[0]=1035.0, y[0]=1793.0, toolType[0]=TOOL_TYPE_FINGER, buttonState=0, metaState=0, flags=0x0, edgeFlags=0x0, pointerCount=1, historySize=0, eventTime=180876812, downTime=180871127, deviceId=7, source=0x1002 }
12-24 15:13:47.997 26556 26556 W ViewRootImpl[MessageDetailsActivity]: Dropping event due to no window focus: MotionEvent { action=ACTION_MOVE, actionButton=0, id[0]=0, x[0]=1034.0, y[0]=1793.0, toolType[0]=TOOL_TYPE_FINGER, buttonState=0, metaState=0, flags=0x0, edgeFlags=0x0, pointerCount=1, historySize=0, eventTime=180876843, downTime=180871127, deviceId=7, source=0x1002 }
12-24 15:13:48.080 26556 26556 W ViewRootImpl[MessageDetailsActivity]: Dropping event due to no window focus: MotionEvent { action=ACTION_MOVE, actionButton=0, id[0]=0, x[0]=1033.0, y[0]=1793.0, toolType[0]=TOOL_TYPE_FINGER, buttonState=0, metaState=0, flags=0x0, edgeFlags=0x0, pointerCount=1, historySize=0, eventTime=180876928, downTime=180871127, deviceId=7, source=0x1002 }
12-24 15:13:48.097 26556 26556 W ViewRootImpl[MessageDetailsActivity]: Dropping event due to no window focus: MotionEvent { action=ACTION_MOVE, actionButton=0, id[0]=0, x[0]=1033.0, y[0]=1791.5, toolType[0]=TOOL_TYPE_FINGER, buttonState=0, metaState=0, flags=0x0, edgeFlags=0x0, pointerCount=1, historySize=1, eventTime=180876941, downTime=180871127, deviceId=7, source=0x1002 }
12-24 15:13:53.640 26556 26556 W ViewRootImpl[MessageDetailsActivity]: Dropping event due to no window focus: MotionEvent { action=ACTION_MOVE, actionButton=0, id[0]=0, x[0]=1033.0, y[0]=1791.0, toolType[0]=TOOL_TYPE_FINGER, buttonState=0, metaState=0, flags=0x0, edgeFlags=0x0, pointerCount=1, historySize=0, eventTime=180882471, downTime=180871127, deviceId=7, source=0x1002 }
12-24 15:13:53.740 26556 26556 W ViewRootImpl[MessageDetailsActivity]: Dropping event due to no window focus: MotionEvent { action=ACTION_MOVE, actionButton=0, id[0]=0, x[0]=1033.0, y[0]=1790.0, toolType[0]=TOOL_TYPE_FINGER, buttonState=0, metaState=0, flags=0x0, edgeFlags=0x0, pointerCount=1, historySize=0, eventTime=180882583, downTime=180871127, deviceId=7, source=0x1002 }
12-24 15:13:53.774 26556 26556 W ViewRootImpl[MessageDetailsActivity]: Dropping event due to no window focus: MotionEvent { action=ACTION_MOVE, actionButton=0, id[0]=0, x[0]=1034.0, y[0]=1790.0, toolType[0]=TOOL_TYPE_FINGER, buttonState=0, metaState=0, flags=0x0, edgeFlags=0x0, pointerCount=1, historySize=0, eventTime=180882611, downTime=180871127, deviceId=7, source=0x1002 }
12-24 15:13:54.057 26556 26556 W ViewRootImpl[MessageDetailsActivity]: Dropping event due to no window focus: MotionEvent { action=ACTION_MOVE, actionButton=0, id[0]=0, x[0]=1034.0, y[0]=1789.0, toolType[0]=TOOL_TYPE_FINGER, buttonState=0, metaState=0, flags=0x0, edgeFlags=0x0, pointerCount=1, historySize=0, eventTime=180882894, downTime=180871127, deviceId=7, source=0x1002 }
12-24 15:13:55.509 26556 26556 W ViewRootImpl[MessageDetailsActivity]: Dropping event due to no window focus: MotionEvent { action=ACTION_MOVE, actionButton=0, id[0]=0, x[0]=1032.2975, y[0]=1788.0, toolType[0]=TOOL_TYPE_FINGER, buttonState=0, metaState=0, flags=0x0, edgeFlags=0x0, pointerCount=1, historySize=1, eventTime=180884357, downTime=180871127, deviceId=7, source=0x1002 }
12-24 15:13:55.527 26556 26556 W ViewRootImpl[MessageDetailsActivity]: Dropping event due to no window focus: MotionEvent { action=ACTION_MOVE, actionButton=0, id[0]=0, x[0]=1031.5211, y[0]=1788.0, toolType[0]=TOOL_TYPE_FINGER, buttonState=0, metaState=0, flags=0x0, edgeFlags=0x0, pointerCount=1, historySize=1, eventTime=180884370, downTime=180871127, deviceId=7, source=0x1002 }
12-24 15:13:55.544 26556 26556 W ViewRootImpl[MessageDetailsActivity]: Dropping event due to no window focus: MotionEvent { action=ACTION_MOVE, actionButton=0, id[0]=0, x[0]=1031.0, y[0]=1788.0, toolType[0]=TOOL_TYPE_FINGER, buttonState=0, metaState=0, flags=0x0, edgeFlags=0x0, pointerCount=1, historySize=0, eventTime=180884388, downTime=180871127, deviceId=7, source=0x1002 }
12-24 15:13:55.577 26556 26556 W ViewRootImpl[MessageDetailsActivity]: Dropping event due to no window focus: MotionEvent { action=ACTION_MOVE, actionButton=0, id[0]=0, x[0]=1030.0, y[0]=1788.0, toolType[0]=TOOL_TYPE_FINGER, buttonState=0, metaState=0, flags=0x0, edgeFlags=0x0, pointerCount=1, historySize=0, eventTime=180884422, downTime=180871127, deviceId=7, source=0x1002 }
12-24 15:13:55.645 26556 26556 W ViewRootImpl[MessageDetailsActivity]: Dropping event due to no window focus: MotionEvent { action=ACTION_MOVE, actionButton=0, id[0]=0, x[0]=1029.0, y[0]=1788.0, toolType[0]=TOOL_TYPE_FINGER, buttonState=0, metaState=0, flags=0x0, edgeFlags=0x0, pointerCount=1, historySize=0, eventTime=180884482, downTime=180871127, deviceId=7, source=0x1002 }
12-24 15:13:55.659  1367  1487 I chatty  : uid=1000(system) PowerManagerSer expire 6 lines
12-24 15:13:55.660  1367  1367 I chatty  : uid=1000 system_server expire 7 lines
12-24 15:13:55.742 26556 26556 W ViewRootImpl[MessageDetailsActivity]: Cancelling event due to no window focus: MotionEvent { action=ACTION_CANCEL, actionButton=0, id[0]=0, x[0]=1029.0, y[0]=1788.0, toolType[0]=TOOL_TYPE_FINGER, buttonState=0, metaState=0, flags=0x0, edgeFlags=0x0, pointerCount=1, historySize=0, eventTime=180884595, downTime=180871127, deviceId=7, source=0x1002 }
12-24 15:13:55.742 26556 26556 I chatty  : uid=10133(ch.protonmail.android) identical 1 line
12-24 15:13:55.742 26556 26556 W ViewRootImpl[MessageDetailsActivity]: Cancelling event due to no window focus: MotionEvent { action=ACTION_CANCEL, actionButton=0, id[0]=0, x[0]=1029.0, y[0]=1788.0, toolType[0]=TOOL_TYPE_FINGER, buttonState=0, metaState=0, flags=0x0, edgeFlags=0x0, pointerCount=1, historySize=0, eventTime=180884595, downTime=180871127, deviceId=7, source=0x1002 }
12-24 15:13:55.763  1367  1386 I chatty  : uid=1000(system) batterystats-wo expire 8 lines
12-24 15:13:55.816  1367  1487 I chatty  : uid=1000(system) PowerManagerSer expire 13 lines
12-24 15:13:55.823  1367  1485 I chatty  : uid=1000(system) android.display expire 4 lines
12-24 15:13:55.845  1280  1333 D QMI_FW  : chen-screen off: is_screen_off = 1 
12-24 15:13:55.858  1367  2360 I chatty  : uid=1000(system) ConnectivitySer expire 1 line
12-24 15:13:55.860  1298  1329 D QMI_FW  : chen-screen off: is_screen_off = 1 
12-24 15:13:55.923  1367  3773 I chatty  : uid=1000(system) Binder:1367_11 expire 15 lines
12-24 15:13:56.064  1367  1367 I chatty  : uid=1000 system_server expire 72 lines
12-24 15:13:56.067  1367 11303 I chatty  : uid=1000(system) Binder:1367_1C expire 3 lines
12-24 15:13:56.089  1367  1382 I chatty  : uid=1000(system) ActivityManager expire 6 lines
12-24 15:13:56.089  1367  1483 I chatty  : uid=1000(system) android.fg expire 2 lines
12-24 15:13:56.159  2474  2474 V KeyguardStatusView: refresh statusview showing:true
12-24 15:13:56.164  2474  2474 V KeyguardDisplayManager: show
12-24 15:13:58.743  1367  4596 I chatty  : uid=1000(system) Binder:1367_17 expire 15 lines
12-24 15:14:00.001  1367  2331 I chatty  : uid=1000(system) AlarmManager expire 8 lines
12-24 15:14:00.829  1367  7924 I chatty  : uid=1000 system_server expire 5 lines
12-24 15:14:09.558  1367  2615 I chatty  : uid=1000(system) Binder:1367_5 expire 5 lines
12-24 15:14:13.429  1367  3735 I chatty  : uid=1000(system) Binder:1367_B expire 7 lines
12-24 15:14:25.397  1367  2354 I chatty  : uid=1000(system) NetworkPolicy expire 6 lines
12-24 15:14:41.435  1367  2896 I chatty  : uid=1000(system) BluetoothRouteM expire 1 line
12-24 15:14:41.435  1367  2897 I chatty  : uid=1000(system) uteStateMachine expire 10 lines
12-24 15:14:43.616  1367  3106 I chatty  : uid=1000(system) Binder:1367_8 expire 2 lines
12-24 15:14:45.014   917  1069 E storaged: getDiskStats failed with result NOT_SUPPORTED and size 0
12-24 15:14:45.522  1367  8033 I chatty  : uid=1000 system_server expire 2 lines
12-24 15:14:49.256  1367  3773 I chatty  : uid=1000(system) Binder:1367_11 expire 2 lines
12-24 15:14:49.270  1367  1367 I chatty  : uid=1000 system_server expire 22 lines
12-24 15:14:50.051  1367  2340 I chatty  : uid=1000(system) InputReader expire 5 lines
12-24 15:14:50.057  1367  2375 I chatty  : uid=1000(system) ColorBalanceThr expire 7 lines
12-24 15:14:50.114  1367  1383 I chatty  : uid=1000(system) android.ui expire 4 lines
12-24 15:14:50.139  1298  1329 D QMI_FW  : chen-screen on: is_screen_off = 0 
12-24 15:14:50.140  1280  1333 D QMI_FW  : chen-screen on: is_screen_off = 0 
12-24 15:14:50.194  1367  1487 I chatty  : uid=1000(system) PowerManagerSer expire 17 lines
12-24 15:14:50.211  1367  4596 I chatty  : uid=1000(system) Binder:1367_17 expire 6 lines
12-24 15:14:51.693  1367  2369 I chatty  : uid=1000(system) AudioService expire 1 line
12-24 15:14:54.658  1280  1333 D QMI_FW  : chen-screen off: is_screen_off = 1 
12-24 15:14:54.666  1298  1329 D QMI_FW  : chen-screen off: is_screen_off = 1 
12-24 15:14:59.775  1367  8103 I chatty  : uid=1000 system_server expire 4 lines
12-24 15:15:01.595  1367  1384 I chatty  : uid=1000(system) ActivityManager expire 2 lines
12-24 15:15:03.532  1367  8819 I chatty  : uid=1000(system) Binder:1367_1B expire 1 line
12-24 15:15:05.177  1367  8275 I chatty  : uid=1000 system_server expire 1 line
12-24 15:15:05.759  1367  3736 I chatty  : uid=1000(system) Binder:1367_C expire 5 lines
12-24 15:15:06.093  1367  8819 I chatty  : uid=1000(system) Binder:1367_1B expire 3 lines
12-24 15:15:06.131  1367  3106 I chatty  : uid=1000(system) Binder:1367_8 expire 4 lines
12-24 15:15:06.135  1367  1382 I chatty  : uid=1000(system) ActivityManager expire 36 lines
12-24 15:15:07.769  1367  2331 I chatty  : uid=1000(system) AlarmManager expire 40 lines
12-24 15:15:51.703  1367  8302 I chatty  : uid=1000 system_server expire 2 lines
12-24 15:15:52.238  1367  3735 I chatty  : uid=1000(system) Binder:1367_B expire 9 lines
12-24 15:15:52.341  1367  1367 I chatty  : uid=1000 system_server expire 30 lines
12-24 15:15:52.353  1367  2896 I chatty  : uid=1000(system) BluetoothRouteM expire 2 lines
12-24 15:15:52.374  1367  2897 I chatty  : uid=1000(system) uteStateMachine expire 12 lines
12-24 15:15:53.425  1367  3773 I chatty  : uid=1000(system) Binder:1367_11 expire 11 lines
12-24 15:15:56.740  1367  1386 I chatty  : uid=1000(system) batterystats-wo expire 7 lines
12-24 15:15:56.806  1367  8324 I chatty  : uid=1000 system_server expire 3 lines
12-24 15:16:06.086  1367  8334 I chatty  : uid=1000 system_server expire 1 line
12-24 15:16:11.284  1367  8335 I chatty  : uid=1000 system_server expire 1 line
12-24 15:16:15.567  1367  1384 I chatty  : uid=1000(system) ActivityManager expire 1 line
12-24 15:16:22.736  1367  4596 I chatty  : uid=1000(system) Binder:1367_17 expire 7 lines
12-24 15:16:26.185   917  1069 E storaged: getDiskStats failed with result NOT_SUPPORTED and size 0
12-24 15:16:57.718  1367  8388 I chatty  : uid=1000 system_server expire 1 line
12-24 15:17:55.280  1367  1380 I chatty  : uid=1000(system) android.bg expire 2 lines
12-24 15:19:38.920  1367  8413 I chatty  : uid=1000 system_server expire 1 line
12-24 15:19:52.335  1367  2393 I chatty  : uid=1000(system) OPBackgroundThr expire 12 lines
12-24 15:19:52.361  1367  8424 I chatty  : uid=1000 system_server expire 1 line
12-24 15:23:15.747  1367 12957 I chatty  : uid=1000(system) Binder:1367_1F expire 10 lines
12-24 15:23:15.990  1367  2897 I chatty  : uid=1000(system) uteStateMachine expire 10 lines
12-24 15:23:16.782  1367  8451 I chatty  : uid=1000 system_server expire 3 lines
12-24 15:23:17.422  1367  2340 I chatty  : uid=1000(system) InputReader expire 2 lines
12-24 15:23:17.424  1367  1487 I chatty  : uid=1000(system) PowerManagerSer expire 12 lines
12-24 15:23:17.431  1367  2375 I chatty  : uid=1000(system) ColorBalanceThr expire 4 lines
12-24 15:23:17.469  1367  1485 I chatty  : uid=1000(system) android.display expire 2 lines
12-24 15:23:17.512  1298  1329 D QMI_FW  : chen-screen on: is_screen_off = 0 
12-24 15:23:17.518  1280  1333 D QMI_FW  : chen-screen on: is_screen_off = 0 
12-24 15:23:17.519  1367  2337 I chatty  : uid=1000(system) Binder:1367_3 expire 2 lines
12-24 15:23:17.519  1367  1383 I chatty  : uid=1000(system) android.ui expire 4 lines
12-24 15:23:17.579  1367  1367 I chatty  : uid=1000 system_server expire 9 lines
12-24 15:23:18.802  1367  2354 I chatty  : uid=1000(system) NetworkPolicy expire 2 lines
12-24 15:23:20.567  1367 11303 I chatty  : uid=1000(system) Binder:1367_1C expire 2 lines
12-24 15:23:21.115  1367  2369 I chatty  : uid=1000(system) AudioService expire 2 lines
12-24 15:23:21.204  1367  2615 I chatty  : uid=1000(system) Binder:1367_5 expire 1 line
12-24 15:23:21.341  1367  2456 I chatty  : uid=1000(system) SyncManager expire 6 lines
12-24 15:23:24.328  1367  1384 I chatty  : uid=1000(system) ActivityManager expire 7 lines
12-24 15:23:24.804  1367  4596 I chatty  : uid=1000(system) Binder:1367_17 expire 13 lines
12-24 15:23:25.063  1367  1378 I chatty  : uid=1000(system) Binder:1367_2 expire 5 lines
12-24 15:23:25.137  1367  2615 I chatty  : uid=1000(system) Binder:1367_5 expire 9 lines
12-24 15:23:26.540  1367  8819 I chatty  : uid=1000(system) Binder:1367_1B expire 2 lines
12-24 15:23:26.960  1367  2369 I chatty  : uid=1000(system) AudioService expire 16 lines
12-24 15:23:26.970  1367  3736 I chatty  : uid=1000(system) Binder:1367_C expire 7 lines
12-24 15:23:27.025  1367  1367 I chatty  : uid=1000 system_server expire 27 lines
12-24 15:23:27.811  1367  6994 I chatty  : uid=1000(system) Binder:1367_19 expire 2 lines
12-24 15:23:28.659  1367  2331 I chatty  : uid=1000(system) AlarmManager expire 10 lines
12-24 15:23:31.330  1367  2432 I chatty  : uid=1000(system) Binder:1367_4 expire 7 lines
12-24 15:23:32.227  1367  4492 I chatty  : uid=1000(system) Binder:1367_12 expire 14 lines
12-24 15:23:33.307  1367  7027 I chatty  : uid=1000(system) Binder:1367_1A expire 1 line
12-24 15:23:36.343  1367  1382 I chatty  : uid=1000(system) ActivityManager expire 18 lines
12-24 15:23:36.999  1367  2340 I chatty  : uid=1000(system) InputReader expire 9 lines
12-24 15:23:37.000  1367  1487 I chatty  : uid=1000(system) PowerManagerSer expire 26 lines
12-24 15:23:37.065  1367  2375 I chatty  : uid=1000(system) ColorBalanceThr expire 7 lines
12-24 15:23:37.136  1367  1485 I chatty  : uid=1000(system) android.display expire 3 lines
12-24 15:23:37.169  1298  1329 D QMI_FW  : chen-screen off: is_screen_off = 1 
12-24 15:23:37.171  1280  1333 D QMI_FW  : chen-screen off: is_screen_off = 1 
12-24 15:23:37.483  1367 12957 I chatty  : uid=1000(system) Binder:1367_1F expire 7 lines
12-24 15:23:38.476  1298  1329 D QMI_FW  : chen-screen on: is_screen_off = 0 
12-24 15:23:38.479  1367  1383 I chatty  : uid=1000(system) android.ui expire 4 lines
12-24 15:23:38.486  1280  1333 D QMI_FW  : chen-screen on: is_screen_off = 0 
12-24 15:23:38.558  1367  1367 I chatty  : uid=1000 system_server expire 34 lines
12-24 15:23:38.676  1367  2354 I chatty  : uid=1000(system) NetworkPolicy expire 2 lines
12-24 15:23:39.357  1367  3772 I chatty  : uid=1000(system) Binder:1367_10 expire 8 lines
12-24 15:23:39.375  2474  2474 V KeyguardDisplayManager: hide
12-24 15:23:39.416  1367  2346 I chatty  : uid=1000(system) OIMC expire 10 lines
12-24 15:23:39.462   917  1069 E storaged: getDiskStats failed with result NOT_SUPPORTED and size 0
12-24 15:23:40.835  1367  2337 I chatty  : uid=1000(system) Binder:1367_3 expire 5 lines
12-24 15:23:40.906  1367  2360 I chatty  : uid=1000(system) ConnectivitySer expire 1 line
12-24 15:23:48.818  1367  2339 I chatty  : uid=1000(system) InputDispatcher expire 1 line
12-24 15:23:54.426  1367  2432 I chatty  : uid=1000(system) Binder:1367_4 expire 2 lines
12-24 15:23:54.429  1367  1367 I chatty  : uid=1000 system_server expire 16 lines
12-24 15:23:55.899  1367  2331 I chatty  : uid=1000(system) AlarmManager expire 10 lines
12-24 15:23:56.492  1367  2369 I chatty  : uid=1000(system) AudioService expire 1 line
12-24 15:23:56.499  1367  4492 I chatty  : uid=1000(system) Binder:1367_12 expire 2 lines
12-24 15:23:56.513  1367  7027 I chatty  : uid=1000(system) Binder:1367_1A expire 1 line
12-24 15:23:56.992  1367  1384 I chatty  : uid=1000(system) ActivityManager expire 3 lines
12-24 15:23:57.186  1367  2456 I chatty  : uid=1000(system) SyncManager expire 2 lines
12-24 15:23:57.681  1367  3030 I chatty  : uid=1000(system) Binder:1367_7 expire 4 lines
12-24 15:24:03.811  1367  2340 I chatty  : uid=1000(system) InputReader expire 3 lines
12-24 15:24:03.813  1367  1487 I chatty  : uid=1000(system) PowerManagerSer expire 12 lines
12-24 15:24:03.829  1367  3736 I chatty  : uid=1000(system) Binder:1367_C expire 1 line
12-24 15:24:03.889  1367  2375 I chatty  : uid=1000(system) ColorBalanceThr expire 3 lines
12-24 15:24:03.988  1367  1485 I chatty  : uid=1000(system) android.display expire 1 line
12-24 15:24:04.022  1280  1333 D QMI_FW  : chen-screen off: is_screen_off = 1 
12-24 15:24:04.022  1298  1329 D QMI_FW  : chen-screen off: is_screen_off = 1 
12-24 15:24:04.027  1367  1382 I chatty  : uid=1000(system) ActivityManager expire 102 lines
12-24 15:24:04.263  1367  1378 I chatty  : uid=1000(system) Binder:1367_2 expire 5 lines
12-24 15:24:04.282  1367  1483 I chatty  : uid=1000(system) android.fg expire 2 lines
12-24 15:24:04.371  2474  2474 V KeyguardStatusView: refresh statusview showing:true
12-24 15:24:04.377  2474  2474 V KeyguardDisplayManager: show
12-24 15:24:07.274  1367 12957 I chatty  : uid=1000(system) Binder:1367_1F expire 4 lines
12-24 15:24:09.020  1367  9558 I chatty  : uid=1000 system_server expire 6 lines
12-24 15:24:15.279  1367  9559 I chatty  : uid=1000 system_server expire 2 lines
12-24 15:24:21.957  1367  9562 I chatty  : uid=1000 system_server expire 2 lines
12-24 15:24:28.377  1367  9585 I chatty  : uid=1000 system_server expire 2 lines
12-24 15:24:36.948  1367  2615 I chatty  : uid=1000(system) Binder:1367_5 expire 2 lines
12-24 15:24:36.980  1367 13882 I chatty  : uid=1000(system) Binder:1367_20 expire 2 lines
12-24 15:24:36.980  1367  8819 I chatty  : uid=1000(system) Binder:1367_1B expire 1 line
12-24 15:24:36.981  1367  2360 I chatty  : uid=1000(system) ConnectivitySer expire 2 lines
12-24 15:24:39.464   917  1069 E storaged: getDiskStats failed with result NOT_SUPPORTED and size 0
12-24 15:24:42.074  1367  9629 I chatty  : uid=1000 system_server expire 2 lines
12-24 15:24:48.158  1367  9633 I chatty  : uid=1000 system_server expire 2 lines
12-24 15:25:02.077  1367  9639 I chatty  : uid=1000 system_server expire 2 lines
12-24 15:25:12.117  1367  9647 I chatty  : uid=1000 system_server expire 2 lines
12-24 15:25:22.094  1367  9650 I chatty  : uid=1000 system_server expire 2 lines
12-24 15:25:32.117  1367  9652 I chatty  : uid=1000 system_server expire 2 lines
12-24 15:25:39.465   917  1069 E storaged: getDiskStats failed with result NOT_SUPPORTED and size 0
12-24 15:25:42.177  1367  9665 I chatty  : uid=1000 system_server expire 2 lines
12-24 15:25:48.235  1367  9669 I chatty  : uid=1000 system_server expire 2 lines
12-24 15:26:00.003  1367  2331 I chatty  : uid=1000(system) AlarmManager expire 8 lines
12-24 15:26:02.237  1367  9675 I chatty  : uid=1000 system_server expire 2 lines
12-24 15:26:12.216  1367  9677 I chatty  : uid=1000 system_server expire 2 lines
12-24 15:26:22.231  1367  9679 I chatty  : uid=1000 system_server expire 2 lines
12-24 15:26:32.198  1367  9681 I chatty  : uid=1000 system_server expire 2 lines
12-24 15:26:39.466   917  1069 E storaged: getDiskStats failed with result NOT_SUPPORTED and size 0
12-24 15:26:42.275  1367  9709 I chatty  : uid=1000 system_server expire 2 lines
12-24 15:26:48.276  1367  9715 I chatty  : uid=1000 system_server expire 2 lines
12-24 15:26:48.925  1367  2354 I chatty  : uid=1000(system) NetworkPolicy expire 2 lines
12-24 15:26:53.922  1367  9723 I chatty  : uid=1000 system_server expire 2 lines
12-24 15:27:02.298  1367  9732 I chatty  : uid=1000 system_server expire 2 lines
12-24 15:27:04.325  1367  1380 I chatty  : uid=1000(system) android.bg expire 2 lines
12-24 15:27:04.383  1367  4586 I chatty  : uid=1000(system) Binder:1367_14 expire 1 line
12-24 15:27:04.384  1367  3735 I chatty  : uid=1000(system) Binder:1367_B expire 1 line
12-24 15:27:09.358  1367  9747 I chatty  : uid=1000 system_server expire 2 lines
12-24 15:27:14.465  1367  2393 I chatty  : uid=1000(system) OPBackgroundThr expire 12 lines
12-24 15:27:39.467   917  1069 E storaged: getDiskStats failed with result NOT_SUPPORTED and size 0
12-24 15:27:44.815  1367  9763 I chatty  : uid=1000 system_server expire 2 lines
12-24 15:28:33.878  1367  1382 I chatty  : uid=1000(system) ActivityManager expire 275 lines
12-24 15:28:34.716  1367  2432 I chatty  : uid=1000(system) Binder:1367_4 expire 2 lines
12-24 15:28:34.717  1367  3183 I chatty  : uid=1000(system) Binder:1367_9 expire 4 lines
12-24 15:28:34.717  1367  2360 I chatty  : uid=1000(system) ConnectivitySer expire 2 lines
12-24 15:28:34.717  1367 12463 I chatty  : uid=1000(system) Binder:1367_1D expire 1 line
12-24 15:28:35.684  1367  1384 I chatty  : uid=1000(system) ActivityManager expire 10 lines
12-24 15:28:39.469   917  1069 E storaged: getDiskStats failed with result NOT_SUPPORTED and size 0
12-24 15:28:39.799  1367  9985 I chatty  : uid=1000 system_server expire 3 lines
12-24 15:28:39.985  1367  2331 I chatty  : uid=1000(system) AlarmManager expire 17 lines
12-24 15:28:40.002  1367  3735 I chatty  : uid=1000(system) Binder:1367_B expire 3 lines
12-24 15:28:41.033  1367  2337 I chatty  : uid=1000(system) Binder:1367_3 expire 3 lines
12-24 15:28:41.295  9864 10111 E ActivityThread: Failed to find provider info for com.facebook.katana.provider.AttributionIdProvider
12-24 15:28:43.590  1367  2615 I chatty  : uid=1000(system) Binder:1367_5 expire 4 lines
12-24 15:28:45.022  1367  1386 I chatty  : uid=1000(system) batterystats-wo expire 10 lines
12-24 15:28:45.096  1367 10306 I chatty  : uid=1000 system_server expire 5 lines
12-24 15:29:05.159  1367 10318 I chatty  : uid=1000 system_server expire 2 lines
12-24 15:29:39.470   917  1069 E storaged: getDiskStats failed with result NOT_SUPPORTED and size 0
12-24 15:29:40.256  1367  1367 I chatty  : uid=1000 system_server expire 6 lines
12-24 15:29:45.289  1367  1386 I chatty  : uid=1000(system) batterystats-wo expire 2 lines
12-24 15:29:45.336  1367 10344 I chatty  : uid=1000 system_server expire 2 lines
12-24 15:30:39.472   917  1069 E storaged: getDiskStats failed with result NOT_SUPPORTED and size 0
12-24 15:30:45.582  1367 10373 I chatty  : uid=1000 system_server expire 2 lines
12-24 15:31:39.475   917  1069 E storaged: getDiskStats failed with result NOT_SUPPORTED and size 0
12-24 15:31:45.917  1367 10398 I chatty  : uid=1000 system_server expire 2 lines
12-24 15:31:59.517  1367 10406 I chatty  : uid=1000 system_server expire 2 lines
12-24 15:32:07.156  1367  4596 I chatty  : uid=1000(system) Binder:1367_17 expire 4 lines
12-24 15:32:07.617  1367  1384 I chatty  : uid=1000(system) ActivityManager expire 2 lines
12-24 15:32:07.730 10526 10526 D ActivityThread: Loading provider com.google.android.gm.sapi: com.google.android.gm.sapi.SapiUiProvider
12-24 15:32:07.842  1367  2331 I chatty  : uid=1000(system) AlarmManager expire 11 lines
12-24 15:32:09.618  1367 10620 I chatty  : uid=1000 system_server expire 3 lines
12-24 15:32:10.218  1367  3736 I chatty  : uid=1000(system) Binder:1367_C expire 3 lines
12-24 15:32:13.250  1367  1380 I chatty  : uid=1000(system) android.bg expire 1 line
12-24 15:32:15.276  1367 10733 I chatty  : uid=1000 system_server expire 3 lines
12-24 15:32:22.834  1367 10739 I chatty  : uid=1000 system_server expire 2 lines
12-24 15:32:32.815  1367 10742 I chatty  : uid=1000 system_server expire 2 lines
12-24 15:32:39.476   917  1069 E storaged: getDiskStats failed with result NOT_SUPPORTED and size 0
12-24 15:32:40.438  1367 10744 I chatty  : uid=1000 system_server expire 2 lines
12-24 15:32:48.333  1367 10747 I chatty  : uid=1000 system_server expire 2 lines
12-24 15:32:57.244  1367  1382 I chatty  : uid=1000(system) ActivityManager expire 16 lines
12-24 15:33:02.978  1367 10756 I chatty  : uid=1000 system_server expire 3 lines
12-24 15:33:12.417  1367 10778 I chatty  : uid=1000 system_server expire 2 lines
12-24 15:33:22.894  1367 10781 I chatty  : uid=1000 system_server expire 2 lines
12-24 15:33:32.855  1367 10784 I chatty  : uid=1000(system) pool-265-thread expire 2 lines
12-24 15:33:39.478   917  1069 E storaged: getDiskStats failed with result NOT_SUPPORTED and size 0
12-24 15:33:42.918  1367 10788 I chatty  : uid=1000 system_server expire 2 lines
12-24 15:33:52.977  1367 10793 I chatty  : uid=1000 system_server expire 2 lines
12-24 15:34:03.036  1367 10796 I chatty  : uid=1000 system_server expire 2 lines
12-24 15:34:08.321  1367  4586 I chatty  : uid=1000(system) Binder:1367_14 expire 4 lines
12-24 15:34:13.037  1367 10804 I chatty  : uid=1000 system_server expire 2 lines
12-24 15:34:23.094  1367 10807 I chatty  : uid=1000 system_server expire 2 lines
12-24 15:34:33.116  1367 10812 I chatty  : uid=1000 system_server expire 2 lines
12-24 15:34:39.480   917  1069 E storaged: getDiskStats failed with result NOT_SUPPORTED and size 0
12-24 15:34:41.703  1367  2331 I chatty  : uid=1000(system) AlarmManager expire 16 lines
12-24 15:34:43.099  1367 10818 I chatty  : uid=1000 system_server expire 2 lines
12-24 15:34:53.119  1367 10826 I chatty  : uid=1000 system_server expire 2 lines
12-24 15:35:03.099  1367 10829 I chatty  : uid=1000 system_server expire 2 lines
12-24 15:35:13.173  1367 10858 I chatty  : uid=1000 system_server expire 2 lines
12-24 15:35:23.157  1367 10864 I chatty  : uid=1000 system_server expire 2 lines
12-24 15:35:33.176  1367 10867 I chatty  : uid=1000 system_server expire 2 lines
12-24 15:35:39.483   917  1069 E storaged: getDiskStats failed with result NOT_SUPPORTED and size 0
12-24 15:35:43.157  1367 10881 I chatty  : uid=1000 system_server expire 2 lines
12-24 15:35:53.177  1367 10884 I chatty  : uid=1000 system_server expire 5 lines
12-24 15:36:03.157  1367 10888 I chatty  : uid=1000 system_server expire 2 lines
12-24 15:36:10.524  1367  1486 I chatty  : uid=1000(system) CpuTracker expire 2 lines
12-24 15:36:15.634  1367 10895 I chatty  : uid=1000 system_server expire 2 lines
12-24 15:36:23.215  1367 10898 I chatty  : uid=1000 system_server expire 2 lines
12-24 15:36:33.214  1367 10902 I chatty  : uid=1000 system_server expire 2 lines
12-24 15:36:39.484   917  1069 E storaged: getDiskStats failed with result NOT_SUPPORTED and size 0
12-24 15:36:43.274  1367 10908 I chatty  : uid=1000 system_server expire 2 lines
12-24 15:36:53.238  1367 10911 I chatty  : uid=1000 system_server expire 2 lines
12-24 15:37:03.276  1367 10916 I chatty  : uid=1000 system_server expire 2 lines
12-24 15:37:13.257  1367 10934 I chatty  : uid=1000 system_server expire 2 lines
12-24 15:37:23.242  1367 10940 I chatty  : uid=1000 system_server expire 2 lines
12-24 15:37:32.731  1367 10946 I chatty  : uid=1000 system_server expire 2 lines
12-24 15:37:39.487   917  1069 E storaged: getDiskStats failed with result NOT_SUPPORTED and size 0
12-24 15:37:43.277  1367 10953 I chatty  : uid=1000 system_server expire 2 lines
12-24 15:37:53.329  1367 10955 I chatty  : uid=1000 system_server expire 2 lines
12-24 15:37:53.713  1367  2354 I chatty  : uid=1000(system) NetworkPolicy expire 2 lines
12-24 15:37:53.817  5508  5508 D ActivityThread: Loading provider com.whatsapp.provider.contact: com.whatsapp.contact.ContactProvider
12-24 15:37:57.864  1367  1382 I chatty  : uid=1000(system) ActivityManager expire 11 lines
12-24 15:37:58.638  1367 11022 I chatty  : uid=1000 system_server expire 3 lines
12-24 15:37:59.772  1367  1382 I chatty  : uid=1000(system) ActivityManager expire 11 lines
12-24 15:38:00.000  1367  2331 I chatty  : uid=1000(system) AlarmManager expire 10 lines
12-24 15:38:13.398  1367 11034 I chatty  : uid=1000 system_server expire 2 lines
12-24 15:38:23.357  1367 11037 I chatty  : uid=1000 system_server expire 2 lines
12-24 15:38:33.377  1367 11045 I chatty  : uid=1000 system_server expire 2 lines
12-24 15:38:39.489   917  1069 E storaged: getDiskStats failed with result NOT_SUPPORTED and size 0
12-24 15:38:43.356  1367 11049 I chatty  : uid=1000 system_server expire 2 lines
12-24 15:38:53.374  1367 11051 I chatty  : uid=1000 system_server expire 2 lines
12-24 15:39:03.355  1367 11067 I chatty  : uid=1000 system_server expire 2 lines
12-24 15:39:13.377  1367 11085 I chatty  : uid=1000 system_server expire 2 lines
12-24 15:39:33.422  1367 11095 I chatty  : uid=1000 system_server expire 2 lines
12-24 15:39:39.492   917  1069 E storaged: getDiskStats failed with result NOT_SUPPORTED and size 0
12-24 15:39:43.497  1367 11105 I chatty  : uid=1000 system_server expire 2 lines
12-24 15:39:53.498  1367 11112 I chatty  : uid=1000 system_server expire 2 lines
12-24 15:40:03.553  1367 11116 I chatty  : uid=1000 system_server expire 2 lines
12-24 15:40:13.497  1367 11123 I chatty  : uid=1000(system) Jit thread pool expire 2 lines
12-24 15:40:23.517  1367 11126 I chatty  : uid=1000(system) FinalizerDaemon expire 2 lines
12-24 15:40:33.517  1367 11132 I chatty  : uid=1000 system_server expire 2 lines
12-24 15:40:35.177  1367  1380 I chatty  : uid=1000(system) android.bg expire 1 line
12-24 15:40:39.493   917  1069 E storaged: getDiskStats failed with result NOT_SUPPORTED and size 0
12-24 15:40:43.588  1367 11139 I chatty  : uid=1000 system_server expire 2 lines
12-24 15:40:53.615  1367 11141 I chatty  : uid=1000 system_server expire 2 lines
12-24 15:41:03.614  1367 11148 I chatty  : uid=1000 system_server expire 2 lines
12-24 15:41:13.635  1367 11169 I chatty  : uid=1000 system_server expire 3 lines
12-24 15:41:23.678  1367 11171 I chatty  : uid=1000 system_server expire 3 lines
12-24 15:41:33.717  1367 11179 I chatty  : uid=1000 system_server expire 2 lines
12-24 15:41:39.496   917  1069 E storaged: getDiskStats failed with result NOT_SUPPORTED and size 0
12-24 15:41:43.715  1367 11187 I chatty  : uid=1000 system_server expire 2 lines
12-24 15:41:53.731  1367 11194 I chatty  : uid=1000 system_server expire 2 lines
12-24 15:41:59.477  1367 11199 I chatty  : uid=1000 system_server expire 2 lines
12-24 15:42:00.001  1367  2331 I chatty  : uid=1000(system) AlarmManager expire 11 lines
12-24 15:42:13.770  1367 11208 I chatty  : uid=1000 system_server expire 2 lines
12-24 15:42:23.756  1367 11210 I chatty  : uid=1000 system_server expire 2 lines
12-24 15:42:33.777  1367 11229 I chatty  : uid=1000 system_server expire 2 lines
12-24 15:42:39.501   917  1069 E storaged: getDiskStats failed with result NOT_SUPPORTED and size 0
12-24 15:42:43.754  1367 11235 I chatty  : uid=1000 system_server expire 2 lines
12-24 15:42:53.776  1367 11237 I chatty  : uid=1000 system_server expire 2 lines
12-24 15:42:58.514  1367  1382 I chatty  : uid=1000(system) ActivityManager expire 17 lines
12-24 15:43:13.834  1367 11258 I chatty  : uid=1000 system_server expire 2 lines
12-24 15:43:23.815  1367 11261 I chatty  : uid=1000 system_server expire 2 lines
12-24 15:43:33.816  1367 11271 I chatty  : uid=1000 system_server expire 2 lines
12-24 15:43:39.503   917  1069 E storaged: getDiskStats failed with result NOT_SUPPORTED and size 0
12-24 15:43:43.796  1367 11274 I chatty  : uid=1000 system_server expire 2 lines
12-24 15:43:53.836  1367 11278 I chatty  : uid=1000 system_server expire 2 lines
12-24 15:44:03.799  1367 11282 I chatty  : uid=1000 system_server expire 2 lines
12-24 15:44:13.817  1367 11290 I chatty  : uid=1000 system_server expire 3 lines
12-24 15:44:23.814  1367 11293 I chatty  : uid=1000 system_server expire 2 lines
12-24 15:44:33.816  1367 11304 I chatty  : uid=1000 system_server expire 2 lines
12-24 15:44:39.505   917  1069 E storaged: getDiskStats failed with result NOT_SUPPORTED and size 0
12-24 15:44:43.814  1367 11311 I chatty  : uid=1000 system_server expire 2 lines
12-24 15:44:53.836  1367 11314 I chatty  : uid=1000 system_server expire 2 lines
12-24 15:45:03.876  1367 11317 I chatty  : uid=1000 system_server expire 2 lines
12-24 15:45:06.370  1367  4596 I chatty  : uid=1000(system) Binder:1367_17 expire 7 lines
12-24 15:45:13.858  1367 11335 I chatty  : uid=1000 system_server expire 2 lines
12-24 15:45:23.937  1367 11339 I chatty  : uid=1000 system_server expire 2 lines
12-24 15:45:33.955  1367 11343 I chatty  : uid=1000 system_server expire 2 lines
12-24 15:45:39.507   917  1069 E storaged: getDiskStats failed with result NOT_SUPPORTED and size 0
12-24 15:45:41.702  1367  2331 I chatty  : uid=1000(system) AlarmManager expire 12 lines
12-24 15:45:42.037  1367 11367 I chatty  : uid=1000 system_server expire 2 lines
12-24 15:45:53.977  1367 11376 I chatty  : uid=1000 system_server expire 2 lines
12-24 15:46:03.957  1367 11380 I chatty  : uid=1000 system_server expire 2 lines
12-24 15:46:14.056  1367 11388 I chatty  : uid=1000 system_server expire 2 lines
12-24 15:46:24.014  1367 11390 I chatty  : uid=1000 system_server expire 2 lines
12-24 15:46:34.075  1367 11393 I chatty  : uid=1000 system_server expire 2 lines
12-24 15:46:39.508   917  1069 E storaged: getDiskStats failed with result NOT_SUPPORTED and size 0
12-24 15:46:44.055  1367 11400 I chatty  : uid=1000 system_server expire 2 lines
12-24 15:46:54.077  1367 11403 I chatty  : uid=1000 system_server expire 2 lines
12-24 15:47:04.055  1367 11406 I chatty  : uid=1000 system_server expire 2 lines
12-24 15:47:11.817  1367  1384 I chatty  : uid=1000(system) ActivityManager expire 22 lines
12-24 15:47:11.847  1367  3736 I chatty  : uid=1000(system) Binder:1367_C expire 6 lines
12-24 15:47:11.960  1367  2615 I chatty  : uid=1000(system) Binder:1367_5 expire 7 lines
12-24 15:47:12.059  1367  2337 I chatty  : uid=1000(system) Binder:1367_3 expire 3 lines
12-24 15:47:12.071  1367  3183 I chatty  : uid=1000(system) Binder:1367_9 expire 2 lines
12-24 15:47:12.152  1367  4585 I chatty  : uid=1000(system) Binder:1367_13 expire 7 lines
12-24 15:47:12.748  1367  1382 I chatty  : uid=1000(system) ActivityManager expire 9 lines
12-24 15:47:14.075  1367 11698 I chatty  : uid=1000 system_server expire 4 lines
12-24 15:47:15.782  1367  3735 I chatty  : uid=1000(system) Binder:1367_B expire 6 lines
12-24 15:47:16.117 12300 12392 D ActivityThread: Loading provider com.microsoft.intune.common.preferences: com.microsoft.intune.common.settings.implementation.RxPreferencesContentProvider
12-24 15:47:16.465  1367  2331 I chatty  : uid=1000(system) AlarmManager expire 4 lines
12-24 15:47:16.496  1367  4586 I chatty  : uid=1000(system) Binder:1367_14 expire 2 lines
12-24 15:47:16.554  1367  3184 I chatty  : uid=1000(system) Binder:1367_A expire 2 lines
12-24 15:47:16.884  1367  1367 I chatty  : uid=1000 system_server expire 4 lines
12-24 15:47:17.195 12255 12787 E ActivityThread: Failed to find provider info for com.facebook.katana.provider.AttributionIdProvider
12-24 15:47:17.825  1367 12463 I chatty  : uid=1000(system) Binder:1367_1D expire 1 line
12-24 15:47:17.825  1367  3769 I chatty  : uid=1000(system) Binder:1367_F expire 1 line
12-24 15:47:17.825  1367 12671 I chatty  : uid=1000(system) Binder:1367_1E expire 2 lines
12-24 15:47:17.826  1367  2360 I chatty  : uid=1000(system) ConnectivitySer expire 3 lines
12-24 15:47:17.842  1367 12957 I chatty  : uid=1000(system) Binder:1367_1F expire 1 line
12-24 15:47:17.857  1367  1485 I chatty  : uid=1000(system) android.display expire 1 line
12-24 15:47:17.890  1367  3773 I chatty  : uid=1000(system) Binder:1367_11 expire 4 lines
12-24 15:47:17.965  1367  4492 I chatty  : uid=1000(system) Binder:1367_12 expire 2 lines
12-24 15:47:17.985  1367  2331 I chatty  : uid=1000(system) AlarmManager expire 11 lines
12-24 15:47:18.247  1367  1384 I chatty  : uid=1000(system) ActivityManager expire 12 lines
12-24 15:47:18.352  1367  1367 I chatty  : uid=1000 system_server expire 5 lines
12-24 15:47:18.488 12700 13102 E ActivityThread: Failed to find provider info for com.facebook.katana.provider.AttributionIdProvider
12-24 15:47:18.978  1367  2354 I chatty  : uid=1000(system) NetworkPolicy expire 28 lines
12-24 15:47:18.979  1367  1382 I chatty  : uid=1000(system) ActivityManager expire 17 lines
12-24 15:47:19.085  1367  3735 I chatty  : uid=1000(system) Binder:1367_B expire 3 lines
12-24 15:47:19.435  1367  3106 I chatty  : uid=1000(system) Binder:1367_8 expire 1 line
12-24 15:47:20.076  1367  4597 I chatty  : uid=1000(system) Binder:1367_18 expire 1 line
12-24 15:47:21.497  1367  1380 I chatty  : uid=1000(system) android.bg expire 1 line
12-24 15:47:21.557  1367  6994 I chatty  : uid=1000(system) Binder:1367_19 expire 4 lines
12-24 15:47:22.300  1367  4592 I chatty  : uid=1000(system) Binder:1367_15 expire 3 lines
12-24 15:47:22.966  1367 13829 I chatty  : uid=1000 system_server expire 3 lines
12-24 15:47:28.033  1367  1386 I chatty  : uid=1000(system) batterystats-wo expire 8 lines
12-24 15:47:28.101  1367 13875 I chatty  : uid=1000 system_server expire 4 lines
12-24 15:47:29.380  1367  2337 I chatty  : uid=1000(system) Binder:1367_3 expire 7 lines
12-24 15:47:33.581  1367  2710 I chatty  : uid=1000(system) Binder:1367_6 expire 1 line
12-24 15:47:34.157  1367 13895 I chatty  : uid=1000 system_server expire 3 lines
12-24 15:47:39.112  1367  4596 I chatty  : uid=1000(system) Binder:1367_17 expire 2 lines
12-24 15:47:39.509   917  1069 E storaged: getDiskStats failed with result NOT_SUPPORTED and size 0
12-24 15:47:39.936  1367  2354 I chatty  : uid=1000(system) NetworkPolicy expire 12 lines
12-24 15:47:39.937  1367  1382 I chatty  : uid=1000(system) ActivityManager expire 97 lines
12-24 15:47:40.479  1367 13918 I chatty  : uid=1000 system_server expire 3 lines
12-24 15:47:45.821  1367 13970 I chatty  : uid=1000 system_server expire 3 lines
12-24 15:47:48.145   661 13898 W SocketClient: write error (Broken pipe)
12-24 15:47:51.039  1367 13976 I chatty  : uid=1000 system_server expire 3 lines
12-24 15:48:05.815  1367 13987 I chatty  : uid=1000 system_server expire 3 lines
12-24 15:48:14.217  1367 14001 I chatty  : uid=1000 system_server expire 2 lines
12-24 15:48:24.234  1367 14022 I chatty  : uid=1000 system_server expire 2 lines
12-24 15:48:34.216  1367 14026 I chatty  : uid=1000 system_server expire 2 lines
12-24 15:48:34.706  1367  1382 I chatty  : uid=1000(system) ActivityManager expire 276 lines
12-24 15:48:35.757  1367  8819 I chatty  : uid=1000(system) Binder:1367_1B expire 2 lines
12-24 15:48:35.757  1367  4585 I chatty  : uid=1000(system) Binder:1367_13 expire 1 line
12-24 15:48:35.758  1367  2360 I chatty  : uid=1000(system) ConnectivitySer expire 8 lines
12-24 15:48:35.768  1367  4492 I chatty  : uid=1000(system) Binder:1367_12 expire 1 line
12-24 15:48:35.867  1367  3773 I chatty  : uid=1000(system) Binder:1367_11 expire 2 lines
12-24 15:48:35.868  1367 12463 I chatty  : uid=1000(system) Binder:1367_1D expire 1 line
12-24 15:48:35.883  1367 12671 I chatty  : uid=1000(system) Binder:1367_1E expire 2 lines
12-24 15:48:35.883  1367  7027 I chatty  : uid=1000(system) Binder:1367_1A expire 5 lines
12-24 15:48:35.910  1367  4593 I chatty  : uid=1000(system) Binder:1367_16 expire 1 line
12-24 15:48:35.910  1367  3769 I chatty  : uid=1000(system) Binder:1367_F expire 1 line
12-24 15:48:35.910  1367  2615 I chatty  : uid=1000(system) Binder:1367_5 expire 1 line
12-24 15:48:35.911  1367  2337 I chatty  : uid=1000(system) Binder:1367_3 expire 1 line
12-24 15:48:35.911  1367 12957 I chatty  : uid=1000(system) Binder:1367_1F expire 1 line
12-24 15:48:35.911  1367  4596 I chatty  : uid=1000(system) Binder:1367_17 expire 1 line
12-24 15:48:35.911  1367  2432 I chatty  : uid=1000(system) Binder:1367_4 expire 1 line
12-24 15:48:36.748  1367  1384 I chatty  : uid=1000(system) ActivityManager expire 17 lines
12-24 15:48:39.510   917  1069 E storaged: getDiskStats failed with result NOT_SUPPORTED and size 0
12-24 15:48:40.878  1367 14312 I chatty  : uid=1000 system_server expire 3 lines
12-24 15:48:54.205  1367  1386 I chatty  : uid=1000(system) batterystats-wo expire 17 lines
12-24 15:48:54.278  1367 14317 I chatty  : uid=1000 system_server expire 2 lines
12-24 15:49:00.001  1367  2331 I chatty  : uid=1000(system) AlarmManager expire 14 lines
12-24 15:49:04.257  1367 14322 I chatty  : uid=1000 system_server expire 2 lines
12-24 15:49:13.555  1367 14327 I chatty  : uid=1000 system_server expire 2 lines
12-24 15:49:20.619  1367  3736 I chatty  : uid=1000(system) Binder:1367_C expire 3 lines
12-24 15:49:21.155 14441 14498 E ActivityThread: Failed to find provider info for com.facebook.katana.provider.AttributionIdProvider
12-24 15:49:21.630  1367  1384 I chatty  : uid=1000(system) ActivityManager expire 4 lines
12-24 15:49:22.360  1367  4592 I chatty  : uid=1000(system) Binder:1367_15 expire 3 lines
12-24 15:49:22.365  1367  1382 I chatty  : uid=1000(system) ActivityManager expire 11 lines
12-24 15:49:34.437  1367 14668 I chatty  : uid=1000(system) BatchOpenTimeWa expire 2 lines
12-24 15:49:39.512   917  1069 E storaged: getDiskStats failed with result NOT_SUPPORTED and size 0
12-24 15:49:44.477  1367 14671 I chatty  : uid=1000(system) BatchOpenTimeWa expire 2 lines
12-24 15:49:54.456  1367 14676 I chatty  : uid=1000 system_server expire 2 lines
12-24 15:50:04.477  1367 14679 I chatty  : uid=1000(system) RxSchedulerPurg expire 2 lines
12-24 15:50:09.672  1367  1367 I chatty  : uid=1000 system_server expire 2 lines
12-24 15:50:14.194  1367 14686 I chatty  : uid=1000 system_server expire 2 lines
12-24 15:50:24.576  1367 14693 I chatty  : uid=1000 system_server expire 2 lines
12-24 15:50:30.305  1367  3772 I chatty  : uid=1000(system) Binder:1367_10 expire 2 lines
12-24 15:50:35.453  1367  1386 I chatty  : uid=1000(system) batterystats-wo expire 11 lines
12-24 15:50:35.502  1367 14832 I chatty  : uid=1000 system_server expire 3 lines
12-24 15:50:39.514   917  1069 E storaged: getDiskStats failed with result NOT_SUPPORTED and size 0
12-24 15:50:44.196  1367 14836 I chatty  : uid=1000(system) pool-268-thread expire 2 lines
12-24 15:50:50.474  1367  2331 I chatty  : uid=1000(system) AlarmManager expire 10 lines
12-24 15:50:54.561  1367 14843 I chatty  : uid=1000 system_server expire 2 lines
12-24 15:51:04.557  1367 14848 I chatty  : uid=1000 system_server expire 2 lines
12-24 15:51:14.637  1367 14850 I chatty  : uid=1000 system_server expire 2 lines
12-24 15:51:24.599  1367 14854 I chatty  : uid=1000 system_server expire 2 lines
12-24 15:51:34.637  1367 14867 I chatty  : uid=1000 system_server expire 2 lines
12-24 15:51:39.515   917  1069 E storaged: getDiskStats failed with result NOT_SUPPORTED and size 0
12-24 15:51:44.614  1367 14870 I chatty  : uid=1000 system_server expire 2 lines
12-24 15:51:54.615  1367 14874 I chatty  : uid=1000 system_server expire 2 lines
12-24 15:52:00.056  1367 14881 I chatty  : uid=1000 system_server expire 2 lines
12-24 15:52:14.667  1367 14886 I chatty  : uid=1000 system_server expire 2 lines
12-24 15:52:24.638  1367 14890 I chatty  : uid=1000 system_server expire 2 lines
12-24 15:52:34.716  1367 14901 I chatty  : uid=1000 system_server expire 2 lines
12-24 15:52:39.516   917  1069 E storaged: getDiskStats failed with result NOT_SUPPORTED and size 0
12-24 15:52:44.777  1367 14904 I chatty  : uid=1000 system_server expire 2 lines
12-24 15:52:54.755  1367 14910 I chatty  : uid=1000 system_server expire 2 lines
12-24 15:5