12-24 09:16:29.635  1367  1384 I chatty  : uid=1000(system) ActivityManager expire 8 lines
12-24 09:16:30.527  1367  3760 I chatty  : uid=1000(system) Binder:1367_D expire 4 lines
12-24 09:16:53.083  1367  4597 I chatty  : uid=1000(system) Binder:1367_18 expire 4 lines
12-24 09:16:53.084  1367  2360 I chatty  : uid=1000(system) ConnectivitySer expire 2 lines
12-24 09:16:53.084  1367  1386 I chatty  : uid=1000(system) batterystats-wo expire 10 lines
12-24 09:17:01.763   917  1069 E storaged: getDiskStats failed with result NOT_SUPPORTED and size 0
12-24 09:17:14.950  1367  6994 I chatty  : uid=1000(system) Binder:1367_19 expire 3 lines
12-24 09:17:25.820  1367  2340 I chatty  : uid=1000(system) InputReader expire 5 lines
12-24 09:17:25.822  1367  1487 I chatty  : uid=1000(system) PowerManagerSer expire 39 lines
12-24 09:17:25.907  1367  2375 I chatty  : uid=1000(system) ColorBalanceThr expire 10 lines
12-24 09:17:25.979  1367  1485 I chatty  : uid=1000(system) android.display expire 4 lines
12-24 09:17:26.000  1280  1333 D QMI_FW  : chen-screen off: is_screen_off = 1 
12-24 09:17:26.003  1298  1329 D QMI_FW  : chen-screen off: is_screen_off = 1 
12-24 09:17:26.090  1367  3184 I chatty  : uid=1000(system) Binder:1367_A expire 4 lines
12-24 09:17:26.216  1367  1367 I chatty  : uid=1000 system_server expire 13 lines
12-24 09:17:26.247  1367  1483 I chatty  : uid=1000(system) android.fg expire 2 lines
12-24 09:17:26.324  1298  1329 D QMI_FW  : chen-screen on: is_screen_off = 0 
12-24 09:17:26.325  1280  1333 D QMI_FW  : chen-screen on: is_screen_off = 0 
12-24 09:17:26.382  1367  2710 I chatty  : uid=1000(system) Binder:1367_6 expire 1 line
12-24 09:17:26.391  2474  2474 V KeyguardStatusView: refresh statusview showing:true
12-24 09:17:26.396  2474  2474 V KeyguardDisplayManager: show
12-24 09:17:26.463  1367  4592 I chatty  : uid=1000(system) Binder:1367_15 expire 1 line
12-24 09:17:26.463  1367  1383 I chatty  : uid=1000(system) android.ui expire 4 lines
12-24 09:17:26.583  1367  3773 I chatty  : uid=1000(system) Binder:1367_11 expire 3 lines
12-24 09:17:26.716  1367  1382 I chatty  : uid=1000(system) ActivityManager expire 26 lines
12-24 09:17:27.408  1367  7027 I chatty  : uid=1000(system) Binder:1367_1A expire 1 line
12-24 09:17:36.583  1280  1333 D QMI_FW  : chen-screen off: is_screen_off = 1 
12-24 09:17:36.584  1298  1329 D QMI_FW  : chen-screen off: is_screen_off = 1 
12-24 09:17:36.805  1367  1487 I chatty  : uid=1000(system) PowerManagerSer expire 3 lines
12-24 09:17:36.809  1367  1367 I chatty  : uid=1000 system_server expire 12 lines
12-24 09:17:41.654  1367  2176 I chatty  : uid=1000 system_server expire 5 lines
12-24 09:17:48.106  1367  2186 I chatty  : uid=1000 system_server expire 2 lines
12-24 09:17:48.860  1367  4596 I chatty  : uid=1000(system) Binder:1367_17 expire 2 lines
12-24 09:17:53.692  1367  2200 I chatty  : uid=1000 system_server expire 2 lines
12-24 09:18:01.768   917  1069 E storaged: getDiskStats failed with result NOT_SUPPORTED and size 0
12-24 09:18:04.686  1367  2331 I chatty  : uid=1000(system) AlarmManager expire 10 lines
12-24 09:18:06.720  1367  1382 I chatty  : uid=1000(system) ActivityManager expire 13 lines
12-24 09:18:12.091  1367  1386 I chatty  : uid=1000(system) batterystats-wo expire 10 lines
12-24 09:18:12.151  1367  2208 I chatty  : uid=1000 system_server expire 1 line
12-24 09:18:32.331  1367  2219 I chatty  : uid=1000 system_server expire 2 lines
12-24 09:19:01.782   917  1069 E storaged: getDiskStats failed with result NOT_SUPPORTED and size 0
12-24 09:19:47.258  1367  1367 I chatty  : uid=1000 system_server expire 16 lines
12-24 09:20:01.786   917  1069 E storaged: getDiskStats failed with result NOT_SUPPORTED and size 0
12-24 09:20:28.116  1367  1380 I chatty  : uid=1000(system) android.bg expire 3 lines
12-24 09:20:28.202  1367  1384 I chatty  : uid=1000(system) ActivityManager expire 10 lines
12-24 09:20:28.292  1367  4597 I chatty  : uid=1000(system) Binder:1367_18 expire 7 lines
12-24 09:20:28.342  1367  3773 I chatty  : uid=1000(system) Binder:1367_11 expire 8 lines
12-24 09:20:29.606  2285  2519 E ActivityThread: Failed to find provider info for com.facebook.katana.provider.AttributionIdProvider
12-24 09:20:34.014  1367  2331 I chatty  : uid=1000(system) AlarmManager expire 19 lines
12-24 09:20:58.802  1367  2651 I chatty  : uid=1000 system_server expire 1 line
12-24 09:22:33.382  1367  2432 I chatty  : uid=1000(system) Binder:1367_4 expire 4 lines
12-24 09:23:34.127  1367  2393 I chatty  : uid=1000(system) OPBackgroundThr expire 12 lines
12-24 09:24:35.044  4369  4369 W ContextImpl: Calling a method in the system process without a qualified user: android.app.ContextImpl.sendBroadcast:1008 android.content.ContextWrapper.sendBroadcast:444 com.oneplus.security.SecureService$b.onReceive:188 android.app.LoadedApk$ReceiverDispatcher$Args.lambda$getRunnable$0:1424 android.app.-$$Lambda$LoadedApk$ReceiverDispatcher$Args$_BumDX2UKsnxLVrE6UJsJZkotuA.run:2 
12-24 09:24:35.069  4369  4369 I chatty  : uid=1000(system) com.oneplus.security identical 6 lines
12-24 09:24:35.072  4369  4369 W ContextImpl: Calling a method in the system process without a qualified user: android.app.ContextImpl.sendBroadcast:1008 android.content.ContextWrapper.sendBroadcast:444 com.oneplus.security.SecureService$b.onReceive:188 android.app.LoadedApk$ReceiverDispatcher$Args.lambda$getRunnable$0:1424 android.app.-$$Lambda$LoadedApk$ReceiverDispatcher$Args$_BumDX2UKsnxLVrE6UJsJZkotuA.run:2 
12-24 09:24:35.124  1367  2683 I chatty  : uid=1000 system_server expire 4 lines
12-24 09:24:35.379  1367  7027 I chatty  : uid=1000(system) Binder:1367_1A expire 4 lines
12-24 09:24:35.379  1367  2360 I chatty  : uid=1000(system) ConnectivitySer expire 103 lines
12-24 09:24:35.387  1367  1382 I chatty  : uid=1000(system) ActivityManager expire 10 lines
12-24 09:24:35.398  4369  4369 W ContextImpl: Calling a method in the system process without a qualified user: android.app.ContextImpl.sendBroadcast:1008 android.content.ContextWrapper.sendBroadcast:444 com.oneplus.security.SecureService$b.onReceive:188 android.app.LoadedApk$ReceiverDispatcher$Args.lambda$getRunnable$0:1424 android.app.-$$Lambda$LoadedApk$ReceiverDispatcher$Args$_BumDX2UKsnxLVrE6UJsJZkotuA.run:2 
12-24 09:24:35.465  1367  2354 I chatty  : uid=1000(system) NetworkPolicy expire 10 lines
12-24 09:24:35.484  1367  2337 I chatty  : uid=1000(system) Binder:1367_3 expire 4 lines
12-24 09:24:35.492  1367  3772 I chatty  : uid=1000(system) Binder:1367_10 expire 8 lines
12-24 09:24:35.494  1367  2710 I chatty  : uid=1000(system) Binder:1367_6 expire 1 line
12-24 09:24:35.871  4369  4369 W ContextImpl: Calling a method in the system process without a qualified user: android.app.ContextImpl.sendBroadcast:1008 android.content.ContextWrapper.sendBroadcast:444 com.oneplus.security.SecureService$b.onReceive:188 android.app.LoadedApk$ReceiverDispatcher$Args.lambda$getRunnable$0:1424 android.app.-$$Lambda$LoadedApk$ReceiverDispatcher$Args$_BumDX2UKsnxLVrE6UJsJZkotuA.run:2 
12-24 09:24:35.877  4369  4369 W ContextImpl: Calling a method in the system process without a qualified user: android.app.ContextImpl.sendBroadcast:1008 android.content.ContextWrapper.sendBroadcast:444 com.oneplus.security.SecureService$b.onReceive:188 android.app.LoadedApk$ReceiverDispatcher$Args.lambda$getRunnable$0:1424 android.app.-$$Lambda$LoadedApk$ReceiverDispatcher$Args$_BumDX2UKsnxLVrE6UJsJZkotuA.run:2 
12-24 09:24:40.195  1367  3067 I chatty  : uid=1000 system_server expire 4 lines
12-24 09:24:41.095  1367  3184 I chatty  : uid=1000(system) Binder:1367_A expire 4 lines
12-24 09:24:44.884  1367  2331 I chatty  : uid=1000(system) AlarmManager expire 11 lines
12-24 09:24:55.698  1367  3075 I chatty  : uid=1000 system_server expire 1 line
12-24 09:25:38.156  1367  3192 I chatty  : uid=1000 system_server expire 7 lines
12-24 09:25:38.909  3337  3337 D ActivityThread: Loading provider com.whatsapp.provider.contact: com.whatsapp.contact.ContactProvider
12-24 09:25:39.840  1367 12957 I chatty  : uid=1000(system) Binder:1367_1F expire 1 line
12-24 09:25:39.840  1367  2360 I chatty  : uid=1000(system) ConnectivitySer expire 2 lines
12-24 09:25:40.196  1367  1382 I chatty  : uid=1000(system) ActivityManager expire 8 lines
12-24 09:25:40.244  1367  1378 I chatty  : uid=1000(system) Binder:1367_2 expire 1 line
12-24 09:25:40.514  1367  3761 I chatty  : uid=1000(system) Binder:1367_E expire 5 lines
12-24 09:25:40.551  2835 15863 E ActivityThread: Failed to find provider info for com.redteamobile.provider
12-24 09:25:40.610  1367  2354 I chatty  : uid=1000(system) NetworkPolicy expire 2 lines
12-24 09:25:41.806  1367  4022 I chatty  : uid=1000 system_server expire 2 lines
12-24 09:25:41.864  1367  4592 I chatty  : uid=1000(system) Binder:1367_15 expire 6 lines
12-24 09:25:42.618   917  1069 E storaged: getDiskStats failed with result NOT_SUPPORTED and size 0
12-24 09:25:44.882  1367  2340 I chatty  : uid=1000(system) InputReader expire 2 lines
12-24 09:25:44.883  1367  1487 I chatty  : uid=1000(system) PowerManagerSer expire 9 lines
12-24 09:25:44.883  1367  2375 I chatty  : uid=1000(system) ColorBalanceThr expire 4 lines
12-24 09:25:44.927  1367  1485 I chatty  : uid=1000(system) android.display expire 1 line
12-24 09:25:44.981  1280  1333 D QMI_FW  : chen-screen on: is_screen_off = 0 
12-24 09:25:44.982  1367  2331 I chatty  : uid=1000(system) AlarmManager expire 1 line
12-24 09:25:44.989  1298  1329 D QMI_FW  : chen-screen on: is_screen_off = 0 
12-24 09:25:45.018  1367  6994 I chatty  : uid=1000(system) Binder:1367_19 expire 1 line
12-24 09:25:45.018  1367  1383 I chatty  : uid=1000(system) android.ui expire 4 lines
12-24 09:25:45.035  1367  1367 I chatty  : uid=1000 system_server expire 45 lines
12-24 09:25:45.059  1367  1485 I chatty  : uid=1000(system) android.display expire 1 line
12-24 09:25:45.072  1367  1487 I chatty  : uid=1000(system) PowerManagerSer expire 6 lines
12-24 09:25:45.101  1367  6994 I chatty  : uid=1000(system) Binder:1367_19 expire 13 lines
12-24 09:25:45.242  1367  1382 I chatty  : uid=1000(system) ActivityManager expire 38 lines
12-24 09:25:45.411  1367  2354 I chatty  : uid=1000(system) NetworkPolicy expire 8 lines
12-24 09:25:48.085  1367  2369 I chatty  : uid=1000(system) AudioService expire 2 lines
12-24 09:25:48.739  1367  4592 I chatty  : uid=1000(system) Binder:1367_15 expire 22 lines
12-24 09:25:50.414  1367  4597 I chatty  : uid=1000(system) Binder:1367_18 expire 3 lines
12-24 09:25:50.721  1367 12463 I chatty  : uid=1000(system) Binder:1367_1D expire 3 lines
12-24 09:25:50.953  2474  2474 V KeyguardDisplayManager: hide
12-24 09:25:51.038  1367 12957 I chatty  : uid=1000(system) Binder:1367_1F expire 6 lines
12-24 09:25:51.047  1367  2346 I chatty  : uid=1000(system) OIMC expire 6 lines
12-24 09:25:51.048  1367  3736 I chatty  : uid=1000(system) Binder:1367_C expire 2 lines
12-24 09:25:51.077  1367  1384 I chatty  : uid=1000(system) ActivityManager expire 13 lines
12-24 09:25:51.886  1367  4596 I chatty  : uid=1000(system) Binder:1367_17 expire 2 lines
12-24 09:25:52.855  1367  1377 I chatty  : uid=1000(system) Binder:1367_1 expire 4 lines
12-24 09:25:54.497  1367  2340 I chatty  : uid=1000(system) InputReader expire 2 lines
12-24 09:25:54.690  1367  2339 I chatty  : uid=1000(system) InputDispatcher expire 1 line
12-24 09:25:56.112  1367  2331 I chatty  : uid=1000(system) AlarmManager expire 11 lines
12-24 09:25:59.876  1367  3773 I chatty  : uid=1000(system) Binder:1367_11 expire 1 line
12-24 09:26:13.039  1367  4586 I chatty  : uid=1000(system) Binder:1367_14 expire 2 lines
12-24 09:26:13.772  1367  2432 I chatty  : uid=1000(system) Binder:1367_4 expire 5 lines
12-24 09:26:19.992  1367  4492 I chatty  : uid=1000(system) Binder:1367_12 expire 4 lines
12-24 09:26:24.338  1367  4593 I chatty  : uid=1000(system) Binder:1367_16 expire 1 line
12-24 09:26:24.341  1367  1378 I chatty  : uid=1000(system) Binder:1367_2 expire 2 lines
12-24 09:26:25.478  1367  1380 I chatty  : uid=1000(system) android.bg expire 1 line
12-24 09:26:42.621   917  1069 E storaged: getDiskStats failed with result NOT_SUPPORTED and size 0
12-24 09:26:50.562  1367  1384 I chatty  : uid=1000(system) ActivityManager expire 3 lines
12-24 09:26:51.581  1367  1386 I chatty  : uid=1000(system) batterystats-wo expire 2 lines
12-24 09:26:51.650  1367 12671 I chatty  : uid=1000(system) Binder:1367_1E expire 1 line
12-24 09:26:51.651  1367  2360 I chatty  : uid=1000(system) ConnectivitySer expire 2 lines
12-24 09:26:51.652  1367  2337 I chatty  : uid=1000(system) Binder:1367_3 expire 1 line
12-24 09:27:37.565  1367  3769 I chatty  : uid=1000(system) Binder:1367_F expire 2 lines
12-24 09:27:37.597  1367  1367 I chatty  : uid=1000 system_server expire 1 line
12-24 09:27:37.843  1367  1382 I chatty  : uid=1000(system) ActivityManager expire 31 lines
12-24 09:27:38.650  1367  5470 I chatty  : uid=1000 system_server expire 2 lines
12-24 09:27:38.701  1367  2615 I chatty  : uid=1000(system) Binder:1367_5 expire 4 lines
12-24 09:27:40.271  1367 11303 I chatty  : uid=1000(system) Binder:1367_1C expire 2 lines
12-24 09:27:42.625   917  1069 E storaged: getDiskStats failed with result NOT_SUPPORTED and size 0
12-24 09:27:48.938  1367  1382 I chatty  : uid=1000(system) ActivityManager expire 11 lines
12-24 09:27:49.751  1367  1367 I chatty  : uid=1000 system_server expire 12 lines
12-24 09:28:00.001  1367  2331 I chatty  : uid=1000(system) AlarmManager expire 3 lines
12-24 09:28:03.470  1367  1487 I chatty  : uid=1000(system) PowerManagerSer expire 17 lines
12-24 09:28:10.587  1367  2375 I chatty  : uid=1000(system) ColorBalanceThr expire 3 lines
12-24 09:28:10.710  1367  1485 I chatty  : uid=1000(system) android.display expire 1 line
12-24 09:28:10.734  1280  1333 D QMI_FW  : chen-screen off: is_screen_off = 1 
12-24 09:28:10.758  1298  1329 D QMI_FW  : chen-screen off: is_screen_off = 1 
12-24 09:28:10.857  1367  3769 I chatty  : uid=1000(system) Binder:1367_F expire 1 line
12-24 09:28:11.372  1367  1382 I chatty  : uid=1000(system) ActivityManager expire 199 lines
12-24 09:28:15.503  1367  2615 I chatty  : uid=1000(system) Binder:1367_5 expire 2 lines
12-24 09:28:15.517  1367  4586 I chatty  : uid=1000(system) Binder:1367_14 expire 2 lines
12-24 09:28:15.526  1367  1483 I chatty  : uid=1000(system) android.fg expire 2 lines
12-24 09:28:15.685  2474  2474 V KeyguardStatusView: refresh statusview showing:true
12-24 09:28:15.709  2474  2474 V KeyguardDisplayManager: show
12-24 09:28:15.760  1367  5554 I chatty  : uid=1000 system_server expire 1 line
12-24 09:28:20.881  1367  5567 I chatty  : uid=1000 system_server expire 1 line
12-24 09:28:34.528  1367  1382 I chatty  : uid=1000(system) ActivityManager expire 149 lines
12-24 09:28:35.668  1367  3736 I chatty  : uid=1000(system) Binder:1367_C expire 7 lines
12-24 09:28:35.736  1367  1378 I chatty  : uid=1000(system) Binder:1367_2 expire 2 lines
12-24 09:28:35.736  1367  2337 I chatty  : uid=1000(system) Binder:1367_3 expire 1 line
12-24 09:28:35.736  1367  3772 I chatty  : uid=1000(system) Binder:1367_10 expire 1 line
12-24 09:28:35.736  1367  2360 I chatty  : uid=1000(system) ConnectivitySer expire 2 lines
12-24 09:28:36.664  1367  1384 I chatty  : uid=1000(system) ActivityManager expire 17 lines
12-24 09:28:40.786  1367  5890 I chatty  : uid=1000 system_server expire 1 line
12-24 09:28:42.631   917  1069 E storaged: getDiskStats failed with result NOT_SUPPORTED and size 0
12-24 09:28:46.171  1367  1386 I chatty  : uid=1000(system) batterystats-wo expire 15 lines
12-24 09:28:46.261  1367  5896 I chatty  : uid=1000 system_server expire 1 line
12-24 09:29:00.000  1367  2331 I chatty  : uid=1000(system) AlarmManager expire 17 lines
12-24 09:29:21.527  1367  1380 I chatty  : uid=1000(system) android.bg expire 3 lines
12-24 09:29:22.503  1367  1367 I chatty  : uid=1000 system_server expire 1 line
12-24 09:29:27.500  1367  5971 I chatty  : uid=1000 system_server expire 2 lines
12-24 09:29:42.635   917  1069 E storaged: getDiskStats failed with result NOT_SUPPORTED and size 0
12-24 09:30:42.640   917  1069 E storaged: getDiskStats failed with result NOT_SUPPORTED and size 0
12-24 09:30:43.003  1367  1384 I chatty  : uid=1000(system) ActivityManager expire 7 lines
12-24 09:30:43.281  1367  2615 I chatty  : uid=1000(system) Binder:1367_5 expire 4 lines
12-24 09:30:43.290  1367  3184 I chatty  : uid=1000(system) Binder:1367_A expire 1 line
12-24 09:30:43.494  1367  1386 I chatty  : uid=1000(system) batterystats-wo expire 2 lines
12-24 09:31:00.561  1367  6178 I chatty  : uid=1000 system_server expire 1 line
12-24 09:31:42.646   917  1069 E storaged: getDiskStats failed with result NOT_SUPPORTED and size 0
12-24 09:32:42.650   917  1069 E storaged: getDiskStats failed with result NOT_SUPPORTED and size 0
12-24 09:32:44.012  1367  2331 I chatty  : uid=1000(system) AlarmManager expire 10 lines
12-24 09:32:44.029  1367  1382 I chatty  : uid=1000(system) ActivityManager expire 6 lines
12-24 09:32:44.315  1367  3183 I chatty  : uid=1000(system) Binder:1367_9 expire 4 lines
12-24 09:32:45.478  5687  6481 E ActivityThread: Failed to find provider info for com.facebook.katana.provider.AttributionIdProvider
12-24 09:32:47.314  1367  2710 I chatty  : uid=1000(system) Binder:1367_6 expire 3 lines
12-24 09:33:14.926  1367  2331 I chatty  : uid=1000(system) AlarmManager expire 18 lines
12-24 09:33:15.079  1367  1382 I chatty  : uid=1000(system) ActivityManager expire 28 lines
12-24 09:33:15.930  1367  1483 I chatty  : uid=1000(system) android.fg expire 2 lines
12-24 09:33:16.511  1367  1367 I chatty  : uid=1000 system_server expire 14 lines
12-24 09:33:16.608  1367  1384 I chatty  : uid=1000(system) ActivityManager expire 12 lines
12-24 09:33:20.796  1367  3183 I chatty  : uid=1000(system) Binder:1367_9 expire 10 lines
12-24 09:34:44.442  1367  1386 I chatty  : uid=1000(system) batterystats-wo expire 3 lines
12-24 09:34:48.789  1367  2393 I chatty  : uid=1000(system) OPBackgroundThr expire 12 lines
12-24 09:35:02.858  1367  6773 I chatty  : uid=1000 system_server expire 4 lines
12-24 09:36:12.037  1367  2354 I chatty  : uid=1000(system) NetworkPolicy expire 6 lines
12-24 09:36:12.769  1367  3184 I chatty  : uid=1000(system) Binder:1367_A expire 2 lines
12-24 09:36:13.109  1367  2362 I chatty  : uid=1000(system) NsdService expire 3 lines
12-24 09:36:13.266  1367  3736 I chatty  : uid=1000(system) Binder:1367_C expire 5 lines
12-24 09:38:41.578  1367  7055 I chatty  : uid=1000 system_server expire 5 lines
12-24 09:38:42.903  1367 12463 I chatty  : uid=1000(system) Binder:1367_1D expire 3 lines
12-24 09:38:42.904  1367  1487 I chatty  : uid=1000(system) PowerManagerSer expire 21 lines
12-24 09:38:42.904  1367  2375 I chatty  : uid=1000(system) ColorBalanceThr expire 7 lines
12-24 09:38:42.921  1367  1383 I chatty  : uid=1000(system) android.ui expire 4 lines
12-24 09:38:42.933  1367  1485 I chatty  : uid=1000(system) android.display expire 3 lines
12-24 09:38:42.967  1280  1333 D QMI_FW  : chen-screen on: is_screen_off = 0 
12-24 09:38:42.969  1298  1329 D QMI_FW  : chen-screen on: is_screen_off = 0 
12-24 09:38:43.044  1367  1367 I chatty  : uid=1000 system_server expire 6 lines
12-24 09:38:43.062  1367  4593 I chatty  : uid=1000(system) Binder:1367_16 expire 9 lines
12-24 09:38:43.174  1367  1382 I chatty  : uid=1000(system) ActivityManager expire 10 lines
12-24 09:38:43.570  1367  7278 I chatty  : uid=1000 system_server expire 2 lines
12-24 09:39:00.000  1367  2331 I chatty  : uid=1000(system) AlarmManager expire 10 lines
12-24 09:39:02.947  1367  4597 I chatty  : uid=1000(system) Binder:1367_18 expire 4 lines
12-24 09:39:03.216  1298  1329 D QMI_FW  : chen-screen off: is_screen_off = 1 
12-24 09:39:03.222  1280  1333 D QMI_FW  : chen-screen off: is_screen_off = 1 
12-24 09:39:03.426  1367  1487 I chatty  : uid=1000(system) PowerManagerSer expire 3 lines
12-24 09:39:08.286  1367  7453 I chatty  : uid=1000 system_server expire 2 lines
12-24 09:41:03.886  1367  8018 I chatty  : uid=1000 system_server expire 6 lines
12-24 09:41:03.892  7957  8042 D ActivityThread: Loading provider com.microsoft.intune.common.preferences: com.microsoft.intune.common.settings.implementation.RxPreferencesContentProvider
12-24 09:41:04.813  7913  8284 E ActivityThread: Failed to find provider info for com.facebook.katana.provider.AttributionIdProvider
12-24 09:41:06.181  1367  3183 I chatty  : uid=1000(system) Binder:1367_9 expire 2 lines
12-24 09:41:06.510  1367  2331 I chatty  : uid=1000(system) AlarmManager expire 8 lines
12-24 09:41:07.767  1367  1382 I chatty  : uid=1000(system) ActivityManager expire 9 lines
12-24 09:41:07.924  1367  1380 I chatty  : uid=1000(system) android.bg expire 2 lines
12-24 09:41:07.950  1367  2615 I chatty  : uid=1000(system) Binder:1367_5 expire 1 line
12-24 09:41:08.025  1367 11303 I chatty  : uid=1000(system) Binder:1367_1C expire 1 line
12-24 09:41:09.123  1367  8429 I chatty  : uid=1000 system_server expire 7 lines
12-24 09:41:09.503  1367  1384 I chatty  : uid=1000(system) ActivityManager expire 4 lines
12-24 09:41:10.235  1367 12957 I chatty  : uid=1000(system) Binder:1367_1F expire 2 lines
12-24 09:41:10.513  1367  3735 I chatty  : uid=1000(system) Binder:1367_B expire 1 line
12-24 09:41:10.648  1367  2337 I chatty  : uid=1000(system) Binder:1367_3 expire 10 lines
12-24 09:41:11.790   917  1069 E storaged: getDiskStats failed with result NOT_SUPPORTED and size 0
12-24 09:42:06.373  1367  1382 I chatty  : uid=1000(system) ActivityManager expire 29 lines
12-24 09:42:06.499  1367  1384 I chatty  : uid=1000(system) ActivityManager expire 8 lines
12-24 09:42:07.176  1367  2331 I chatty  : uid=1000(system) AlarmManager expire 16 lines
12-24 09:42:12.509  1367  1386 I chatty  : uid=1000(system) batterystats-wo expire 3 lines
12-24 09:42:12.516  1367 12957 I chatty  : uid=1000(system) Binder:1367_1F expire 1 line
12-24 09:42:12.572  1367  8674 I chatty  : uid=1000 system_server expire 3 lines
12-24 09:44:10.284  1367  2393 I chatty  : uid=1000(system) OPBackgroundThr expire 12 lines
12-24 09:44:33.275  1367  1367 I chatty  : uid=1000 system_server expire 12 lines
12-24 09:44:33.545  1367  3735 I chatty  : uid=1000(system) Binder:1367_B expire 5 lines
12-24 09:45:04.082  1367  2710 I chatty  : uid=1000(system) Binder:1367_6 expire 1 line
12-24 09:45:04.082  1367  4592 I chatty  : uid=1000(system) Binder:1367_15 expire 1 line
12-24 09:45:04.088  1367  3030 I chatty  : uid=1000(system) Binder:1367_7 expire 6 lines
12-24 09:45:04.760  1367  1380 I chatty  : uid=1000(system) android.bg expire 2 lines
12-24 09:45:04.830  1367  8725 I chatty  : uid=1000 system_server expire 2 lines
12-24 09:45:35.292  1367  1483 I chatty  : uid=1000(system) android.fg expire 5 lines
12-24 09:50:12.369  1367  8740 I chatty  : uid=1000 system_server expire 2 lines
12-24 09:51:08.321  1367  2432 I chatty  : uid=1000(system) Binder:1367_4 expire 5 lines
12-24 09:51:08.405  1367  3760 I chatty  : uid=1000(system) Binder:1367_D expire 8 lines
12-24 09:51:08.598  1367  4585 I chatty  : uid=1000(system) Binder:1367_13 expire 8 lines
12-24 09:51:09.697  1367  2354 I chatty  : uid=1000(system) NetworkPolicy expire 12 lines
12-24 09:51:10.961  1367  2360 I chatty  : uid=1000(system) ConnectivitySer expire 156 lines
12-24 09:51:11.047  4369  4369 W ContextImpl: Calling a method in the system process without a qualified user: android.app.ContextImpl.sendBroadcast:1008 android.content.ContextWrapper.sendBroadcast:444 com.oneplus.security.SecureService$b.onReceive:188 android.app.LoadedApk$ReceiverDispatcher$Args.lambda$getRunnable$0:1424 android.app.-$$Lambda$LoadedApk$ReceiverDispatcher$Args$_BumDX2UKsnxLVrE6UJsJZkotuA.run:2 
12-24 09:51:11.097  4369  4369 I chatty  : uid=1000(system) com.oneplus.security identical 6 lines
12-24 09:51:11.102  4369  4369 W ContextImpl: Calling a method in the system process without a qualified user: android.app.ContextImpl.sendBroadcast:1008 android.content.ContextWrapper.sendBroadcast:444 com.oneplus.security.SecureService$b.onReceive:188 android.app.LoadedApk$ReceiverDispatcher$Args.lambda$getRunnable$0:1424 android.app.-$$Lambda$LoadedApk$ReceiverDispatcher$Args$_BumDX2UKsnxLVrE6UJsJZkotuA.run:2 
12-24 09:51:11.153  1367  1382 I chatty  : uid=1000(system) ActivityManager expire 28 lines
12-24 09:51:11.458  1367  3184 I chatty  : uid=1000(system) Binder:1367_A expire 6 lines
12-24 09:51:11.511  4369  4369 W ContextImpl: Calling a method in the system process without a qualified user: android.app.ContextImpl.sendBroadcast:1008 android.content.ContextWrapper.sendBroadcast:444 com.oneplus.security.SecureService$b.onReceive:188 android.app.LoadedApk$ReceiverDispatcher$Args.lambda$getRunnable$0:1424 android.app.-$$Lambda$LoadedApk$ReceiverDispatcher$Args$_BumDX2UKsnxLVrE6UJsJZkotuA.run:2 
12-24 09:51:11.607  1367  4596 I chatty  : uid=1000(system) Binder:1367_17 expire 1 line
12-24 09:51:11.976  1367  2331 I chatty  : uid=1000(system) AlarmManager expire 22 lines
12-24 09:51:11.994  1367  1367 I chatty  : uid=1000 system_server expire 1 line
12-24 09:51:13.006  8907  9159 E ActivityThread: Failed to find provider info for com.facebook.katana.provider.AttributionIdProvider
12-24 09:51:13.048  4369  4369 W ContextImpl: Calling a method in the system process without a qualified user: android.app.ContextImpl.sendBroadcast:1008 android.content.ContextWrapper.sendBroadcast:444 com.oneplus.security.SecureService$b.onReceive:188 android.app.LoadedApk$ReceiverDispatcher$Args.lambda$getRunnable$0:1424 android.app.-$$Lambda$LoadedApk$ReceiverDispatcher$Args$_BumDX2UKsnxLVrE6UJsJZkotuA.run:2 
12-24 09:51:13.384  1367  9289 I chatty  : uid=1000 system_server expire 2 lines
12-24 09:51:24.001  1367  9334 I chatty  : uid=1000 system_server expire 3 lines
12-24 09:55:10.633  1367  9342 I chatty  : uid=1000 system_server expire 1 line
12-24 09:56:17.257  1367  2362 I chatty  : uid=1000(system) NsdService expire 2 lines
12-24 09:59:19.933  1367  3736 I chatty  : uid=1000(system) Binder:1367_C expire 4 lines
12-24 10:01:16.099  1367  1367 I chatty  : uid=1000 system_server expire 3 lines
12-24 10:01:16.190  1367  9542 I chatty  : uid=1000 system_server expire 3 lines
12-24 10:01:17.328  1367  7027 I chatty  : uid=1000(system) Binder:1367_1A expire 2 lines
12-24 10:01:17.393  1367  1386 I chatty  : uid=1000(system) batterystats-wo expire 10 lines
12-24 10:01:17.419  1367  1384 I chatty  : uid=1000(system) ActivityManager expire 14 lines
12-24 10:01:17.463  1367  3184 I chatty  : uid=1000(system) Binder:1367_A expire 3 lines
12-24 10:01:17.502  1367  3030 I chatty  : uid=1000(system) Binder:1367_7 expire 4 lines
12-24 10:01:17.502  1367  4593 I chatty  : uid=1000(system) Binder:1367_16 expire 3 lines
12-24 10:01:17.502  1367  4596 I chatty  : uid=1000(system) Binder:1367_17 expire 5 lines
12-24 10:01:17.503  1367  2360 I chatty  : uid=1000(system) ConnectivitySer expire 197 lines
12-24 10:01:36.233  1367  2331 I chatty  : uid=1000(system) AlarmManager expire 17 lines
12-24 10:01:36.298  1367  3773 I chatty  : uid=1000(system) Binder:1367_11 expire 3 lines
12-24 10:01:36.386  1367  1382 I chatty  : uid=1000(system) ActivityManager expire 16 lines
12-24 10:02:45.349  1367  1380 I chatty  : uid=1000(system) android.bg expire 1 line
12-24 10:02:45.492  1367  8819 I chatty  : uid=1000(system) Binder:1367_1B expire 14 lines
12-24 10:02:45.494  1367  9600 I chatty  : uid=1000 system_server expire 1 line
12-24 10:05:28.307  1367  9603 I chatty  : uid=1000 system_server expire 1 line
12-24 10:06:16.648  1367  4492 I chatty  : uid=1000(system) Binder:1367_12 expire 2 lines
12-24 10:06:16.735  1367 12671 I chatty  : uid=1000(system) Binder:1367_1E expire 2 lines
12-24 10:06:16.872  1367  2354 I chatty  : uid=1000(system) NetworkPolicy expire 42 lines
12-24 10:06:20.231  1367  3106 I chatty  : uid=1000(system) Binder:1367_8 expire 1 line
12-24 10:06:21.309   917  1069 E storaged: getDiskStats failed with result NOT_SUPPORTED and size 0
12-24 10:06:21.309  1367  2360 I chatty  : uid=1000(system) ConnectivitySer expire 207 lines
12-24 10:06:21.358  1367 12463 I chatty  : uid=1000(system) Binder:1367_1D expire 5 lines
12-24 10:06:21.359  1367  1382 I chatty  : uid=1000(system) ActivityManager expire 24 lines
12-24 10:06:21.691  1367  4597 I chatty  : uid=1000(system) Binder:1367_18 expire 1 line
12-24 10:06:21.781  1367  1384 I chatty  : uid=1000(system) ActivityManager expire 9 lines
12-24 10:06:21.885  1367  2331 I chatty  : uid=1000(system) AlarmManager expire 2 lines
12-24 10:06:22.388  4369  4369 W ContextImpl: Calling a method in the system process without a qualified user: android.app.ContextImpl.sendBroadcast:1008 android.content.ContextWrapper.sendBroadcast:444 com.oneplus.security.SecureService$b.onReceive:188 android.app.LoadedApk$ReceiverDispatcher$Args.lambda$getRunnable$0:1424 android.app.-$$Lambda$LoadedApk$ReceiverDispatcher$Args$_BumDX2UKsnxLVrE6UJsJZkotuA.run:2 
12-24 10:06:22.851  1367  3761 I chatty  : uid=1000(system) Binder:1367_E expire 3 lines
12-24 10:06:23.309  1367  2337 I chatty  : uid=1000(system) Binder:1367_3 expire 2 lines
12-24 10:06:23.586  1367  4585 I chatty  : uid=1000(system) Binder:1367_13 expire 7 lines
12-24 10:06:26.378  1367 11044 I chatty  : uid=1000 system_server expire 4 lines
12-24 10:06:32.014  1367 11113 I chatty  : uid=1000 system_server expire 9 lines
12-24 10:06:37.100  1367 11138 I chatty  : uid=1000 system_server expire 5 lines
12-24 10:06:42.774  1367 11141 I chatty  : uid=1000 system_server expire 1 line
12-24 10:06:50.460  1367 11186 I chatty  : uid=1000 system_server expire 1 line
12-24 10:06:51.816  1367  4492 I chatty  : uid=1000(system) Binder:1367_12 expire 3 lines
12-24 10:06:51.817  1367 13882 I chatty  : uid=1000(system) Binder:1367_20 expire 1 line
12-24 10:06:51.817  1367  2360 I chatty  : uid=1000(system) ConnectivitySer expire 4 lines
12-24 10:06:51.898  1367  2354 I chatty  : uid=1000(system) NetworkPolicy expire 4 lines
12-24 10:06:51.900  1367  1382 I chatty  : uid=1000(system) ActivityManager expire 10 lines
12-24 10:06:54.770  1367  1384 I chatty  : uid=1000(system) ActivityManager expire 11 lines
12-24 10:06:55.660  1367 11232 I chatty  : uid=1000 system_server expire 2 lines
12-24 10:07:00.001  1367  2331 I chatty  : uid=1000(system) AlarmManager expire 21 lines
12-24 10:07:12.116  1367  1377 I chatty  : uid=1000(system) Binder:1367_1 expire 7 lines
12-24 10:07:12.166  1367  8819 I chatty  : uid=1000(system) Binder:1367_1B expire 1 line
12-24 10:07:21.310   917  1069 E storaged: getDiskStats failed with result NOT_SUPPORTED and size 0
12-24 10:07:21.406  1367  4592 I chatty  : uid=1000(system) Binder:1367_15 expire 3 lines
12-24 10:07:21.480  1367  1380 I chatty  : uid=1000(system) android.bg expire 1 line
12-24 10:07:21.734  1367  1378 I chatty  : uid=1000(system) Binder:1367_2 expire 2 lines
12-24 10:09:37.049  1367 11339 I chatty  : uid=1000 system_server expire 1 line
12-24 10:10:38.106  1367  1487 I chatty  : uid=1000(system) PowerManagerSer expire 21 lines
12-24 10:10:38.106  1367  2375 I chatty  : uid=1000(system) ColorBalanceThr expire 11 lines
12-24 10:10:38.122  1367 12463 I chatty  : uid=1000(system) Binder:1367_1D expire 1 line
12-24 10:10:38.122  1367  1383 I chatty  : uid=1000(system) android.ui expire 8 lines
12-24 10:10:38.154  1367  1485 I chatty  : uid=1000(system) android.display expire 5 lines
12-24 10:10:38.157  1367  3769 I chatty  : uid=1000(system) Binder:1367_F expire 4 lines
12-24 10:10:38.169  1367  1367 I chatty  : uid=1000 system_server expire 17 lines
12-24 10:10:38.200  1298  1329 D QMI_FW  : chen-screen on: is_screen_off = 0 
12-24 10:10:38.215  1280  1333 D QMI_FW  : chen-screen on: is_screen_off = 0 
12-24 10:10:38.298  1367  2710 I chatty  : uid=1000(system) Binder:1367_6 expire 10 lines
12-24 10:10:38.348  1367  1382 I chatty  : uid=1000(system) ActivityManager expire 14 lines
12-24 10:10:38.788  1367 11569 I chatty  : uid=1000 system_server expire 2 lines
12-24 10:10:54.748  1367  3761 I chatty  : uid=1000(system) Binder:1367_E expire 6 lines
12-24 10:10:58.384  1280  1333 D QMI_FW  : chen-screen off: is_screen_off = 1 
12-24 10:10:58.403  1367  2337 I chatty  : uid=1000(system) Binder:1367_3 expire 2 lines
12-24 10:10:58.411  1298  1329 D QMI_FW  : chen-screen off: is_screen_off = 1 
12-24 10:10:58.643  1367  1487 I chatty  : uid=1000(system) PowerManagerSer expire 10 lines
12-24 10:10:59.641  1367  1486 I chatty  : uid=1000(system) CpuTracker expire 1 line
12-24 10:11:04.775  1367 11679 I chatty  : uid=1000 system_server expire 1 line
12-24 10:12:35.063  1367  1386 I chatty  : uid=1000(system) batterystats-wo expire 3 lines
12-24 10:13:43.197  1367 11681 I chatty  : uid=1000 system_server expire 1 line
12-24 10:14:12.558  1367 11688 I chatty  : uid=1000 system_server expire 2 lines
12-24 10:16:13.475   917  1069 E storaged: getDiskStats failed with result NOT_SUPPORTED and size 0
12-24 10:16:14.378  1367 11708 I chatty  : uid=1000 system_server expire 2 lines
12-24 10:16:20.790  1367  2331 I chatty  : uid=1000(system) AlarmManager expire 16 lines
12-24 10:16:21.231  1367  1367 I chatty  : uid=1000 system_server expire 10 lines
12-24 10:17:18.813  1367  1382 I chatty  : uid=1000(system) ActivityManager expire 9 lines
12-24 10:17:18.824  1367  4593 I chatty  : uid=1000(system) Binder:1367_16 expire 2 lines
12-24 10:17:18.824  1367  2710 I chatty  : uid=1000(system) Binder:1367_6 expire 2 lines
12-24 10:21:05.060  1367 11765 I chatty  : uid=1000 system_server expire 1 line
12-24 10:21:05.150  1367 11303 I chatty  : uid=1000(system) Binder:1367_1C expire 7 lines
12-24 10:24:16.865  1367  6994 I chatty  : uid=1000(system) Binder:1367_19 expire 4 lines
12-24 10:24:17.565  1367 11906 I chatty  : uid=1000 system_server expire 3 lines
12-24 10:24:17.999  1367  3030 I chatty  : uid=1000(system) Binder:1367_7 expire 2 lines
12-24 10:24:18.061  1298  1329 D QMI_FW  : chen-screen on: is_screen_off = 0 
12-24 10:24:18.070  1280  1333 D QMI_FW  : chen-screen on: is_screen_off = 0 
12-24 10:24:18.103  1367  1384 I chatty  : uid=1000(system) ActivityManager expire 1 line
12-24 10:24:18.124  1367  1487 I chatty  : uid=1000(system) PowerManagerSer expire 5 lines
12-24 10:24:18.151  1367 12957 I chatty  : uid=1000(system) Binder:1367_1F expire 1 line
12-24 10:24:18.196  1367  3773 I chatty  : uid=1000(system) Binder:1367_11 expire 5 lines
12-24 10:24:18.307  1367  1382 I chatty  : uid=1000(system) ActivityManager expire 17 lines
12-24 10:24:18.315  1367  2354 I chatty  : uid=1000(system) NetworkPolicy expire 6 lines
12-24 10:24:18.355  1367 12463 I chatty  : uid=1000(system) Binder:1367_1D expire 8 lines
12-24 10:24:18.414  1367  3769 I chatty  : uid=1000(system) Binder:1367_F expire 8 lines
12-24 10:24:19.941  1367  2432 I chatty  : uid=1000(system) Binder:1367_4 expire 3 lines
12-24 10:24:19.954  1367  1384 I chatty  : uid=1000(system) ActivityManager expire 16 lines
12-24 10:24:20.298  1367  1378 I chatty  : uid=1000(system) Binder:1367_2 expire 2 lines
12-24 10:24:20.423 12262 12363 D ActivityThread: Loading provider com.microsoft.intune.common.preferences: com.microsoft.intune.common.settings.implementation.RxPreferencesContentProvider
12-24 10:24:20.460  1367  4596 I chatty  : uid=1000(system) Binder:1367_17 expire 1 line
12-24 10:24:20.592  1367  3736 I chatty  : uid=1000(system) Binder:1367_C expire 7 lines
12-24 10:24:21.243 12239 12588 E ActivityThread: Failed to find provider info for com.facebook.katana.provider.AttributionIdProvider
12-24 10:24:21.281 12191 12618 E ActivityThread: Failed to find provider info for com.facebook.katana.provider.AttributionIdProvider
12-24 10:24:21.346  1367  4593 I chatty  : uid=1000(system) Binder:1367_16 expire 1 line
12-24 10:24:22.022  1367  3183 I chatty  : uid=1000(system) Binder:1367_9 expire 3 lines
12-24 10:24:22.033  1367  1367 I chatty  : uid=1000 system_server expire 18 lines
12-24 10:24:22.323  1367  2331 I chatty  : uid=1000(system) AlarmManager expire 21 lines
12-24 10:24:23.091  1367  4492 I chatty  : uid=1000(system) Binder:1367_12 expire 3 lines
12-24 10:24:23.091  3529  5044 E ActivityThread: Failed to find provider info for subscribedfeeds
12-24 10:24:23.187  1367  4592 I chatty  : uid=1000(system) Binder:1367_15 expire 2 lines
12-24 10:24:23.523  1367  2360 I chatty  : uid=1000(system) ConnectivitySer expire 4 lines
12-24 10:24:24.802  1367 13882 I chatty  : uid=1000(system) Binder:1367_20 expire 2 lines
12-24 10:24:25.999  1367  1487 I chatty  : uid=1000(system) PowerManagerSer expire 27 lines
12-24 10:24:28.112  1367  2375 I chatty  : uid=1000(system) ColorBalanceThr expire 10 lines
12-24 10:24:28.243  1367  1383 I chatty  : uid=1000(system) android.ui expire 5 lines
12-24 10:24:28.254  1367  1485 I chatty  : uid=1000(system) android.display expire 4 lines
12-24 10:24:28.291  1280  1333 D QMI_FW  : chen-screen off: is_screen_off = 1 
12-24 10:24:28.305  1298  1329 D QMI_FW  : chen-screen off: is_screen_off = 1 
12-24 10:24:28.853 12790 12790 D ActivityThread: Loading provider com.whatsapp.provider.contact: com.whatsapp.contact.ContactProvider
12-24 10:24:29.561  1367  3760 I chatty  : uid=1000(system) Binder:1367_D expire 6 lines
12-24 10:24:29.705  1367 11303 I chatty  : uid=1000(system) Binder:1367_1C expire 2 lines
12-24 10:24:29.730  1367  4597 I chatty  : uid=1000(system) Binder:1367_18 expire 3 lines
12-24 10:24:29.758  1367  2615 I chatty  : uid=1000(system) Binder:1367_5 expire 7 lines
12-24 10:24:33.390  1367  1380 I chatty  : uid=1000(system) android.bg expire 2 lines
12-24 10:24:33.481  1367  3772 I chatty  : uid=1000(system) Binder:1367_10 expire 6 lines
12-24 10:24:35.072  1367 13240 I chatty  : uid=1000 system_server expire 2 lines
12-24 10:30:20.201  1367  1386 I chatty  : uid=1000(system) batterystats-wo expire 2 lines
12-24 10:31:52.134  1367 13253 I chatty  : uid=1000 system_server expire 1 line
12-24 10:31:54.731  1367  2393 I chatty  : uid=1000(system) OPBackgroundThr expire 12 lines
12-24 10:33:18.844  1298  1329 D QMI_FW  : chen-screen on: is_screen_off = 0 
12-24 10:33:18.851  1280  1333 D QMI_FW  : chen-screen on: is_screen_off = 0 
12-24 10:33:18.858  1367  1367 I chatty  : uid=1000 system_server expire 12 lines
12-24 10:33:18.918  1367  1487 I chatty  : uid=1000(system) PowerManagerSer expire 11 lines
12-24 10:33:19.061  1367  1382 I chatty  : uid=1000(system) ActivityManager expire 5 lines
12-24 10:33:19.127  1367  4586 I chatty  : uid=1000(system) Binder:1367_14 expire 6 lines
12-24 10:33:19.476  1367 13328 I chatty  : uid=1000 system_server expire 2 lines
12-24 10:33:20.166  1367  1384 I chatty  : uid=1000(system) ActivityManager expire 1 line
12-24 10:33:38.776   917  1069 E storaged: getDiskStats failed with result NOT_SUPPORTED and size 0
12-24 10:33:39.014  1280  1333 D QMI_FW  : chen-screen off: is_screen_off = 1 
12-24 10:33:39.025  1298  1329 D QMI_FW  : chen-screen off: is_screen_off = 1 
12-24 10:33:39.255  1367  1487 I chatty  : uid=1000(system) PowerManagerSer expire 10 lines
12-24 10:33:39.673  4369  4369 W ContextImpl: Calling a method in the system process without a qualified user: android.app.ContextImpl.sendBroadcast:1008 android.content.ContextWrapper.sendBroadcast:444 com.oneplus.security.SecureService$b.onReceive:188 android.app.LoadedApk$ReceiverDispatcher$Args.lambda$getRunnable$0:1424 android.app.-$$Lambda$LoadedApk$ReceiverDispatcher$Args$_BumDX2UKsnxLVrE6UJsJZkotuA.run:2 
12-24 10:33:39.796  4369  4369 I chatty  : uid=1000(system) com.oneplus.security identical 6 lines
12-24 10:33:39.804  4369  4369 W ContextImpl: Calling a method in the system process without a qualified user: android.app.ContextImpl.sendBroadcast:1008 android.content.ContextWrapper.sendBroadcast:444 com.oneplus.security.SecureService$b.onReceive:188 android.app.LoadedApk$ReceiverDispatcher$Args.lambda$getRunnable$0:1424 android.app.-$$Lambda$LoadedApk$ReceiverDispatcher$Args$_BumDX2UKsnxLVrE6UJsJZkotuA.run:2 
12-24 10:33:39.992  1367  2360 I chatty  : uid=1000(system) ConnectivitySer expire 102 lines
12-24 10:33:40.011  1367  1382 I chatty  : uid=1000(system) ActivityManager expire 48 lines
12-24 10:33:40.059  4369  4369 W ContextImpl: Calling a method in the system process without a qualified user: android.app.ContextImpl.sendBroadcast:1008 android.content.ContextWrapper.sendBroadcast:444 com.oneplus.security.SecureService$b.onReceive:188 android.app.LoadedApk$ReceiverDispatcher$Args.lambda$getRunnable$0:1424 android.app.-$$Lambda$LoadedApk$ReceiverDispatcher$Args$_BumDX2UKsnxLVrE6UJsJZkotuA.run:2 
12-24 10:33:40.143  1367  2354 I chatty  : uid=1000(system) NetworkPolicy expire 12 lines
12-24 10:33:40.537  4369  4369 W ContextImpl: Calling a method in the system process without a qualified user: android.app.ContextImpl.sendBroadcast:1008 android.content.ContextWrapper.sendBroadcast:444 com.oneplus.security.SecureService$b.onReceive:188 android.app.LoadedApk$ReceiverDispatcher$Args.lambda$getRunnable$0:1424 android.app.-$$Lambda$LoadedApk$ReceiverDispatcher$Args$_BumDX2UKsnxLVrE6UJsJZkotuA.run:2 
12-24 10:33:40.542  4369  4369 W ContextImpl: Calling a method in the system process without a qualified user: android.app.ContextImpl.sendBroadcast:1008 android.content.ContextWrapper.sendBroadcast:444 com.oneplus.security.SecureService$b.onReceive:188 android.app.LoadedApk$ReceiverDispatcher$Args.lambda$getRunnable$0:1424 android.app.-$$Lambda$LoadedApk$ReceiverDispatcher$Args$_BumDX2UKsnxLVrE6UJsJZkotuA.run:2 
12-24 10:33:44.081  1367 13506 I chatty  : uid=1000 system_server expire 2 lines
12-24 10:33:49.627  1367  2331 I chatty  : uid=1000(system) AlarmManager expire 12 lines
12-24 10:33:49.919  1367 13511 I chatty  : uid=1000 system_server expire 1 line
12-24 10:33:54.800  1367  1380 I chatty  : uid=1000(system) android.bg expire 3 lines
12-24 10:33:59.238  1367 13523 I chatty  : uid=1000 system_server expire 1 line
12-24 10:34:05.142  1367  1367 I chatty  : uid=1000 system_server expire 18 lines
12-24 10:41:04.385  1367 13536 I chatty  : uid=1000 system_server expire 2 lines
12-24 10:41:04.406  1367  2353 I chatty  : uid=1000(system) NetworkStats expire 2 lines
12-24 10:41:04.428  1367  3184 I chatty  : uid=1000(system) Binder:1367_A expire 5 lines
12-24 10:41:04.508  1367  3183 I chatty  : uid=1000(system) Binder:1367_9 expire 3 lines
12-24 10:46:52.353  1367  1483 I chatty  : uid=1000(system) android.fg expire 7 lines
12-24 10:46:52.399  1367  1386 I chatty  : uid=1000(system) batterystats-wo expire 1 line
12-24 10:46:53.871  1367 13576 I chatty  : uid=1000 system_server expire 1 line
12-24 10:50:28.957  1367  2393 I chatty  : uid=1000(system) OPBackgroundThr expire 12 lines
12-24 10:53:27.363  1367 13592 I chatty  : uid=1000 system_server expire 2 lines
12-24 10:53:27.628  1367  3772 I chatty  : uid=1000(system) Binder:1367_10 expire 3 lines
12-24 10:53:28.652  1367 13611 I chatty  : uid=1000 system_server expire 1 line
12-24 10:53:30.891  1367  2340 I chatty  : uid=1000(system) InputReader expire 2 lines
12-24 10:53:30.905  1367  2375 I chatty  : uid=1000(system) ColorBalanceThr expire 7 lines
12-24 10:53:30.946  1367  1485 I chatty  : uid=1000(system) android.display expire 3 lines
12-24 10:53:30.968  1367  8819 I chatty  : uid=1000(system) Binder:1367_1B expire 1 line
12-24 10:53:30.968  1367  1383 I chatty  : uid=1000(system) android.ui expire 4 lines
12-24 10:53:31.003  1298  1329 D QMI_FW  : chen-screen on: is_screen_off = 0 
12-24 10:53:31.008  1280  1333 D QMI_FW  : chen-screen on: is_screen_off = 0 
12-24 10:53:31.052  1367  1367 I chatty  : uid=1000 system_server expire 14 lines
12-24 10:53:31.071  1367  1487 I chatty  : uid=1000(system) PowerManagerSer expire 20 lines
12-24 10:53:31.110  1367  3773 I chatty  : uid=1000(system) Binder:1367_11 expire 8 lines
12-24 10:53:31.190  1367  1382 I chatty  : uid=1000(system) ActivityManager expire 12 lines
12-24 10:53:31.228  1367  2354 I chatty  : uid=1000(system) NetworkPolicy expire 4 lines
12-24 10:53:41.122  1280  1333 D QMI_FW  : chen-screen off: is_screen_off = 1 
12-24 10:53:41.145  1298  1329 D QMI_FW  : chen-screen off: is_screen_off = 1 
12-24 10:53:41.371  1367  1487 I chatty  : uid=1000(system) PowerManagerSer expire 3 lines
12-24 10:53:46.190  1367 13676 I chatty  : uid=1000 system_server expire 2 lines
12-24 10:53:47.489   917  1069 E storaged: getDiskStats failed with result NOT_SUPPORTED and size 0
12-24 10:57:18.900  1367  2331 I chatty  : uid=1000(system) AlarmManager expire 7 lines
12-24 11:11:05.305  1367 13681 I chatty  : uid=1000 system_server expire 1 line
12-24 11:17:37.969  1367  1382 I chatty  : uid=1000(system) ActivityManager expire 33 lines
12-24 11:24:46.788  1367  2331 I chatty  : uid=1000(system) AlarmManager expire 16 lines
12-24 11:26:42.150  1367  1380 I chatty  : uid=1000(system) android.bg expire 1 line
12-24 11:26:42.240  1367  1367 I chatty  : uid=1000 system_server expire 15 lines
12-24 11:26:42.241  1367  7027 I chatty  : uid=1000(system) Binder:1367_1A expire 5 lines
12-24 11:26:42.427  1367  3772 I chatty  : uid=1000(system) Binder:1367_10 expire 8 lines
12-24 11:26:42.428  1367  3183 I chatty  : uid=1000(system) Binder:1367_9 expire 17 lines
12-24 11:26:42.428  1367  2360 I chatty  : uid=1000(system) ConnectivitySer expire 10 lines
12-24 11:26:42.455  1367  3773 I chatty  : uid=1000(system) Binder:1367_11 expire 5 lines
12-24 11:26:42.529  1367  3760 I chatty  : uid=1000(system) Binder:1367_D expire 1 line
12-24 11:26:42.711  1367  1384 I chatty  : uid=1000(system) ActivityManager expire 41 lines
12-24 11:26:43.356  1367  4586 I chatty  : uid=1000(system) Binder:1367_14 expire 4 lines
12-24 11:26:43.359  1367 12463 I chatty  : uid=1000(system) Binder:1367_1D expire 12 lines
12-24 11:26:43.566  1367  1377 I chatty  : uid=1000(system) Binder:1367_1 expire 7 lines
12-24 11:26:43.568  1367  3030 I chatty  : uid=1000(system) Binder:1367_7 expire 7 lines
12-24 11:26:43.946  1367  6994 I chatty  : uid=1000(system) Binder:1367_19 expire 8 lines
12-24 11:26:43.948  1367  2362 I chatty  : uid=1000(system) NsdService expire 3 lines
12-24 11:26:44.656  1367  8819 I chatty  : uid=1000(system) Binder:1367_1B expire 4 lines
12-24 11:26:44.738  1367  4596 I chatty  : uid=1000(system) Binder:1367_17 expire 4 lines
12-24 11:26:45.156 14362 14362 D ActivityThread: Loading provider com.google.android.gm.sapi: com.google.android.gm.sapi.SapiUiProvider
12-24 11:26:46.040  1367  2331 I chatty  : uid=1000(system) AlarmManager expire 12 lines
12-24 11:26:47.232  1367  3106 I chatty  : uid=1000(system) Binder:1367_8 expire 2 lines
12-24 11:26:47.271  1367  3736 I chatty  : uid=1000(system) Binder:1367_C expire 6 lines
12-24 11:26:47.271  1367 11303 I chatty  : uid=1000(system) Binder:1367_1C expire 1 line
12-24 11:26:47.485  1367  3184 I chatty  : uid=1000(system) Binder:1367_A expire 2 lines
12-24 11:26:47.680  1367  2337 I chatty  : uid=1000(system) Binder:1367_3 expire 1 line
12-24 11:26:47.906  1367  2615 I chatty  : uid=1000(system) Binder:1367_5 expire 1 line
12-24 11:26:47.990  1367  4597 I chatty  : uid=1000(system) Binder:1367_18 expire 4 lines
12-24 11:26:48.598  1367  3735 I chatty  : uid=1000(system) Binder:1367_B expire 1 line
12-24 11:26:48.633  1367  3761 I chatty  : uid=1000(system) Binder:1367_E expire 4 lines
12-24 11:26:48.684  1367 12957 I chatty  : uid=1000(system) Binder:1367_1F expire 2 lines
12-24 11:26:49.122  1367 13882 I chatty  : uid=1000(system) Binder:1367_20 expire 1 line
12-24 11:26:49.262  1367 12671 I chatty  : uid=1000(system) Binder:1367_1E expire 3 lines
12-24 11:26:49.613  1367  3769 I chatty  : uid=1000(system) Binder:1367_F expire 1 line
12-24 11:26:49.639  1367  4492 I chatty  : uid=1000(system) Binder:1367_12 expire 3 lines
12-24 11:26:50.088  1367  2710 I chatty  : uid=1000(system) Binder:1367_6 expire 1 line
12-24 11:26:50.111  1367  4585 I chatty  : uid=1000(system) Binder:1367_13 expire 2 lines
12-24 11:26:50.769  1367  2354 I chatty  : uid=1000(system) NetworkPolicy expire 4 lines
12-24 11:26:50.903 15546 16222 E ActivityThread: Failed to find provider info for com.facebook.katana.provider.AttributionIdProvider
12-24 11:26:52.378  1367  1382 I chatty  : uid=1000(system) ActivityManager expire 3 lines
12-24 11:26:52.776  1367  4592 I chatty  : uid=1000(system) Binder:1367_15 expire 1 line
12-24 11:26:53.394  1367  4593 I chatty  : uid=1000(system) Binder:1367_16 expire 1 line
12-24 11:26:53.397  1367  1377 I chatty  : uid=1000(system) Binder:1367_1 expire 10 lines
12-24 11:26:53.562  1367  4592 I chatty  : uid=1000(system) Binder:1367_15 expire 3 lines
12-24 11:26:53.669  1367  1367 I chatty  : uid=1000 system_server expire 10 lines
12-24 11:26:53.788  1367  1384 I chatty  : uid=1000(system) ActivityManager expire 13 lines
12-24 11:26:54.245  1367  2354 I chatty  : uid=1000(system) NetworkPolicy expire 34 lines
12-24 11:26:54.246  1367  1382 I chatty  : uid=1000(system) ActivityManager expire 51 lines
12-24 11:26:55.113  1367  2331 I chatty  : uid=1000(system) AlarmManager expire 26 lines
12-24 11:26:56.668  1367  2360 I chatty  : uid=1000(system) ConnectivitySer expire 4 lines
12-24 11:26:56.946  1367  1386 I chatty  : uid=1000(system) batterystats-wo expire 17 lines
12-24 11:26:57.042  1367 17165 I chatty  : uid=1000 system_server expire 4 lines
12-24 11:27:02.141  1367 17241 I chatty  : uid=1000 system_server expire 2 lines
12-24 11:27:02.365  1367  3106 I chatty  : uid=1000(system) Binder:1367_8 expire 2 lines
12-24 11:27:08.282  1367 17247 I chatty  : uid=1000 system_server expire 1 line
12-24 11:27:08.608  1367  2710 I chatty  : uid=1000(system) Binder:1367_6 expire 6 lines
12-24 11:27:12.659  1367  1380 I chatty  : uid=1000(system) android.bg expire 1 line
12-24 11:27:13.721  1367 17282 I chatty  : uid=1000 system_server expire 1 line
12-24 11:27:14.302  1367  4597 I chatty  : uid=1000(system) Binder:1367_18 expire 1 line
