12-24 07:30:29.831  1367  2354 I chatty  : uid=1000(system) NetworkPolicy expire 22 lines
12-24 07:30:31.619  1367 11303 I chatty  : uid=1000(system) Binder:1367_1C expire 16 lines
12-24 07:30:33.512  1367 12957 I chatty  : uid=1000(system) Binder:1367_1F expire 4 lines
12-24 07:30:37.133   917  1069 E storaged: getDiskStats failed with result NOT_SUPPORTED and size 0
12-24 07:30:39.773  1367  2340 I chatty  : uid=1000(system) InputReader expire 7 lines
12-24 07:30:41.402  1367  4596 I chatty  : uid=1000(system) Binder:1367_17 expire 4 lines
12-24 07:30:41.963  1367 12463 I chatty  : uid=1000(system) Binder:1367_1D expire 10 lines
12-24 07:30:49.279  1367  3760 I chatty  : uid=1000(system) Binder:1367_D expire 12 lines
12-24 07:30:51.899  1367  6994 I chatty  : uid=1000(system) Binder:1367_19 expire 5 lines
12-24 07:31:04.368  1367  1487 I chatty  : uid=1000(system) PowerManagerSer expire 12 lines
12-24 07:31:04.441  1367  2375 I chatty  : uid=1000(system) ColorBalanceThr expire 3 lines
12-24 07:31:04.558  1367  1485 I chatty  : uid=1000(system) android.display expire 1 line
12-24 07:31:04.578  1280  1333 D QMI_FW  : chen-screen off: is_screen_off = 1 
12-24 07:31:04.581  1298  1329 D QMI_FW  : chen-screen off: is_screen_off = 1 
12-24 07:31:04.655  1367  3183 I chatty  : uid=1000(system) Binder:1367_9 expire 5 lines
12-24 07:31:04.798  1367  1367 I chatty  : uid=1000 system_server expire 10 lines
12-24 07:31:04.852  1367  1382 I chatty  : uid=1000(system) ActivityManager expire 16 lines
12-24 07:31:04.852  1367  1483 I chatty  : uid=1000(system) android.fg expire 3 lines
12-24 07:31:05.022  2474  2474 V KeyguardStatusView: refresh statusview showing:true
12-24 07:31:05.032  2474  2474 V KeyguardDisplayManager: show
12-24 07:31:05.033  1367  3761 I chatty  : uid=1000(system) Binder:1367_E expire 1 line
12-24 07:31:05.700  1367  2354 I chatty  : uid=1000(system) NetworkPolicy expire 2 lines
12-24 07:31:09.538  1367  5590 I chatty  : uid=1000 system_server expire 6 lines
12-24 07:31:16.375  1367  5592 I chatty  : uid=1000 system_server expire 4 lines
12-24 07:31:29.983  1367 12463 I chatty  : uid=1000(system) Binder:1367_1D expire 3 lines
12-24 07:31:30.057  1367  1384 I chatty  : uid=1000(system) ActivityManager expire 3 lines
12-24 07:31:30.060  1367  3760 I chatty  : uid=1000(system) Binder:1367_D expire 1 line
12-24 07:31:34.016  1367  1386 I chatty  : uid=1000(system) batterystats-wo expire 3 lines
12-24 07:31:34.074  1367  5777 I chatty  : uid=1000 system_server expire 3 lines
12-24 07:31:37.135   917  1069 E storaged: getDiskStats failed with result NOT_SUPPORTED and size 0
12-24 07:31:40.353  1367  5782 I chatty  : uid=1000 system_server expire 4 lines
12-24 07:31:48.435  1367  5874 I chatty  : uid=1000 system_server expire 4 lines
12-24 07:31:51.529  1367  2615 I chatty  : uid=1000(system) Binder:1367_5 expire 1 line
12-24 07:31:55.934  1367  5897 I chatty  : uid=1000 system_server expire 3 lines
12-24 07:32:00.000  1367  2331 I chatty  : uid=1000(system) AlarmManager expire 3 lines
12-24 07:32:08.455  1367  5914 I chatty  : uid=1000 system_server expire 4 lines
12-24 07:32:10.287  1367  2331 I chatty  : uid=1000(system) AlarmManager expire 5 lines
12-24 07:32:10.334  1367  1384 I chatty  : uid=1000(system) ActivityManager expire 3 lines
12-24 07:32:13.098  1367  2615 I chatty  : uid=1000(system) Binder:1367_5 expire 3 lines
12-24 07:32:13.110  1367  1367 I chatty  : uid=1000 system_server expire 33 lines
12-24 07:32:13.870  1367  2340 I chatty  : uid=1000(system) InputReader expire 7 lines
12-24 07:32:13.872  1367  1487 I chatty  : uid=1000(system) PowerManagerSer expire 33 lines
12-24 07:32:13.872  1367  2375 I chatty  : uid=1000(system) ColorBalanceThr expire 11 lines
12-24 07:32:13.917  1367  1485 I chatty  : uid=1000(system) android.display expire 6 lines
12-24 07:32:13.962  1367 12463 I chatty  : uid=1000(system) Binder:1367_1D expire 3 lines
12-24 07:32:13.962  1367  1383 I chatty  : uid=1000(system) android.ui expire 8 lines
12-24 07:32:13.968  1280  1333 D QMI_FW  : chen-screen on: is_screen_off = 0 
12-24 07:32:13.974  1298  1329 D QMI_FW  : chen-screen on: is_screen_off = 0 
12-24 07:32:14.121  1367  1382 I chatty  : uid=1000(system) ActivityManager expire 12 lines
12-24 07:32:14.183  1367  2354 I chatty  : uid=1000(system) NetworkPolicy expire 6 lines
12-24 07:32:16.201  1367  3761 I chatty  : uid=1000(system) Binder:1367_E expire 6 lines
12-24 07:32:16.268  1367  4592 I chatty  : uid=1000(system) Binder:1367_15 expire 6 lines
12-24 07:32:16.305  2474  2474 V KeyguardDisplayManager: hide
12-24 07:32:16.310  1367  2346 I chatty  : uid=1000(system) OIMC expire 4 lines
12-24 07:32:16.365  1367  6994 I chatty  : uid=1000(system) Binder:1367_19 expire 7 lines
12-24 07:32:16.367  1367  4596 I chatty  : uid=1000(system) Binder:1367_17 expire 4 lines
12-24 07:32:18.193  1367  2369 I chatty  : uid=1000(system) AudioService expire 3 lines
12-24 07:32:19.993  1367  3183 I chatty  : uid=1000(system) Binder:1367_9 expire 8 lines
12-24 07:32:22.720  1280  1333 D QMI_FW  : chen-screen off: is_screen_off = 1 
12-24 07:32:22.733  1298  1329 D QMI_FW  : chen-screen off: is_screen_off = 1 
12-24 07:32:23.000  1367  1483 I chatty  : uid=1000(system) android.fg expire 2 lines
12-24 07:32:23.146  2474  2474 V KeyguardStatusView: refresh statusview showing:true
12-24 07:32:23.156  2474  2474 V KeyguardDisplayManager: show
12-24 07:32:23.683  1367  3735 I chatty  : uid=1000(system) Binder:1367_B expire 4 lines
12-24 07:32:23.686  1367  1367 I chatty  : uid=1000 system_server expire 29 lines
12-24 07:32:24.988  1298  1329 D QMI_FW  : chen-screen on: is_screen_off = 0 
12-24 07:32:24.995  1280  1333 D QMI_FW  : chen-screen on: is_screen_off = 0 
12-24 07:32:25.073  1367  1487 I chatty  : uid=1000(system) PowerManagerSer expire 19 lines
12-24 07:32:25.199  1367  1382 I chatty  : uid=1000(system) ActivityManager expire 9 lines
12-24 07:32:34.985  1367  2375 I chatty  : uid=1000(system) ColorBalanceThr expire 3 lines
12-24 07:32:35.053  1367  1386 I chatty  : uid=1000(system) batterystats-wo expire 1 line
12-24 07:32:35.100  1280  1333 D QMI_FW  : chen-screen off: is_screen_off = 1 
12-24 07:32:35.103  1298  1329 D QMI_FW  : chen-screen off: is_screen_off = 1 
12-24 07:32:35.118  1367  1367 I chatty  : uid=1000 system_server expire 7 lines
12-24 07:32:35.318  1367  1487 I chatty  : uid=1000(system) PowerManagerSer expire 3 lines
12-24 07:32:37.137   917  1069 E storaged: getDiskStats failed with result NOT_SUPPORTED and size 0
12-24 07:32:40.154  1367  6282 I chatty  : uid=1000 system_server expire 6 lines
12-24 07:32:46.612  1367  6284 I chatty  : uid=1000 system_server expire 3 lines
12-24 07:32:47.675  1367 12957 I chatty  : uid=1000(system) Binder:1367_1F expire 11 lines
12-24 07:32:47.849  1367  1367 I chatty  : uid=1000 system_server expire 10 lines
12-24 07:32:47.858  1367  1382 I chatty  : uid=1000(system) ActivityManager expire 23 lines
12-24 07:32:47.868  1367  2897 I chatty  : uid=1000(system) uteStateMachine expire 12 lines
12-24 07:32:47.872  1367  2896 I chatty  : uid=1000(system) BluetoothRouteM expire 1 line
12-24 07:32:47.983  1367  3761 I chatty  : uid=1000(system) Binder:1367_E expire 2 lines
12-24 07:32:50.289  1367  4592 I chatty  : uid=1000(system) Binder:1367_15 expire 5 lines
12-24 07:32:52.434  1367  6313 I chatty  : uid=1000 system_server expire 3 lines
12-24 07:33:01.189  1367  2331 I chatty  : uid=1000(system) AlarmManager expire 15 lines
12-24 07:33:40.345  1367  1384 I chatty  : uid=1000(system) ActivityManager expire 12 lines
12-24 07:33:40.856  1367 11303 I chatty  : uid=1000(system) Binder:1367_1C expire 1 line
12-24 07:33:40.866  1367  4596 I chatty  : uid=1000(system) Binder:1367_17 expire 1 line
12-24 07:33:40.901  1367  6351 I chatty  : uid=1000 system_server expire 8 lines
12-24 07:33:41.272  1367  2362 I chatty  : uid=1000(system) NsdService expire 3 lines
12-24 07:33:46.270  1367  6581 I chatty  : uid=1000 system_server expire 4 lines
12-24 07:33:52.668  1367  6583 I chatty  : uid=1000 system_server expire 4 lines
12-24 07:34:02.049  1367  3735 I chatty  : uid=1000(system) Binder:1367_B expire 1 line
12-24 07:34:21.401  1367  2360 I chatty  : uid=1000(system) ConnectivitySer expire 93 lines
12-24 07:34:21.516   918   918 W wificond: Skip match ssid for pno scan: Hotel Carayou & Spa, Dormero, ATT-WIFI-1571, BuschGardensWiFi, ATT-WIFI-9450, _LAX Free WiFi, Hilton - B-Zone, Telekom, PublicWiFi, itiPublicWiFi, JGM GUESTS, NEXWiFi, att-wifi, CARAYOU Bar, North Suffolk Library, tmobile, simon guest, RDF2, Lowes-Guest-WiFi, 7352CE, ATL Free Wi-Fi, Target Guest Wi-Fi, Boingo Hotspot, FREEWIFIFDF, Wmi 2757, Wmi 0362, Hilton Honors HGI, SAFreeWiFi, FreeWiFi, Hilton Honors HGI Lobby, Hilton Honors , TakeORFwifi, HNL Free WiFi, SUPPERCLUB-PRIVATE, orange, itiFreeWiFi, DeltaSkyClub, metroinfo, @Gap Brands Free Wi-Fi, WIFI_BEN_GURION_AIRPORT, United_Wi-Fi, Fairfield_Guest, FreeWiFi Cardiology, BBC Internet, FreeWiFi 12, CVC-Guest, MIA-WiFi, hhonors, Amazon-1CL, COS-PUBLIC, IHGConnect, Airport-Frankfurt, ALANA, itiPublicWifi, NOAA-GUEST, MallConnect, Starbucks WiFi, IKEA WiFi, Wmi 2143, .AlaMoanaCenter-Free, American Airlines lounge Wi-Fi, AA Inflight, Dilmon_Lounge, LOCGUEST, National Archives I, Breeze_806060, DIGICEL-MBJ-FREEWIFI, FlyDulles, Free D
12-24 07:34:21.516   918   918 I wificond: Pno scan started
12-24 07:34:21.530  1367  1367 I chatty  : uid=1000 system_server expire 5 lines
12-24 07:34:21.531  1367  2354 I chatty  : uid=1000(system) NetworkPolicy expire 16 lines
12-24 07:34:21.572  1367  3772 I chatty  : uid=1000(system) Binder:1367_10 expire 4 lines
12-24 07:34:21.583  4369  4369 W ContextImpl: Calling a method in the system process without a qualified user: android.app.ContextImpl.sendBroadcast:1008 android.content.ContextWrapper.sendBroadcast:444 com.oneplus.security.SecureService$b.onReceive:188 android.app.LoadedApk$ReceiverDispatcher$Args.lambda$getRunnable$0:1424 android.app.-$$Lambda$LoadedApk$ReceiverDispatcher$Args$_BumDX2UKsnxLVrE6UJsJZkotuA.run:2 
12-24 07:34:21.599  4369  4369 W ContextImpl: Calling a method in the system process without a qualified user: android.app.ContextImpl.sendBroadcast:1008 android.content.ContextWrapper.sendBroadcast:444 com.oneplus.security.SecureService$b.onReceive:188 android.app.LoadedApk$ReceiverDispatcher$Args.lambda$getRunnable$0:1424 android.app.-$$Lambda$LoadedApk$ReceiverDispatcher$Args$_BumDX2UKsnxLVrE6UJsJZkotuA.run:2 
12-24 07:34:21.635  4369  4369 I chatty  : uid=1000(system) com.oneplus.security identical 4 lines
12-24 07:34:21.644  4369  4369 W ContextImpl: Calling a method in the system process without a qualified user: android.app.ContextImpl.sendBroadcast:1008 android.content.ContextWrapper.sendBroadcast:444 com.oneplus.security.SecureService$b.onReceive:188 android.app.LoadedApk$ReceiverDispatcher$Args.lambda$getRunnable$0:1424 android.app.-$$Lambda$LoadedApk$ReceiverDispatcher$Args$_BumDX2UKsnxLVrE6UJsJZkotuA.run:2 
12-24 07:34:21.652  1367  3106 I chatty  : uid=1000(system) Binder:1367_8 expire 2 lines
12-24 07:34:21.658  1367  7027 I chatty  : uid=1000(system) Binder:1367_1A expire 1 line
12-24 07:34:21.659  4369  4369 W ContextImpl: Calling a method in the system process without a qualified user: android.app.ContextImpl.sendBroadcast:1008 android.content.ContextWrapper.sendBroadcast:444 com.oneplus.security.SecureService$b.onReceive:188 android.app.LoadedApk$ReceiverDispatcher$Args.lambda$getRunnable$0:1424 android.app.-$$Lambda$LoadedApk$ReceiverDispatcher$Args$_BumDX2UKsnxLVrE6UJsJZkotuA.run:2 
12-24 07:34:21.917  1367  1382 I chatty  : uid=1000(system) ActivityManager expire 12 lines
12-24 07:34:21.934  4369  4369 W ContextImpl: Calling a method in the system process without a qualified user: android.app.ContextImpl.sendBroadcast:1008 android.content.ContextWrapper.sendBroadcast:444 com.oneplus.security.SecureService$b.onReceive:188 android.app.LoadedApk$ReceiverDispatcher$Args.lambda$getRunnable$0:1424 android.app.-$$Lambda$LoadedApk$ReceiverDispatcher$Args$_BumDX2UKsnxLVrE6UJsJZkotuA.run:2 
12-24 07:34:22.061  1367  3183 I chatty  : uid=1000(system) Binder:1367_9 expire 1 line
12-24 07:34:22.080  1367  3030 I chatty  : uid=1000(system) Binder:1367_7 expire 4 lines
12-24 07:34:22.086  4242  4242 W ContextImpl: Calling a method in the system process without a qualified user: android.app.ContextImpl.startService:1549 android.content.ContextWrapper.startService:664 com.oneplus.opbackup.service.BackupService.a:44 com.oneplus.opbackup.receiver.CheckUpdateReceiver.a:197 com.oneplus.opbackup.receiver.NetworkListenerService$a.onReceive:46 
12-24 07:34:22.121  1367  4586 I chatty  : uid=1000(system) Binder:1367_14 expire 1 line
12-24 07:34:22.129  1367  2337 I chatty  : uid=1000(system) Binder:1367_3 expire 3 lines
12-24 07:34:22.130  1367 12957 I chatty  : uid=1000(system) Binder:1367_1F expire 1 line
12-24 07:34:22.131  1367 12463 I chatty  : uid=1000(system) Binder:1367_1D expire 1 line
12-24 07:34:22.137  1367  3760 I chatty  : uid=1000(system) Binder:1367_D expire 4 lines
12-24 07:34:22.241  1367  6935 I chatty  : uid=1000 system_server expire 6 lines
12-24 07:34:22.486  1367  4593 I chatty  : uid=1000(system) Binder:1367_16 expire 4 lines
12-24 07:34:23.104  4369  4537 W ContextImpl: Calling a method in the system process without a qualified user: android.app.ContextImpl.startService:1549 android.content.ContextWrapper.startService:664 com.oneplus.security.firewall.NetworkRestrictService.a:154 com.oneplus.security.receiver.a.e:127 com.oneplus.security.SecureService$a.handleMessage:82 
12-24 07:34:23.522  4369  4369 W ContextImpl: Calling a method in the system process without a qualified user: android.app.ContextImpl.sendBroadcast:1008 android.content.ContextWrapper.sendBroadcast:444 com.oneplus.security.SecureService$b.onReceive:188 android.app.LoadedApk$ReceiverDispatcher$Args.lambda$getRunnable$0:1424 android.app.-$$Lambda$LoadedApk$ReceiverDispatcher$Args$_BumDX2UKsnxLVrE6UJsJZkotuA.run:2 
12-24 07:34:27.501  1367  7017 I chatty  : uid=1000 system_server expire 4 lines
12-24 07:34:40.469  1367  7037 I chatty  : uid=1000 system_server expire 3 lines
12-24 07:34:42.470   917  1069 E storaged: getDiskStats failed with result NOT_SUPPORTED and size 0
12-24 07:34:45.656  1367  2360 I chatty  : uid=1000(system) ConnectivitySer expire 52 lines
12-24 07:34:53.475  1367  7060 I chatty  : uid=1000 system_server expire 2 lines
12-24 07:35:00.837  1367  1382 I chatty  : uid=1000(system) ActivityManager expire 3 lines
12-24 07:35:00.953  1367  2354 I chatty  : uid=1000(system) NetworkPolicy expire 2 lines
12-24 07:35:00.993  1367  3184 I chatty  : uid=1000(system) Binder:1367_A expire 2 lines
12-24 07:35:01.714   918   918 I wificond: Unexpected empty scan result!
12-24 07:35:02.519  1367 12671 I chatty  : uid=1000(system) Binder:1367_1E expire 4 lines
12-24 07:35:03.108  5118  7268 E ActivityThread: Failed to find provider info for com.facebook.katana.provider.AttributionIdProvider
12-24 07:35:04.917  1367  1384 I chatty  : uid=1000(system) ActivityManager expire 8 lines
12-24 07:35:05.110  1367  3184 I chatty  : uid=1000(system) Binder:1367_A expire 12 lines
12-24 07:35:05.186  1367  3772 I chatty  : uid=1000(system) Binder:1367_10 expire 3 lines
12-24 07:35:05.197  1367 12671 I chatty  : uid=1000(system) Binder:1367_1E expire 5 lines
12-24 07:35:05.200  1367  1382 I chatty  : uid=1000(system) ActivityManager expire 21 lines
12-24 07:35:05.568  1367  1386 I chatty  : uid=1000(system) batterystats-wo expire 2 lines
12-24 07:35:05.579  1367  2360 I chatty  : uid=1000(system) ConnectivitySer expire 106 lines
12-24 07:35:05.642  1367  3030 I chatty  : uid=1000(system) Binder:1367_7 expire 6 lines
12-24 07:35:08.276  1367  3769 I chatty  : uid=1000(system) Binder:1367_F expire 5 lines
12-24 07:35:08.288  1367  1367 I chatty  : uid=1000 system_server expire 29 lines
12-24 07:35:10.630  1367  7673 I chatty  : uid=1000 system_server expire 4 lines
12-24 07:35:11.512  1367  1484 I chatty  : uid=1000(system) android.io expire 1 line
12-24 07:35:11.526  1367  7677 I chatty  : uid=1000 system_server expire 2 lines
12-24 07:35:11.578  1367  1487 I chatty  : uid=1000(system) PowerManagerSer expire 13 lines
12-24 07:35:11.579  1367  2375 I chatty  : uid=1000(system) ColorBalanceThr expire 4 lines
12-24 07:35:11.642  1367  4596 I chatty  : uid=1000(system) Binder:1367_17 expire 4 lines
12-24 07:35:11.646  1367  1485 I chatty  : uid=1000(system) android.display expire 12 lines
12-24 07:35:11.652  1367  1383 I chatty  : uid=1000(system) android.ui expire 4 lines
12-24 07:35:11.687  1367  2790 I chatty  : uid=1000(system) mConsumptionDet expire 1 line
12-24 07:35:11.688  1298  1329 D QMI_FW  : chen-screen on: is_screen_off = 0 
12-24 07:35:11.689  1280  1333 D QMI_FW  : chen-screen on: is_screen_off = 0 
12-24 07:35:11.700  1367 12957 I chatty  : uid=1000(system) Binder:1367_1F expire 3 lines
12-24 07:35:11.732  1367  2432 I chatty  : uid=1000(system) Binder:1367_4 expire 10 lines
12-24 07:35:11.758   918   918 I wificond: Pno scan stopped
12-24 07:35:11.790  1367  2332 I chatty  : uid=1000(system) UEventObserver expire 12 lines
12-24 07:35:11.805  1367  1483 I chatty  : uid=1000(system) android.fg expire 20 lines
12-24 07:35:11.970  1367  2354 I chatty  : uid=1000(system) NetworkPolicy expire 2 lines
12-24 07:35:17.841  1367  2710 I chatty  : uid=1000(system) Binder:1367_6 expire 3 lines
12-24 07:35:18.173  1367  4585 I chatty  : uid=1000(system) Binder:1367_13 expire 9 lines
12-24 07:35:18.182  1367  4492 I chatty  : uid=1000(system) Binder:1367_12 expire 3 lines
12-24 07:35:18.657  1367  2346 I chatty  : uid=1000(system) OIMC expire 4 lines
12-24 07:35:19.056  2474  2474 V KeyguardStatusView: refresh statusview showing:true
12-24 07:35:19.058  1367  1367 I chatty  : uid=1000 system_server expire 19 lines
12-24 07:35:19.472  1367  4593 I chatty  : uid=1000(system) Binder:1367_16 expire 2 lines
12-24 07:35:19.988  1367  2331 I chatty  : uid=1000(system) AlarmManager expire 1 line
12-24 07:35:19.995  1367  8819 I chatty  : uid=1000(system) Binder:1367_1B expire 3 lines
12-24 07:35:20.322  1367  1378 I chatty  : uid=1000(system) Binder:1367_2 expire 9 lines
12-24 07:35:20.490  1367  3773 I chatty  : uid=1000(system) Binder:1367_11 expire 1 line
12-24 07:35:20.515  1367  1382 I chatty  : uid=1000(system) ActivityManager expire 4 lines
12-24 07:35:21.092  2474  2474 V KeyguardDisplayManager: hide
12-24 07:35:21.196  1367  2896 I chatty  : uid=1000(system) BluetoothRouteM expire 1 line
12-24 07:35:21.196  1367  2897 I chatty  : uid=1000(system) uteStateMachine expire 10 lines
12-24 07:35:21.390  7953  7953 W FileUtils: Failed to chmod(/data/user/0/com.google.android.projection.gearhead/app_impl): android.system.ErrnoException: chmod failed: EACCES (Permission denied)
12-24 07:35:21.480  1367  1367 I chatty  : uid=1000 system_server expire 43 lines
12-24 07:35:21.482  1367  2346 I chatty  : uid=1000(system) OIMC expire 10 lines
12-24 07:35:21.510  1367  4492 I chatty  : uid=1000(system) Binder:1367_12 expire 1 line
12-24 07:35:21.553  1367  1485 I chatty  : uid=1000(system) android.display expire 8 lines
12-24 07:35:21.589  1367  2314 I chatty  : uid=1000(system) android.anim expire 1 line
12-24 07:35:21.603  1367  3184 I chatty  : uid=1000(system) Binder:1367_A expire 2 lines
12-24 07:35:21.880  1367  2354 I chatty  : uid=1000(system) NetworkPolicy expire 10 lines
12-24 07:35:22.243  1367  3773 I chatty  : uid=1000(system) Binder:1367_11 expire 1 line
12-24 07:35:22.403  1367  2360 I chatty  : uid=1000(system) ConnectivitySer expire 171 lines
12-24 07:35:22.622  1367 12671 I chatty  : uid=1000(system) Binder:1367_1E expire 3 lines
12-24 07:35:22.627  4242  4242 W ContextImpl: Calling a method in the system process without a qualified user: android.app.ContextImpl.startService:1549 android.content.ContextWrapper.startService:664 com.oneplus.opbackup.service.BackupService.a:44 com.oneplus.opbackup.receiver.CheckUpdateReceiver.a:197 com.oneplus.opbackup.receiver.NetworkListenerService$a.onReceive:46 
12-24 07:35:22.738  1367  1384 I chatty  : uid=1000(system) ActivityManager expire 4 lines
12-24 07:35:22.966 25911 25911 E SchedPolicy: set_timerslack_ns write failed: Operation not permitted
12-24 07:35:22.969 25911 25911 I chatty  : uid=10074(net.oneplus.launcher) identical 10 lines
12-24 07:35:22.969 25911 25911 E SchedPolicy: set_timerslack_ns write failed: Operation not permitted
12-24 07:35:22.976  1367  3183 I chatty  : uid=1000(system) Binder:1367_9 expire 1 line
12-24 07:35:23.256   918   918 W wificond: Scan is not started. Ignore abort request
12-24 07:35:23.338 25911 25911 E SchedPolicy: set_timerslack_ns write failed: Operation not permitted
12-24 07:35:23.591  1367  2340 I chatty  : uid=1000(system) InputReader expire 5 lines
12-24 07:35:23.591  1367  1487 I chatty  : uid=1000(system) PowerManagerSer expire 25 lines
12-24 07:35:23.631  1367  3106 I chatty  : uid=1000(system) Binder:1367_8 expire 10 lines
12-24 07:35:23.645  4369  4537 W ContextImpl: Calling a method in the system process without a qualified user: android.app.ContextImpl.startService:1549 android.content.ContextWrapper.startService:664 com.oneplus.security.firewall.NetworkRestrictService.a:154 com.oneplus.security.receiver.a.e:127 com.oneplus.security.SecureService$a.handleMessage:82 
12-24 07:35:23.689  1367  2375 I chatty  : uid=1000(system) ColorBalanceThr expire 7 lines
12-24 07:35:24.001  1367  2331 I chatty  : uid=1000(system) AlarmManager expire 11 lines
12-24 07:35:24.036   918   918 W wificond: Skip match ssid for pno scan: Hotel Carayou & Spa, Dormero, ATT-WIFI-1571, BuschGardensWiFi, ATT-WIFI-9450, _LAX Free WiFi, Hilton - B-Zone, Telekom, PublicWiFi, itiPublicWiFi, JGM GUESTS, NEXWiFi, att-wifi, CARAYOU Bar, North Suffolk Library, tmobile, simon guest, RDF2, Lowes-Guest-WiFi, 7352CE, ATL Free Wi-Fi, Target Guest Wi-Fi, Boingo Hotspot, FREEWIFIFDF, Wmi 2757, Wmi 0362, Hilton Honors HGI, SAFreeWiFi, FreeWiFi, Hilton Honors HGI Lobby, Hilton Honors , TakeORFwifi, HNL Free WiFi, SUPPERCLUB-PRIVATE, orange, itiFreeWiFi, DeltaSkyClub, metroinfo, @Gap Brands Free Wi-Fi, WIFI_BEN_GURION_AIRPORT, United_Wi-Fi, Fairfield_Guest, FreeWiFi Cardiology, BBC Internet, FreeWiFi 12, CVC-Guest, MIA-WiFi, hhonors, Amazon-1CL, COS-PUBLIC, IHGConnect, Airport-Frankfurt, ALANA, itiPublicWifi, NOAA-GUEST, MallConnect, Starbucks WiFi, IKEA WiFi, Wmi 2143, .AlaMoanaCenter-Free, American Airlines lounge Wi-Fi, AA Inflight, Dilmon_Lounge, LOCGUEST, National Archives I, Breeze_806060, DIGICEL-MBJ-FREEWIFI, FlyDulles, Free D
12-24 07:35:24.036   918   918 E wificond: NL80211_CMD_START_SCHED_SCAN failed: Device or resource busy
12-24 07:35:24.036   918   918 E wificond: Failed to start pno scan
12-24 07:35:24.056  1367 13882 I chatty  : uid=1000(system) Binder:1367_20 expire 4 lines
12-24 07:35:24.059  1367  1382 I chatty  : uid=1000(system) ActivityManager expire 14 lines
12-24 07:35:24.143  1367 12463 I chatty  : uid=1000(system) Binder:1367_1D expire 2 lines
12-24 07:35:24.148  2474  2474 V KeyguardStatusView: refresh statusview showing:true
12-24 07:35:24.157  2474  2474 V KeyguardDisplayManager: show
12-24 07:35:24.298   918   918 I wificond: Connect timeout
12-24 07:35:24.315  1367  3736 I chatty  : uid=1000(system) Binder:1367_C expire 1 line
12-24 07:35:26.159  1367  1483 I chatty  : uid=1000(system) android.fg expire 1 line
12-24 07:35:27.221  1367 12957 I chatty  : uid=1000(system) Binder:1367_1F expire 6 lines
12-24 07:35:28.235  1367  3735 I chatty  : uid=1000(system) Binder:1367_B expire 1 line
12-24 07:35:28.437  1367  4596 I chatty  : uid=1000(system) Binder:1367_17 expire 4 lines
12-24 07:35:32.798  1367  1386 I chatty  : uid=1000(system) batterystats-wo expire 3 lines
12-24 07:35:32.831  1367 11303 I chatty  : uid=1000(system) Binder:1367_1C expire 2 lines
12-24 07:35:32.831  1367  1383 I chatty  : uid=1000(system) android.ui expire 4 lines
12-24 07:35:32.965  1367  8819 I chatty  : uid=1000(system) Binder:1367_1B expire 2 lines
12-24 07:35:36.250  1367  2615 I chatty  : uid=1000(system) Binder:1367_5 expire 1 line
12-24 07:35:36.318  1367  4585 I chatty  : uid=1000(system) Binder:1367_13 expire 6 lines
12-24 07:35:36.320  2474  2474 V KeyguardDisplayManager: hide
12-24 07:35:36.324  1367  1382 I chatty  : uid=1000(system) ActivityManager expire 23 lines
12-24 07:35:36.328  1367  1367 I chatty  : uid=1000 system_server expire 14 lines
12-24 07:35:41.691   918   918 I wificond: Connect timeout
12-24 07:35:44.664  1367  2360 I chatty  : uid=1000(system) ConnectivitySer expire 1 line
12-24 07:35:51.928   917  1069 E storaged: getDiskStats failed with result NOT_SUPPORTED and size 0
12-24 07:35:52.778   918   918 I wificond: Connect timeout
12-24 07:35:55.026   918   918 E wificond: NL80211_CMD_TRIGGER_SCAN failed: Device or resource busy
12-24 07:36:00.794  1367  4592 I chatty  : uid=1000(system) Binder:1367_15 expire 2 lines
12-24 07:36:00.813  1367  1382 I chatty  : uid=1000(system) ActivityManager expire 1 line
12-24 07:36:00.922  1367  4586 I chatty  : uid=1000(system) Binder:1367_14 expire 1 line
12-24 07:36:03.564  1367  2354 I chatty  : uid=1000(system) NetworkPolicy expire 16 lines
12-24 07:36:03.863  1367  1384 I chatty  : uid=1000(system) ActivityManager expire 22 lines
12-24 07:36:06.887  1367  4592 I chatty  : uid=1000(system) Binder:1367_15 expire 11 lines
12-24 07:36:06.910  1367  1382 I chatty  : uid=1000(system) ActivityManager expire 24 lines
12-24 07:36:06.985  1367  2360 I chatty  : uid=1000(system) ConnectivitySer expire 116 lines
12-24 07:36:07.155  1367  3773 I chatty  : uid=1000(system) Binder:1367_11 expire 8 lines
12-24 07:36:07.902  1367  1367 I chatty  : uid=1000 system_server expire 12 lines
12-24 07:36:08.039  1367  4492 I chatty  : uid=1000(system) Binder:1367_12 expire 3 lines
12-24 07:36:08.040  1367  4586 I chatty  : uid=1000(system) Binder:1367_14 expire 2 lines
12-24 07:36:09.241  1367  2710 I chatty  : uid=1000(system) Binder:1367_6 expire 6 lines
12-24 07:36:09.273  1367  3761 I chatty  : uid=1000(system) Binder:1367_E expire 8 lines
12-24 07:36:11.267  1367  4593 I chatty  : uid=1000(system) Binder:1367_16 expire 9 lines
12-24 07:36:12.709  1367  2340 I chatty  : uid=1000(system) InputReader expire 3 lines
12-24 07:36:12.710  1367  1487 I chatty  : uid=1000(system) PowerManagerSer expire 12 lines
12-24 07:36:12.781  1367  2375 I chatty  : uid=1000(system) ColorBalanceThr expire 3 lines
12-24 07:36:12.825  1367  1485 I chatty  : uid=1000(system) android.display expire 2 lines
12-24 07:36:13.066  1367  4597 I chatty  : uid=1000(system) Binder:1367_18 expire 8 lines
12-24 07:36:13.116   918   918 W wificond: Skip match ssid for pno scan: Hotel Carayou & Spa, Dormero, ATT-WIFI-1571, BuschGardensWiFi, ATT-WIFI-9450, _LAX Free WiFi, Hilton - B-Zone, Telekom, PublicWiFi, itiPublicWiFi, JGM GUESTS, NEXWiFi, att-wifi, CARAYOU Bar, North Suffolk Library, tmobile, simon guest, RDF2, Lowes-Guest-WiFi, 7352CE, ATL Free Wi-Fi, Target Guest Wi-Fi, Boingo Hotspot, FREEWIFIFDF, Wmi 2757, Wmi 0362, Hilton Honors HGI, SAFreeWiFi, FreeWiFi, Hilton Honors HGI Lobby, Hilton Honors , TakeORFwifi, HNL Free WiFi, SUPPERCLUB-PRIVATE, orange, itiFreeWiFi, DeltaSkyClub, metroinfo, @Gap Brands Free Wi-Fi, WIFI_BEN_GURION_AIRPORT, United_Wi-Fi, Fairfield_Guest, FreeWiFi Cardiology, BBC Internet, FreeWiFi 12, CVC-Guest, MIA-WiFi, hhonors, Amazon-1CL, COS-PUBLIC, IHGConnect, Airport-Frankfurt, ALANA, itiPublicWifi, NOAA-GUEST, MallConnect, Starbucks WiFi, IKEA WiFi, Wmi 2143, .AlaMoanaCenter-Free, American Airlines lounge Wi-Fi, AA Inflight, Dilmon_Lounge, LOCGUEST, National Archives I, Breeze_806060, DIGICEL-MBJ-FREEWIFI, FlyDulles, Free D
12-24 07:36:13.117   918   918 I wificond: Pno scan started
12-24 07:36:13.210  2474  2474 V KeyguardStatusView: refresh statusview showing:true
12-24 07:36:13.215  2474  2474 V KeyguardDisplayManager: show
12-24 07:36:13.236  1367  2331 I chatty  : uid=1000(system) AlarmManager expire 13 lines
12-24 07:36:22.256  1367  4596 I chatty  : uid=1000(system) Binder:1367_17 expire 8 lines
12-24 07:36:28.806  1367  3736 I chatty  : uid=1000(system) Binder:1367_C expire 5 lines
12-24 07:36:32.127  1367  8819 I chatty  : uid=1000(system) Binder:1367_1B expire 2 lines
12-24 07:36:32.961  1367  3030 I chatty  : uid=1000(system) Binder:1367_7 expire 2 lines
12-24 07:36:33.936  1367  4585 I chatty  : uid=1000(system) Binder:1367_13 expire 1 line
12-24 07:36:40.033  1367  2615 I chatty  : uid=1000(system) Binder:1367_5 expire 1 line
12-24 07:36:46.966  1367  3183 I chatty  : uid=1000(system) Binder:1367_9 expire 1 line
12-24 07:36:48.006  1367  3772 I chatty  : uid=1000(system) Binder:1367_10 expire 2 lines
12-24 07:36:48.740  1367  3735 I chatty  : uid=1000(system) Binder:1367_B expire 8 lines
12-24 07:36:50.457   918   918 I wificond: Pno scan stopped
12-24 07:36:50.466  1367  2357 I chatty  : uid=1000(system) WifiStateMachin expire 1 line
12-24 07:36:50.467  1367  2360 I chatty  : uid=1000(system) ConnectivitySer expire 32 lines
12-24 07:36:50.495  1367  1382 I chatty  : uid=1000(system) ActivityManager expire 11 lines
12-24 07:36:51.249  1367  1384 I chatty  : uid=1000(system) ActivityManager expire 5 lines
12-24 07:36:51.929   917  1069 E storaged: getDiskStats failed with result NOT_SUPPORTED and size 0
12-24 07:36:58.638   918   918 W wificond: Skip match ssid for pno scan: Hotel Carayou & Spa, Dormero, ATT-WIFI-1571, BuschGardensWiFi, ATT-WIFI-9450, _LAX Free WiFi, Hilton - B-Zone, Telekom, PublicWiFi, itiPublicWiFi, JGM GUESTS, NEXWiFi, att-wifi, CARAYOU Bar, North Suffolk Library, tmobile, simon guest, RDF2, Lowes-Guest-WiFi, 7352CE, ATL Free Wi-Fi, Target Guest Wi-Fi, Boingo Hotspot, FREEWIFIFDF, Wmi 2757, Wmi 0362, Hilton Honors HGI, SAFreeWiFi, FreeWiFi, Hilton Honors HGI Lobby, Hilton Honors , TakeORFwifi, HNL Free WiFi, SUPPERCLUB-PRIVATE, orange, itiFreeWiFi, DeltaSkyClub, metroinfo, @Gap Brands Free Wi-Fi, WIFI_BEN_GURION_AIRPORT, United_Wi-Fi, Fairfield_Guest, FreeWiFi Cardiology, BBC Internet, FreeWiFi 12, CVC-Guest, MIA-WiFi, hhonors, Amazon-1CL, COS-PUBLIC, IHGConnect, Airport-Frankfurt, ALANA, itiPublicWifi, NOAA-GUEST, MallConnect, Starbucks WiFi, IKEA WiFi, Wmi 2143, .AlaMoanaCenter-Free, American Airlines lounge Wi-Fi, AA Inflight, Dilmon_Lounge, LOCGUEST, National Archives I, Breeze_806060, DIGICEL-MBJ-FREEWIFI, FlyDulles, Free D
12-24 07:36:58.638   918   918 I wificond: Pno scan started
12-24 07:36:58.640  1367  2354 I chatty  : uid=1000(system) NetworkPolicy expire 2 lines
12-24 07:36:59.999  1367  2331 I chatty  : uid=1000(system) AlarmManager expire 9 lines
12-24 07:37:01.122  1367  1367 I chatty  : uid=1000 system_server expire 6 lines
12-24 07:37:51.930   917  1069 E storaged: getDiskStats failed with result NOT_SUPPORTED and size 0
12-24 07:38:08.138  1367  1382 I chatty  : uid=1000(system) ActivityManager expire 7 lines
12-24 07:38:24.077  1367  3760 I chatty  : uid=1000(system) Binder:1367_D expire 2 lines
12-24 07:38:24.530  1367  2360 I chatty  : uid=1000(system) ConnectivitySer expire 167 lines
12-24 07:38:24.655  1367  4596 I chatty  : uid=1000(system) Binder:1367_17 expire 1 line
12-24 07:38:25.935  1367  2615 I chatty  : uid=1000(system) Binder:1367_5 expire 3 lines
12-24 07:38:27.499  1367  1384 I chatty  : uid=1000(system) ActivityManager expire 10 lines
12-24 07:38:30.696  1367  2331 I chatty  : uid=1000(system) AlarmManager expire 11 lines
12-24 07:38:30.992  1367  1382 I chatty  : uid=1000(system) ActivityManager expire 21 lines
12-24 07:38:31.464   918   918 I wificond: Unexpected empty scan result!
12-24 07:38:31.950  1367  3184 I chatty  : uid=1000(system) Binder:1367_A expire 1 line
12-24 07:38:31.950  1367  3735 I chatty  : uid=1000(system) Binder:1367_B expire 4 lines
12-24 07:38:40.798  1367  1367 I chatty  : uid=1000 system_server expire 18 lines
12-24 07:38:51.513   918   918 I wificond: Unexpected empty scan result!
12-24 07:38:51.931   917  1069 E storaged: getDiskStats failed with result NOT_SUPPORTED and size 0
12-24 07:39:11.246  1367  8819 I chatty  : uid=1000(system) Binder:1367_1B expire 3 lines
12-24 07:39:11.248  1367  2360 I chatty  : uid=1000(system) ConnectivitySer expire 85 lines
12-24 07:39:11.361  1367  4592 I chatty  : uid=1000(system) Binder:1367_15 expire 5 lines
12-24 07:39:11.520   918   918 I wificond: Unexpected empty scan result!
12-24 07:39:20.228  1367  4593 I chatty  : uid=1000(system) Binder:1367_16 expire 4 lines
12-24 07:39:27.550  1367 12463 I chatty  : uid=1000(system) Binder:1367_1D expire 6 lines
12-24 07:39:27.605  1367  2332 I chatty  : uid=1000(system) UEventObserver expire 21 lines
12-24 07:39:27.692  1367  3769 I chatty  : uid=1000(system) Binder:1367_F expire 1 line
12-24 07:39:27.723  1367  1483 I chatty  : uid=1000(system) android.fg expire 36 lines
12-24 07:39:27.807  1367 11303 I chatty  : uid=1000(system) Binder:1367_1C expire 2 lines
12-24 07:39:28.705  1367  3761 I chatty  : uid=1000(system) Binder:1367_E expire 8 lines
12-24 07:39:29.554  1367  4597 I chatty  : uid=1000(system) Binder:1367_18 expire 1 line
12-24 07:39:29.602  1367  3760 I chatty  : uid=1000(system) Binder:1367_D expire 1 line
12-24 07:39:29.608  1367  1485 I chatty  : uid=1000(system) android.display expire 3 lines
12-24 07:39:32.667  1367  2338 I chatty  : uid=1000(system) HwBinder:1367_2 expire 1 line
12-24 07:39:32.791  1367  1487 I chatty  : uid=1000(system) PowerManagerSer expire 14 lines
12-24 07:39:32.791  1367  2375 I chatty  : uid=1000(system) ColorBalanceThr expire 4 lines
12-24 07:39:32.810  1367  2432 I chatty  : uid=1000(system) Binder:1367_4 expire 5 lines
12-24 07:39:32.810  1367  1383 I chatty  : uid=1000(system) android.ui expire 5 lines
12-24 07:39:32.828  1367  2790 I chatty  : uid=1000(system) mConsumptionDet expire 1 line
12-24 07:39:32.847  1367  1386 I chatty  : uid=1000(system) batterystats-wo expire 2 lines
12-24 07:39:33.364   918   918 I wificond: Pno scan stopped
12-24 07:39:33.405  1367  1367 I chatty  : uid=1000 system_server expire 8 lines
12-24 07:39:33.589  1367  2354 I chatty  : uid=1000(system) NetworkPolicy expire 2 lines
12-24 07:39:33.915  1367  1484 I chatty  : uid=1000(system) android.io expire 1 line
12-24 07:39:33.922  1367 10856 I chatty  : uid=1000 system_server expire 2 lines
12-24 07:39:34.289  1367  3773 I chatty  : uid=1000(system) Binder:1367_11 expire 1 line
12-24 07:39:34.292  1367  1382 I chatty  : uid=1000(system) ActivityManager expire 28 lines
12-24 07:39:35.726  1367  2337 I chatty  : uid=1000(system) Binder:1367_3 expire 6 lines
12-24 07:39:35.767  1367 12671 I chatty  : uid=1000(system) Binder:1367_1E expire 1 line
12-24 07:39:35.767  1367  2360 I chatty  : uid=1000(system) ConnectivitySer expire 2 lines
12-24 07:39:35.840  1367  3736 I chatty  : uid=1000(system) Binder:1367_C expire 6 lines
12-24 07:39:35.843  1367  1382 I chatty  : uid=1000(system) ActivityManager expire 41 lines
12-24 07:39:35.847  1367  1386 I chatty  : uid=1000(system) batterystats-wo expire 1 line
12-24 07:39:35.865  1367  2338 I chatty  : uid=1000(system) HwBinder:1367_2 expire 1 line
12-24 07:39:35.955  1367  8819 I chatty  : uid=1000(system) Binder:1367_1B expire 2 lines
12-24 07:39:35.955  1367  1367 I chatty  : uid=1000 system_server expire 39 lines
12-24 07:39:36.059  1367  1384 I chatty  : uid=1000(system) ActivityManager expire 10 lines
12-24 07:39:36.061  1367  3761 I chatty  : uid=1000(system) Binder:1367_E expire 5 lines
12-24 07:39:36.399  1367  4585 I chatty  : uid=1000(system) Binder:1367_13 expire 6 lines
12-24 07:39:36.430  1367  6994 I chatty  : uid=1000(system) Binder:1367_19 expire 8 lines
12-24 07:39:36.610  1367  2615 I chatty  : uid=1000(system) Binder:1367_5 expire 1 line
12-24 07:39:36.720 25911 25911 E SchedPolicy: set_timerslack_ns write failed: Operation not permitted
12-24 07:39:36.724 25911 25911 I chatty  : uid=10074(net.oneplus.launcher) identical 20 lines
12-24 07:39:36.724 25911 25911 E SchedPolicy: set_timerslack_ns write failed: Operation not permitted
12-24 07:39:36.727  1367  3773 I chatty  : uid=1000(system) Binder:1367_11 expire 4 lines
12-24 07:39:36.740  1367  1483 I chatty  : uid=1000(system) android.fg expire 12 lines
12-24 07:39:37.053 25911 25911 E SchedPolicy: set_timerslack_ns write failed: Operation not permitted
12-24 07:39:37.053  1367  2360 I chatty  : uid=1000(system) ConnectivitySer expire 198 lines
12-24 07:39:37.072  1367  3769 I chatty  : uid=1000(system) Binder:1367_F expire 1 line
12-24 07:39:37.072  1367  4592 I chatty  : uid=1000(system) Binder:1367_15 expire 1 line
12-24 07:39:37.072  1367  2362 I chatty  : uid=1000(system) NsdService expire 2 lines
12-24 07:39:37.106  1367  7027 I chatty  : uid=1000(system) Binder:1367_1A expire 2 lines
12-24 07:39:37.189  1367 13882 I chatty  : uid=1000(system) Binder:1367_20 expire 4 lines
12-24 07:39:37.270  1367  2354 I chatty  : uid=1000(system) NetworkPolicy expire 14 lines
12-24 07:39:37.360  1367  4597 I chatty  : uid=1000(system) Binder:1367_18 expire 2 lines
12-24 07:39:37.925  1367  2331 I chatty  : uid=1000(system) AlarmManager expire 12 lines
12-24 07:39:38.782  1367 11168 I chatty  : uid=1000 system_server expire 2 lines
12-24 07:39:38.785  1367  1484 I chatty  : uid=1000(system) android.io expire 1 line
12-24 07:39:38.857  1367 11303 I chatty  : uid=1000(system) Binder:1367_1C expire 1 line
12-24 07:39:39.033  1367  2332 I chatty  : uid=1000(system) UEventObserver expire 4 lines
12-24 07:39:39.313  1367  4593 I chatty  : uid=1000(system) Binder:1367_16 expire 10 lines
12-24 07:39:39.737  1367  3735 I chatty  : uid=1000(system) Binder:1367_B expire 7 lines
12-24 07:39:39.780  1367  1485 I chatty  : uid=1000(system) android.display expire 14 lines
12-24 07:39:39.890  1367  2346 I chatty  : uid=1000(system) OIMC expire 2 lines
12-24 07:39:39.997  1367 12957 I chatty  : uid=1000(system) Binder:1367_1F expire 7 lines
12-24 07:39:40.683 25911 25911 E SchedPolicy: set_timerslack_ns write failed: Operation not permitted
12-24 07:39:40.686 25911 25911 E SchedPolicy: set_timerslack_ns write failed: Operation not permitted
12-24 07:39:40.926  2474  2474 V KeyguardStatusView: refresh statusview showing:true
12-24 07:39:40.928  1367  3106 I chatty  : uid=1000(system) Binder:1367_8 expire 4 lines
12-24 07:39:41.033 25911 25911 E SchedPolicy: set_timerslack_ns write failed: Operation not permitted
12-24 07:39:41.982  1367  3184 I chatty  : uid=1000(system) Binder:1367_A expire 2 lines
12-24 07:39:42.443 11283 11283 W FileUtils: Failed to chmod(/data/user/0/com.google.android.projection.gearhead/app_impl): android.system.ErrnoException: chmod failed: EACCES (Permission denied)
12-24 07:39:47.741  1367  1487 I chatty  : uid=1000(system) PowerManagerSer expire 4 lines
12-24 07:39:51.936   917  1069 E storaged: getDiskStats failed with result NOT_SUPPORTED and size 0
12-24 07:39:58.279  1367  1367 I chatty  : uid=1000 system_server expire 4 lines
12-24 07:40:10.997 11821 11842 D ActivityThread: Loading provider com.microsoft.intune.common.preferences: com.microsoft.intune.common.settings.implementation.RxPreferencesContentProvider
12-24 07:40:11.350  1367  2360 I chatty  : uid=1000(system) ConnectivitySer expire 61 lines
12-24 07:40:12.470 11804 11957 E ActivityThread: Failed to find provider info for com.facebook.katana.provider.AttributionIdProvider
12-24 07:40:15.212  1367  1382 I chatty  : uid=1000(system) ActivityManager expire 18 lines
12-24 07:40:23.204  1367  2360 I chatty  : uid=1000(system) ConnectivitySer expire 2 lines
12-24 07:40:23.209  1367  1367 I chatty  : uid=1000 system_server expire 10 lines
12-24 07:40:23.244  4242  4242 W ContextImpl: Calling a method in the system process without a qualified user: android.app.ContextImpl.startService:1549 android.content.ContextWrapper.startService:664 com.oneplus.opbackup.service.BackupService.a:44 com.oneplus.opbackup.receiver.CheckUpdateReceiver.a:197 com.oneplus.opbackup.receiver.NetworkListenerService$a.onReceive:46 
12-24 07:40:23.255  1367  4592 I chatty  : uid=1000(system) Binder:1367_15 expire 2 lines
12-24 07:40:23.255  1367  2354 I chatty  : uid=1000(system) NetworkPolicy expire 10 lines
12-24 07:40:23.278  1367  1384 I chatty  : uid=1000(system) ActivityManager expire 9 lines
12-24 07:40:23.406  1367  2331 I chatty  : uid=1000(system) AlarmManager expire 20 lines
12-24 07:40:23.491  1367 12671 I chatty  : uid=1000(system) Binder:1367_1E expire 2 lines
12-24 07:40:24.266  4369  4537 W ContextImpl: Calling a method in the system process without a qualified user: android.app.ContextImpl.startService:1549 android.content.ContextWrapper.startService:664 com.oneplus.security.firewall.NetworkRestrictService.a:154 com.oneplus.security.receiver.a.e:127 com.oneplus.security.SecureService$a.handleMessage:82 
12-24 07:40:24.277  1367  3772 I chatty  : uid=1000(system) Binder:1367_10 expire 1 line
12-24 07:40:32.441  1367  4597 I chatty  : uid=1000(system) Binder:1367_18 expire 2 lines
12-24 07:40:44.622  1367  3183 I chatty  : uid=1000(system) Binder:1367_9 expire 4 lines
12-24 07:40:51.937   917  1069 E storaged: getDiskStats failed with result NOT_SUPPORTED and size 0
12-24 07:41:24.698  1367  1382 I chatty  : uid=1000(system) ActivityManager expire 16 lines
12-24 07:41:25.194  1367  3184 I chatty  : uid=1000(system) Binder:1367_A expire 6 lines
12-24 07:41:51.940   917  1069 E storaged: getDiskStats failed with result NOT_SUPPORTED and size 0
12-24 07:42:00.000  1367  2331 I chatty  : uid=1000(system) AlarmManager expire 12 lines
12-24 07:42:05.886  1367  1386 I chatty  : uid=1000(system) batterystats-wo expire 10 lines
12-24 07:42:17.322  1367  6994 I chatty  : uid=1000(system) Binder:1367_19 expire 1 line
12-24 07:42:36.010  1367  4593 I chatty  : uid=1000(system) Binder:1367_16 expire 2 lines
12-24 07:42:51.940   917  1069 E storaged: getDiskStats failed with result NOT_SUPPORTED and size 0
12-24 07:43:00.000  1367  2331 I chatty  : uid=1000(system) AlarmManager expire 17 lines
12-24 07:43:05.858  1367  1382 I chatty  : uid=1000(system) ActivityManager expire 10 lines
12-24 07:43:06.116  1367  1367 I chatty  : uid=1000 system_server expire 14 lines
12-24 07:43:06.221  1367  3106 I chatty  : uid=1000(system) Binder:1367_8 expire 1 line
12-24 07:43:08.821  1367  3769 I chatty  : uid=1000(system) Binder:1367_F expire 10 lines
12-24 07:43:09.114  1367  1487 I chatty  : uid=1000(system) PowerManagerSer expire 12 lines
12-24 07:43:25.291  1367  2354 I chatty  : uid=1000(system) NetworkPolicy expire 10 lines
12-24 07:43:50.311  1367  4585 I chatty  : uid=1000(system) Binder:1367_13 expire 1 line
12-24 07:43:51.942   917  1069 E storaged: getDiskStats failed with result NOT_SUPPORTED and size 0
12-24 07:44:25.348  1367  2354 I chatty  : uid=1000(system) NetworkPolicy expire 4 lines
12-24 07:44:51.943   917  1069 E storaged: getDiskStats failed with result NOT_SUPPORTED and size 0
12-24 07:45:00.000  1367  2331 I chatty  : uid=1000(system) AlarmManager expire 1 line
12-24 07:45:04.039  1367  3736 I chatty  : uid=1000(system) Binder:1367_C expire 1 line
12-24 07:45:04.052  1367 12957 I chatty  : uid=1000(system) Binder:1367_1F expire 3 lines
12-24 07:45:04.129  1367  1382 I chatty  : uid=1000(system) ActivityManager expire 20 lines
12-24 07:45:04.181  1367  1485 I chatty  : uid=1000(system) android.display expire 2 lines
12-24 07:45:04.188  1367  8819 I chatty  : uid=1000(system) Binder:1367_1B expire 4 lines
12-24 07:45:04.216  1367  3735 I chatty  : uid=1000(system) Binder:1367_B expire 1 line
12-24 07:45:04.398  1367  2332 I chatty  : uid=1000(system) UEventObserver expire 1 line
12-24 07:45:04.400  1367  2318 I chatty  : uid=1000(system) HwBinder:1367_1 expire 1 line
12-24 07:45:04.441  1367  1378 I chatty  : uid=1000(system) Binder:1367_2 expire 3 lines
12-24 07:45:04.479  1367  7027 I chatty  : uid=1000(system) Binder:1367_1A expire 1 line
12-24 07:45:04.510  1367  1386 I chatty  : uid=1000(system) batterystats-wo expire 1 line
12-24 07:45:05.398  1367  1483 I chatty  : uid=1000(system) android.fg expire 11 lines
12-24 07:45:06.265  1367  2432 I chatty  : uid=1000(system) Binder:1367_4 expire 1 line
12-24 07:45:08.966  1367  2897 I chatty  : uid=1000(system) uteStateMachine expire 12 lines
12-24 07:45:08.966  1367  1367 I chatty  : uid=1000 system_server expire 19 lines
12-24 07:45:08.966  1367  2896 I chatty  : uid=1000(system) BluetoothRouteM expire 1 line
12-24 07:45:08.984  1367  1382 I chatty  : uid=1000(system) ActivityManager expire 30 lines
12-24 07:45:09.982  1367  8819 I chatty  : uid=1000(system) Binder:1367_1B expire 4 lines
12-24 07:45:12.700  1367  1487 I chatty  : uid=1000(system) PowerManagerSer expire 20 lines
12-24 07:45:12.898  1367  2340 I chatty  : uid=1000(system) InputReader expire 3 lines
12-24 07:45:13.874  1367  2331 I chatty  : uid=1000(system) AlarmManager expire 8 lines
12-24 07:45:20.340  1367  1384 I chatty  : uid=1000(system) ActivityManager expire 11 lines
12-24 07:45:20.445  1367  4492 I chatty  : uid=1000(system) Binder:1367_12 expire 4 lines
12-24 07:45:20.539  1367  3761 I chatty  : uid=1000(system) Binder:1367_E expire 8 lines
12-24 07:45:20.912  1367  2362 I chatty  : uid=1000(system) NsdService expire 3 lines
12-24 07:45:22.978  1367  2375 I chatty  : uid=1000(system) ColorBalanceThr expire 7 lines
12-24 07:45:23.050  1367  1485 I chatty  : uid=1000(system) android.display expire 3 lines
12-24 07:45:23.080  1298  1329 D QMI_FW  : chen-screen off: is_screen_off = 1 
12-24 07:45:23.092  1367  3106 I chatty  : uid=1000(system) Binder:1367_8 expire 3 lines
12-24 07:45:23.298  1367  1487 I chatty  : uid=1000(system) PowerManagerSer expire 10 lines
12-24 07:45:23.346   918   918 W wificond: Skip match ssid for pno scan: Hotel Carayou & Spa, Dormero, ATT-WIFI-1571, BuschGardensWiFi, ATT-WIFI-9450, _LAX Free WiFi, Hilton - B-Zone, Telekom, PublicWiFi, itiPublicWiFi, JGM GUESTS, NEXWiFi, att-wifi, CARAYOU Bar, North Suffolk Library, tmobile, simon guest, RDF2, Lowes-Guest-WiFi, 7352CE, ATL Free Wi-Fi, Target Guest Wi-Fi, Boingo Hotspot, FREEWIFIFDF, Wmi 2757, Wmi 0362, Hilton Honors HGI, SAFreeWiFi, FreeWiFi, Hilton Honors HGI Lobby, Hilton Honors , TakeORFwifi, HNL Free WiFi, SUPPERCLUB-PRIVATE, orange, itiFreeWiFi, DeltaSkyClub, metroinfo, @Gap Brands Free Wi-Fi, WIFI_BEN_GURION_AIRPORT, United_Wi-Fi, Fairfield_Guest, FreeWiFi Cardiology, BBC Internet, FreeWiFi 12, CVC-Guest, MIA-WiFi, hhonors, Amazon-1CL, COS-PUBLIC, IHGConnect, Airport-Frankfurt, ALANA, itiPublicWifi, NOAA-GUEST, MallConnect, Starbucks WiFi, IKEA WiFi, Wmi 2143, .AlaMoanaCenter-Free, American Airlines lounge Wi-Fi, AA Inflight, Dilmon_Lounge, LOCGUEST, National Archives I, Breeze_806060, DIGICEL-MBJ-FREEWIFI, FlyDulles, Free D
12-24 07:45:23.347   918   918 I wificond: Pno scan started
12-24 07:45:24.376  1367  2354 I chatty  : uid=1000(system) NetworkPolicy expire 14 lines
12-24 07:45:25.076   918   918 I wificond: Pno scan result ready event
12-24 07:45:25.097   918   918 W wificond: Scan is not started. Ignore abort request
12-24 07:45:25.235   918   918 I wificond: Pno scan stopped
12-24 07:45:25.240  1367  2357 I chatty  : uid=1000(system) WifiStateMachin expire 1 line
12-24 07:45:25.240  1367  2360 I chatty  : uid=1000(system) ConnectivitySer expire 76 lines
12-24 07:45:26.460  4369  4369 W ContextImpl: Calling a method in the system process without a qualified user: android.app.ContextImpl.sendBroadcast:1008 android.content.ContextWrapper.sendBroadcast:444 com.oneplus.security.SecureService$b.onReceive:188 android.app.LoadedApk$ReceiverDispatcher$Args.lambda$getRunnable$0:1424 android.app.-$$Lambda$LoadedApk$ReceiverDispatcher$Args$_BumDX2UKsnxLVrE6UJsJZkotuA.run:2 
12-24 07:45:26.466  1367  2432 I chatty  : uid=1000(system) Binder:1367_4 expire 3 lines
12-24 07:45:26.530  1367  4593 I chatty  : uid=1000(system) Binder:1367_16 expire 4 lines
12-24 07:45:26.534  4242  4242 W ContextImpl: Calling a method in the system process without a qualified user: android.app.ContextImpl.startService:1549 android.content.ContextWrapper.startService:664 com.oneplus.opbackup.service.BackupService.a:44 com.oneplus.opbackup.receiver.CheckUpdateReceiver.a:197 com.oneplus.opbackup.receiver.NetworkListenerService$a.onReceive:46 
12-24 07:45:26.556  4242  4242 W ContextImpl: Calling a method in the system process without a qualified user: android.app.ContextImpl.startService:1549 android.content.ContextWrapper.startService:664 com.oneplus.opbackup.service.BackupService.a:44 com.oneplus.opbackup.receiver.CheckUpdateReceiver.a:197 com.oneplus.opbackup.receiver.NetworkListenerService$a.onReceive:46 
12-24 07:45:27.537  4369  4537 W ContextImpl: Calling a method in the system process without a qualified user: android.app.ContextImpl.startService:1549 android.content.ContextWrapper.startService:664 com.oneplus.security.firewall.NetworkRestrictService.a:154 com.oneplus.security.receiver.a.e:127 com.oneplus.security.SecureService$a.handleMessage:82 
12-24 07:45:28.033  1367  3735 I chatty  : uid=1000(system) Binder:1367_B expire 2 lines
12-24 07:45:32.887  1367 13613 I chatty  : uid=1000 system_server expire 3 lines
12-24 07:45:38.563  1280  1333 D QMI_FW  : chen-screen off: is_screen_off = 1 
12-24 07:45:40.600  1367  1386 I chatty  : uid=1000(system) batterystats-wo expire 4 lines
12-24 07:45:40.664  1367 13666 I chatty  : uid=1000 system_server expire 4 lines
12-24 07:45:40.999  1367  3030 I chatty  : uid=1000(system) Binder:1367_7 expire 1 line
12-24 07:45:40.999  1367  2710 I chatty  : uid=1000(system) Binder:1367_6 expire 1 line
12-24 07:45:40.999  1367  3772 I chatty  : uid=1000(system) Binder:1367_10 expire 1 line
12-24 07:45:40.999  1367  2360 I chatty  : uid=1000(system) ConnectivitySer expire 4 lines
12-24 07:45:41.115  1367 12671 I chatty  : uid=1000(system) Binder:1367_1E expire 12 lines
